TAP version 13
# Subtest: E1: the four-clause chain completes in one call
ok 1 - E1: the four-clause chain completes in one call
  ---
  type: 'test'
  ...
# Subtest: E2: max_steps splits the chain; the re-call resumes on clause 3
ok 2 - E2: max_steps splits the chain; the re-call resumes on clause 3
  ---
  type: 'test'
  ...
# Subtest: E3: navigate works from a url binding, offers only url-typed bindings, and bounces no-value on none
ok 3 - E3: navigate works from a url binding, offers only url-typed bindings, and bounces no-value on none
  ---
  type: 'test'
  ...
# Subtest: E4: the delay page waits for Finish and finishes
ok 4 - E4: the delay page waits for Finish and finishes
  ---
  type: 'test'
  ...
# Subtest: E5: the verbatim 549-char t9 goal is not invalid-input through tools/call
ok 5 - E5: the verbatim 549-char t9 goal is not invalid-input through tools/call
  ---
  type: 'test'
  ...
# Subtest: E6: a broken link recovers with back and then opens Form
ok 6 - E6: a broken link recovers with back and then opens Form
  ---
  type: 'test'
  ...
# Subtest: E7: the ready variant waits for Finish without acting while ready is low
ok 7 - E7: the ready variant waits for Finish without acting while ready is low
  ---
  type: 'test'
  ...
# Subtest: E8: scroll_to brings Far away into view and clicks it
ok 8 - E8: scroll_to brings Far away into view and clicks it
  ---
  type: 'test'
  ...
1..8
# tests 8
# suites 0
# pass 8
# fail 0
# cancelled 0
# skipped 0
# todo 0
RUN-TESTS: files=1 tests=8 pass=8 fail=0
RUN-TESTS: chrome sweep (post-run): 0 matching chromes
