TAP version 13
# Subtest: state carries origin and path but no query or fragment
ok 1 - state carries origin and path but no query or fragment
  ---
  type: 'test'
  ...
# Subtest: state never contains a binding value even when page text echoes it
ok 2 - state never contains a binding value even when page text echoes it
  ---
  type: 'test'
  ...
# Subtest: text is cut to max_text_chars
ok 3 - text is cut to max_text_chars
  ---
  type: 'test'
  ...
# Subtest: an oversized state shrinks text first then reports ok false
ok 4 - an oversized state shrinks text first then reports ok false
  ---
  type: 'test'
  ...
# Subtest: log record has exactly the WingmanLogRecord keys
ok 5 - log record has exactly the WingmanLogRecord keys
  ---
  type: 'test'
  ...
# Subtest: log record carries no path, title, label, value or page text
ok 6 - log record carries no path, title, label, value or page text
  ---
  type: 'test'
  ...
1..6
# tests 6
# suites 0
# pass 6
# fail 0
# cancelled 0
# skipped 0
# todo 0
RUN-TESTS: files=1 tests=6 pass=6 fail=0
RUN-TESTS: chrome sweep (post-run): 0 matching chromes
