TAP version 13
# Subtest: leaks a token-tagged chrome on purpose (the runner sweep is the guarantee)
ok 1 - leaks a token-tagged chrome on purpose (the runner sweep is the guarantee)
  ---
  type: 'test'
  ...
1..1
# tests 1
# suites 0
# pass 1
# fail 0
# cancelled 0
# skipped 0
# todo 0
RUN-TESTS: files=1 tests=1 pass=1 fail=0
RUN-TESTS: chrome sweep (post-run): kill pid=7778
RUN-TESTS: chrome sweep (post-run): kill pid=7788
RUN-TESTS: chrome sweep (post-run): kill pid=7789
RUN-TESTS: chrome sweep (post-run): kill pid=7791
RUN-TESTS: chrome sweep (post-run): kill pid=7813
RUN-TESTS: chrome sweep (post-run): kill pid=7826
RUN-TESTS: chrome sweep (post-run): kill pid=7827
RUN-TESTS: chrome sweep (post-run): kill pid=7855
RUN-TESTS: chrome sweep (post-run): kill pid=7856
RUN-TESTS: chrome sweep (post-run): 9 leaked chrome process(es) killed (run token ffbb3329)
