TAP version 13
# Subtest: attaches to the default context and lists the page
ok 1 - attaches to the default context and lists the page
  ---
  type: 'test'
  ...
# Subtest: observe matches the pinned form.html table
ok 2 - observe matches the pinned form.html table
  ---
  type: 'test'
  ...
# Subtest: click Continue writes continued
ok 3 - click Continue writes continued
  ---
  type: 'test'
  ...
# Subtest: fill never leaves the value in observe output
ok 4 - fill never leaves the value in observe output
  ---
  type: 'test'
  ...
# Subtest: dialog is reported and stays open
ok 5 - dialog is reported and stays open
  ---
  type: 'test'
  ...
# Subtest: detach leaves the browser answering
ok 6 - detach leaves the browser answering
  ---
  type: 'test'
  ...
# Subtest: act surfaces an operation failure
ok 7 - act surfaces an operation failure
  ---
  type: 'test'
  ...
# Subtest: attach retries a cold endpoint within its budget
ok 8 - attach retries a cold endpoint within its budget
  ---
  type: 'test'
  ...
1..8
# tests 8
# suites 0
# pass 8
# fail 0
# cancelled 0
# skipped 0
# todo 0
RUN-TESTS: files=1 tests=8 pass=8 fail=0
RUN-TESTS: chrome sweep (post-run): 0 matching chromes
