TAP version 13
# Subtest: leaks a token-tagged chrome on purpose (the runner sweep is the guarantee)
ok 1 - leaks a token-tagged chrome on purpose (the runner sweep is the guarantee)
  ---
  type: 'test'
  ...
1..1
# tests 1
# suites 0
# pass 1
# fail 0
# cancelled 0
# skipped 0
# todo 0
RUN-TESTS: files=1 tests=1 pass=1 fail=0
RUN-TESTS: chrome sweep (post-run): kill pid=7730
RUN-TESTS: chrome sweep (post-run): kill pid=7740
RUN-TESTS: chrome sweep (post-run): kill pid=7741
RUN-TESTS: chrome sweep (post-run): kill pid=7743
RUN-TESTS: chrome sweep (post-run): kill pid=7766
RUN-TESTS: chrome sweep (post-run): kill pid=7779
RUN-TESTS: chrome sweep (post-run): kill pid=7780
RUN-TESTS: chrome sweep (post-run): kill pid=7807
RUN-TESTS: chrome sweep (post-run): kill pid=7808
RUN-TESTS: chrome sweep (post-run): kill pid=7826
RUN-TESTS: chrome sweep (post-run): 10 leaked chrome process(es) killed (run token 6195629f)
