TAP version 13
# Subtest: WINGMAN_CDP_ENDPOINT wins over everything
ok 1 - WINGMAN_CDP_ENDPOINT wins over everything
  ---
  duration_ms: 2.823832
  type: 'test'
  ...
# Subtest: an endpoint env declared by a loaded profile is honoured with source = that name
ok 2 - an endpoint env declared by a loaded profile is honoured with source = that name
  ---
  duration_ms: 0.285044
  type: 'test'
  ...
# Subtest: profile endpoint envs are consulted in load order: the first present wins
ok 3 - profile endpoint envs are consulted in load order: the first present wins
  ---
  duration_ms: 0.124968
  type: 'test'
  ...
# Subtest: an endpoint env no profile declares is ignored: the probe answers instead
ok 4 - an endpoint env no profile declares is ignored: the probe answers instead
  ---
  duration_ms: 0.133742
  type: 'test'
  ...
# Subtest: probe is the fallback
ok 5 - probe is the fallback
  ---
  duration_ms: 0.147087
  type: 'test'
  ...
# Subtest: nothing answering returns null and never launches
ok 6 - nothing answering returns null and never launches
  ---
  duration_ms: 0.109553
  type: 'test'
  ...
1..6
# tests 6
# suites 0
# pass 6
# fail 0
# cancelled 0
# skipped 0
# todo 0
# duration_ms 82.551413
RUN-TESTS: files=1 tests=6 pass=6 fail=0
RUN-TESTS: chrome sweep (post-run): 0 matching chromes
