TAP version 13
# Subtest: attaches to the default context and lists the page
ok 1 - attaches to the default context and lists the page
  ---
  duration_ms: 719.518862
  type: 'test'
  ...
# Subtest: observe matches the pinned form.html table
ok 2 - observe matches the pinned form.html table
  ---
  duration_ms: 654.983161
  type: 'test'
  ...
# Subtest: click Continue writes continued
ok 3 - click Continue writes continued
  ---
  duration_ms: 645.841243
  type: 'test'
  ...
# Subtest: fill never leaves the value in observe output
ok 4 - fill never leaves the value in observe output
  ---
  duration_ms: 859.067519
  type: 'test'
  ...
# Subtest: dialog is reported and stays open
ok 5 - dialog is reported and stays open
  ---
  duration_ms: 14222.14574
  type: 'test'
  ...
# Subtest: detach leaves the browser answering
ok 6 - detach leaves the browser answering
  ---
  duration_ms: 633.309495
  type: 'test'
  ...
# Subtest: act surfaces an operation failure
ok 7 - act surfaces an operation failure
  ---
  duration_ms: 638.2916
  type: 'test'
  ...
# Subtest: answerDialog with no open dialog rejects
ok 8 - answerDialog with no open dialog rejects
  ---
  duration_ms: 641.653215
  type: 'test'
  ...
# Subtest: scroll waits out a wheel-triggered append (r17c)
ok 9 - scroll waits out a wheel-triggered append (r17c)
  ---
  duration_ms: 1263.960738
  type: 'test'
  ...
# Subtest: attach retries a cold endpoint within its budget
ok 10 - attach retries a cold endpoint within its budget
  ---
  duration_ms: 1021.22927
  type: 'test'
  ...
1..10
# tests 10
# suites 0
# pass 10
# fail 0
# cancelled 0
# skipped 0
# todo 0
# duration_ms 21422.340079
RUN-TESTS: files=1 tests=10 pass=10 fail=0
RUN-TESTS: chrome sweep (post-run): 0 matching chromes
