TAP version 13
# Subtest: E1: the four-clause chain completes in one call
ok 1 - E1: the four-clause chain completes in one call
  ---
  type: 'test'
  ...
# Subtest: E2: max_steps splits the chain; the re-call resumes on clause 3
ok 2 - E2: max_steps splits the chain; the re-call resumes on clause 3
  ---
  type: 'test'
  ...
# Subtest: E3: navigate works from a url binding, offers only url-typed bindings, and bounces no-value on none
ok 3 - E3: navigate works from a url binding, offers only url-typed bindings, and bounces no-value on none
  ---
  type: 'test'
  ...
# Subtest: E4: the delay page waits for Finish and finishes
ok 4 - E4: the delay page waits for Finish and finishes
  ---
  type: 'test'
  ...
# Subtest: E5: the verbatim 549-char t9 goal is not invalid-input through tools/call
ok 5 - E5: the verbatim 549-char t9 goal is not invalid-input through tools/call
  ---
  type: 'test'
  ...
# Subtest: E6: a broken link recovers with back and then opens Form
ok 6 - E6: a broken link recovers with back and then opens Form
  ---
  type: 'test'
  ...
# Subtest: E7: the ready variant waits for Finish without acting while ready is low
ok 7 - E7: the ready variant waits for Finish without acting while ready is low
  ---
  type: 'test'
  ...
# Subtest: E8: scroll_to brings Far away into view and clicks it
ok 8 - E8: scroll_to brings Far away into view and clicks it
  ---
  type: 'test'
  ...
# Subtest: E9: a target on the hub page is reached in one call through a supplied start-page address (r13 stuck recover)
ok 9 - E9: a target on the hub page is reached in one call through a supplied start-page address (r13 stuck recover)
  ---
  type: 'test'
  ...
# Subtest: E10: with no url binding the stuck recover goes back to the hub (cdp adapter)
ok 10 - E10: with no url binding the stuck recover goes back to the hub (cdp adapter)
  ---
  type: 'test'
  ...
# Subtest: E11: an open sub-clause whose link click lands advances on the landing, so the next sub-goal is not acted under it (r14)
ok 11 - E11: an open sub-clause whose link click lands advances on the landing, so the next sub-goal is not acted under it (r14)
  ---
  type: 'test'
  ...
# Subtest: E12: a same-address submit that leaves the page not ready ends post-action, and the resume never re-submits (r15)
not ok 12 - E12: a same-address submit that leaves the page not ready ends post-action, and the resume never re-submits (r15)
  ---
  type: 'test'
  failureType: 'testCodeFailure'
  error: |-
    Expected values to be strictly deep-equal:
    + actual - expected
    
      {
        candidates: [],
        step: 'click Retrieve',
    +   why: 'not-ready'
    -   why: 'post-action'
      }
    
  code: 'ERR_ASSERTION'
  name: 'AssertionError'
  expected:
    step: 'click Retrieve'
    why: 'post-action'
    candidates:
  actual:
    step: 'click Retrieve'
    why: 'not-ready'
    candidates:
  operator: 'deepStrictEqual'
  stack: |-
    TestContext.<anonymous> (file:///home/user/jev-browser-wingman/.build/kb-r15/tests/chain-e2e.test.js:826:16)
    process.processTicksAndRejections (node:internal/process/task_queues:105:5)
    async Test.run (node:internal/test_runner/test:1054:7)
    async Test.processPendingSubtests (node:internal/test_runner/test:744:7)
  ...
# Subtest: E13: the recover path never reloads after a same-address submit (r15)
not ok 13 - E13: the recover path never reloads after a same-address submit (r15)
  ---
  type: 'test'
  failureType: 'testCodeFailure'
  error: |-
    reason: step-uncertain
    + actual - expected
    
    + 'fallback'
    - 'error'
    
  code: 'ERR_ASSERTION'
  name: 'AssertionError'
  expected: 'error'
  actual: 'fallback'
  operator: 'strictEqual'
  stack: |-
    TestContext.<anonymous> (file:///home/user/jev-browser-wingman/.build/kb-r15/tests/chain-e2e.test.js:845:16)
    process.processTicksAndRejections (node:internal/process/task_queues:105:5)
    async Test.run (node:internal/test_runner/test:1054:7)
    async Test.processPendingSubtests (node:internal/test_runner/test:744:7)
  ...
1..13
# tests 13
# suites 0
# pass 11
# fail 2
# cancelled 0
# skipped 0
# todo 0
RUN-TESTS: files=1 tests=13 pass=11 fail=2
RUN-TESTS: chrome sweep (post-run): 0 matching chromes
