TAP version 13
# Subtest: leaks a token-tagged chrome on purpose (the runner sweep is the guarantee)
ok 1 - leaks a token-tagged chrome on purpose (the runner sweep is the guarantee)
  ---
  type: 'test'
  ...
1..1
# tests 1
# suites 0
# pass 1
# fail 0
# cancelled 0
# skipped 0
# todo 0
RUN-TESTS: files=1 tests=1 pass=1 fail=0
RUN-TESTS: chrome sweep (post-run): kill pid=7774
RUN-TESTS: chrome sweep (post-run): kill pid=7784
RUN-TESTS: chrome sweep (post-run): kill pid=7785
RUN-TESTS: chrome sweep (post-run): kill pid=7787
RUN-TESTS: chrome sweep (post-run): kill pid=7809
RUN-TESTS: chrome sweep (post-run): kill pid=7822
RUN-TESTS: chrome sweep (post-run): kill pid=7823
RUN-TESTS: chrome sweep (post-run): kill pid=7851
RUN-TESTS: chrome sweep (post-run): kill pid=7852
RUN-TESTS: chrome sweep (post-run): 9 leaked chrome process(es) killed (run token 4c856c89)
