TAP version 13
# Subtest: T-nav-nowait: a click that schedules a slow navigation resolves fast and the navigation still completes
ok 1 - T-nav-nowait: a click that schedules a slow navigation resolves fast and the navigation still completes
  ---
  duration_ms: 6649.189906
  type: 'test'
  ...
# Subtest: T-preclick-guard: a forever-loading page holds the click for the full pre-click settle budget, then lands
ok 2 - T-preclick-guard: a forever-loading page holds the click for the full pre-click settle budget, then lands
  ---
  duration_ms: 4230.774049
  type: 'test'
  ...
# Subtest: T-preclick-fastpath: an already-loaded page pays one eval, not a settle
ok 3 - T-preclick-fastpath: an already-loaded page pays one eval, not a settle
  ---
  duration_ms: 241.669042
  type: 'test'
  ...
# Subtest: T-cdp-preclick: the CDP driver holds the same guard on a forever-loading page, then lands
ok 4 - T-cdp-preclick: the CDP driver holds the same guard on a forever-loading page, then lands
  ---
  duration_ms: 5124.346748
  type: 'test'
  ...
# Subtest: T-wait-growth: a wait act exits early when delayed content lands, and the content is then visible
ok 5 - T-wait-growth: a wait act exits early when delayed content lands, and the content is then visible
  ---
  duration_ms: 1965.357604
  type: 'test'
  ...
# Subtest: T-wait-static: a wait act on a never-changing page pays the full bounded budget
ok 6 - T-wait-static: a wait act on a never-changing page pays the full bounded budget
  ---
  duration_ms: 3220.1712
  type: 'test'
  ...
1..6
# tests 6
# suites 0
# pass 6
# fail 0
# cancelled 0
# skipped 0
# todo 0
# duration_ms 43593.342705
RUN-TESTS: files=1 tests=6 pass=6 fail=0
RUN-TESTS: chrome sweep (post-run): 0 matching chromes
