TAP version 13
# Subtest: click Save on pointer-interactive.html ends done and the page logs saved
ok 1 - click Save on pointer-interactive.html ends done and the page logs saved
  ---
  duration_ms: 4038.716248
  type: 'test'
  ...
# Subtest: enumerate lists the decoy divs and roles the real items button (heuristic ACTIVE)
ok 2 - enumerate lists the decoy divs and roles the real items button (heuristic ACTIVE)
  ---
  duration_ms: 195.477367
  type: 'test'
  ...
1..2
# tests 2
# suites 0
# pass 2
# fail 0
# cancelled 0
# skipped 0
# todo 0
# duration_ms 4773.994231
RUN-TESTS: files=1 tests=2 pass=2 fail=0
RUN-TESTS: chrome sweep (post-run): 0 matching chromes
