TAP version 13
# Subtest: T-nav-nowait: a click that schedules a slow navigation resolves fast and the navigation still completes
ok 1 - T-nav-nowait: a click that schedules a slow navigation resolves fast and the navigation still completes
  ---
  duration_ms: 6624.475284
  type: 'test'
  ...
# Subtest: T-preclick-guard: a forever-loading page holds the click for the full pre-click settle budget, then lands
not ok 2 - T-preclick-guard: a forever-loading page holds the click for the full pre-click settle budget, then lands
  ---
  duration_ms: 245.835725
  type: 'test'
  location: '/home/user/jev-browser-wingman/.build/kb-r21/tests/act-nav.test.js:159:1'
  failureType: 'testCodeFailure'
  error: 'click took only 75 ms — the pre-click guard did not poll its budget'
  code: 'ERR_ASSERTION'
  name: 'AssertionError'
  expected: true
  actual: false
  operator: '=='
  stack: |-
    TestContext.<anonymous> (file:///home/user/jev-browser-wingman/.build/kb-r21/tests/act-nav.test.js:166:16)
    async Test.run (node:internal/test_runner/test:1054:7)
    async Test.processPendingSubtests (node:internal/test_runner/test:744:7)
  ...
# Subtest: T-preclick-fastpath: an already-loaded page pays one eval, not a settle
ok 3 - T-preclick-fastpath: an already-loaded page pays one eval, not a settle
  ---
  duration_ms: 230.643546
  type: 'test'
  ...
# Subtest: T-cdp-preclick: the CDP driver holds the same guard on a forever-loading page, then lands
ok 4 - T-cdp-preclick: the CDP driver holds the same guard on a forever-loading page, then lands
  ---
  duration_ms: 9139.045135
  type: 'test'
  ...
# Subtest: T-wait-growth: a wait act exits early when delayed content lands, and the content is then visible
ok 5 - T-wait-growth: a wait act exits early when delayed content lands, and the content is then visible
  ---
  duration_ms: 1964.190995
  type: 'test'
  ...
# Subtest: T-wait-static: a wait act on a never-changing page pays the full bounded budget
ok 6 - T-wait-static: a wait act on a never-changing page pays the full bounded budget
  ---
  duration_ms: 3203.619836
  type: 'test'
  ...
1..6
# tests 6
# suites 0
# pass 5
# fail 1
# cancelled 0
# skipped 0
# todo 0
# duration_ms 43577.24842
RUN-TESTS: files=1 tests=6 pass=5 fail=1
RUN-TESTS: chrome sweep (post-run): 0 matching chromes
