TAP version 13
# Subtest: cross-adapter
    # Subtest: element table for form.html is identical across adapters
    ok 1 - element table for form.html is identical across adapters
      ---
      duration_ms: 769.326638
      type: 'test'
      ...
    # Subtest: element table for styled-controls.html is identical across adapters
    ok 2 - element table for styled-controls.html is identical across adapters
      ---
      duration_ms: 385.326753
      type: 'test'
      ...
    # Subtest: element table for big-select.html is identical across adapters
    ok 3 - element table for big-select.html is identical across adapters
      ---
      duration_ms: 361.606481
      type: 'test'
      ...
    # Subtest: element table for many.html is identical across adapters
    ok 4 - element table for many.html is identical across adapters
      ---
      duration_ms: 432.309136
      type: 'test'
      ...
    1..4
ok 1 - cross-adapter
  ---
  duration_ms: 2794.63913
  type: 'suite'
  ...
# Subtest: playwright
    # Subtest: click writes the expected log text
    ok 1 - click writes the expected log text
      ---
      duration_ms: 392.581413
      type: 'test'
      ...
    # Subtest: fill sets the value
    ok 2 - fill sets the value
      ---
      duration_ms: 390.292973
      type: 'test'
      ...
    # Subtest: select sets the value on big-select.html option v290
    ok 3 - select sets the value on big-select.html option v290
      ---
      duration_ms: 362.630084
      type: 'test'
      ...
    # Subtest: check and uncheck toggle the styled checkbox through its label
    ok 4 - check and uncheck toggle the styled checkbox through its label
      ---
      duration_ms: 446.738215
      type: 'test'
      ...
    # Subtest: press Enter submits form.html
    ok 5 - press Enter submits form.html
      ---
      duration_ms: 265.921843
      type: 'test'
      ...
    # Subtest: scroll moves many.html down
    ok 6 - scroll moves many.html down
      ---
      duration_ms: 260.008511
      type: 'test'
      ...
    # Subtest: settle waits out delayed navigation within 3000 ms
    ok 7 - settle waits out delayed navigation within 3000 ms
      ---
      duration_ms: 1401.962019
      type: 'test'
      ...
    # Subtest: settle picks up the SPA items
    ok 8 - settle picks up the SPA items
      ---
      duration_ms: 1136.993794
      type: 'test'
      ...
    # Subtest: dialog is reported and never answered
    ok 9 - dialog is reported and never answered
      ---
      duration_ms: 5515.011406
      type: 'test'
      ...
    # Subtest: covered target raises CoveredTargetError
    ok 10 - covered target raises CoveredTargetError
      ---
      duration_ms: 211.254672
      type: 'test'
      ...
    # Subtest: stale element raises StaleElementError
    ok 11 - stale element raises StaleElementError
      ---
      duration_ms: 209.373926
      type: 'test'
      ...
    # Subtest: detach leaves no residue and never closes the browser
    ok 12 - detach leaves no residue and never closes the browser
      ---
      duration_ms: 190.555015
      type: 'test'
      ...
    1..12
ok 2 - playwright
  ---
  duration_ms: 11506.338703
  type: 'suite'
  ...
# Subtest: cdp
    # Subtest: click writes the expected log text
    ok 1 - click writes the expected log text
      ---
      duration_ms: 201.951489
      type: 'test'
      ...
    # Subtest: fill sets the value
    ok 2 - fill sets the value
      ---
      duration_ms: 203.680215
      type: 'test'
      ...
    # Subtest: select sets the value on big-select.html option v290
    ok 3 - select sets the value on big-select.html option v290
      ---
      duration_ms: 159.662328
      type: 'test'
      ...
    # Subtest: check and uncheck toggle the styled checkbox through its label
    ok 4 - check and uncheck toggle the styled checkbox through its label
      ---
      duration_ms: 231.360061
      type: 'test'
      ...
    # Subtest: press Enter submits form.html
    ok 5 - press Enter submits form.html
      ---
      duration_ms: 153.147222
      type: 'test'
      ...
    # Subtest: scroll moves many.html down
    ok 6 - scroll moves many.html down
      ---
      duration_ms: 199.329159
      type: 'test'
      ...
    # Subtest: settle waits out delayed navigation within 3000 ms
    ok 7 - settle waits out delayed navigation within 3000 ms
      ---
      duration_ms: 1256.162483
      type: 'test'
      ...
    # Subtest: settle picks up the SPA items
    ok 8 - settle picks up the SPA items
      ---
      duration_ms: 983.313992
      type: 'test'
      ...
    # Subtest: dialog is reported and never answered
    ok 9 - dialog is reported and never answered
      ---
      duration_ms: 15415.103955
      type: 'test'
      ...
    # Subtest: covered target raises CoveredTargetError
    ok 10 - covered target raises CoveredTargetError
      ---
      duration_ms: 3211.699949
      type: 'test'
      ...
    # Subtest: stale element raises StaleElementError
    ok 11 - stale element raises StaleElementError
      ---
      duration_ms: 157.638782
      type: 'test'
      ...
    # Subtest: detach leaves no residue and never closes the browser
    ok 12 - detach leaves no residue and never closes the browser
      ---
      duration_ms: 112.553197
      type: 'test'
      ...
    1..12
ok 3 - cdp
  ---
  duration_ms: 23001.82589
  type: 'suite'
  ...
1..3
# tests 28
# suites 3
# pass 28
# fail 0
# cancelled 0
# skipped 0
# todo 0
# duration_ms 38128.588188
RUN-TESTS: files=1 tests=28 pass=28 fail=0
RUN-TESTS: chrome sweep (post-run): 0 matching chromes
