TAP version 13
# Subtest: leaks a token-tagged chrome on purpose (the runner sweep is the guarantee)
ok 1 - leaks a token-tagged chrome on purpose (the runner sweep is the guarantee)
  ---
  duration_ms: 464.541644
  type: 'test'
  ...
1..1
# tests 1
# suites 0
# pass 1
# fail 0
# cancelled 0
# skipped 0
# todo 0
# duration_ms 572.258892
RUN-TESTS: files=1 tests=1 pass=1 fail=0
RUN-TESTS: chrome sweep (post-run): kill pid=9635
RUN-TESTS: chrome sweep (post-run): kill pid=9645
RUN-TESTS: chrome sweep (post-run): kill pid=9646
RUN-TESTS: chrome sweep (post-run): kill pid=9648
RUN-TESTS: chrome sweep (post-run): kill pid=9670
RUN-TESTS: chrome sweep (post-run): kill pid=9683
RUN-TESTS: chrome sweep (post-run): kill pid=9684
RUN-TESTS: chrome sweep (post-run): kill pid=9713
RUN-TESTS: chrome sweep (post-run): kill pid=9714
RUN-TESTS: chrome sweep (post-run): 9 leaked chrome process(es) killed (run token c611fb66)
