TAP version 13
# Subtest: --version prints jev-browser-wingman <package.json version>
ok 1 - --version prints jev-browser-wingman <package.json version>
  ---
  type: 'test'
  ...
# Subtest: an unknown subcommand exits 2
ok 2 - an unknown subcommand exits 2
  ---
  type: 'test'
  ...
# Subtest: run with mode off prints fallback mode-off
ok 3 - run with mode off prints fallback mode-off
  ---
  type: 'test'
  ...
# Subtest: run rejects values on argv
ok 4 - run rejects values on argv
  ---
  type: 'test'
  ...
# Subtest: chrome show dispatches into chrome-cmd (no-browser JSON, not the usage exit)
ok 5 - chrome show dispatches into chrome-cmd (no-browser JSON, not the usage exit)
  ---
  type: 'test'
  ...
# Subtest: guide exits 1 when the contract file is missing
ok 6 - guide exits 1 when the contract file is missing
  ---
  type: 'test'
  ...
1..6
# tests 6
# suites 0
# pass 6
# fail 0
# cancelled 0
# skipped 0
# todo 0
RUN-TESTS: files=1 tests=6 pass=6 fail=0
RUN-TESTS: chrome sweep (post-run): 0 matching chromes
