TAP version 13
# Subtest: leaks a token-tagged chrome on purpose (the runner sweep is the guarantee)
ok 1 - leaks a token-tagged chrome on purpose (the runner sweep is the guarantee)
  ---
  type: 'test'
  ...
1..1
# tests 1
# suites 0
# pass 1
# fail 0
# cancelled 0
# skipped 0
# todo 0
RUN-TESTS: files=1 tests=1 pass=1 fail=0
RUN-TESTS: chrome sweep (post-run): kill pid=8881
RUN-TESTS: chrome sweep (post-run): kill pid=8891
RUN-TESTS: chrome sweep (post-run): kill pid=8892
RUN-TESTS: chrome sweep (post-run): kill pid=8894
RUN-TESTS: chrome sweep (post-run): kill pid=8916
RUN-TESTS: chrome sweep (post-run): kill pid=8929
RUN-TESTS: chrome sweep (post-run): kill pid=8930
RUN-TESTS: chrome sweep (post-run): kill pid=8958
RUN-TESTS: chrome sweep (post-run): kill pid=8959
RUN-TESTS: chrome sweep (post-run): 9 leaked chrome process(es) killed (run token 4341ff49)
