TAP version 13
# Subtest: cross-adapter
    # Subtest: element table for form.html is identical across adapters
    ok 1 - element table for form.html is identical across adapters
      ---
      duration_ms: 349.556235
      type: 'test'
      ...
    # Subtest: element table for styled-controls.html is identical across adapters
    ok 2 - element table for styled-controls.html is identical across adapters
      ---
      duration_ms: 262.872041
      type: 'test'
      ...
    # Subtest: element table for big-select.html is identical across adapters
    ok 3 - element table for big-select.html is identical across adapters
      ---
      duration_ms: 252.618171
      type: 'test'
      ...
    # Subtest: element table for many.html is identical across adapters
    ok 4 - element table for many.html is identical across adapters
      ---
      duration_ms: 295.268446
      type: 'test'
      ...
    1..4
ok 1 - cross-adapter
  ---
  duration_ms: 1740.348489
  type: 'suite'
  ...
# Subtest: playwright
    # Subtest: click writes the expected log text
    ok 1 - click writes the expected log text
      ---
      duration_ms: 284.944478
      type: 'test'
      ...
    # Subtest: fill sets the value
    ok 2 - fill sets the value
      ---
      duration_ms: 239.215612
      type: 'test'
      ...
    # Subtest: select sets the value on big-select.html option v290
    ok 3 - select sets the value on big-select.html option v290
      ---
      duration_ms: 210.722947
      type: 'test'
      ...
    # Subtest: check and uncheck toggle the styled checkbox through its label
    ok 4 - check and uncheck toggle the styled checkbox through its label
      ---
      duration_ms: 316.781649
      type: 'test'
      ...
    # Subtest: press Enter submits form.html
    ok 5 - press Enter submits form.html
      ---
      duration_ms: 217.173056
      type: 'test'
      ...
    # Subtest: scroll moves many.html down
    not ok 6 - scroll moves many.html down
      ---
      duration_ms: 2257.263686
      type: 'test'
      location: '/home/user/jev-browser-wingman/dist/tests/conformance.test.js:220:9'
      failureType: 'testCodeFailure'
      error: 'expected a positive scrollY, got 0'
      code: 'ERR_ASSERTION'
      name: 'AssertionError'
      expected: true
      actual: false
      operator: '=='
      stack: |-
        file:///home/user/jev-browser-wingman/dist/tests/conformance.test.js:234:24
        async withPage (file:///home/user/jev-browser-wingman/dist/tests/conformance.test.js:97:16)
        async TestContext.<anonymous> (file:///home/user/jev-browser-wingman/dist/tests/conformance.test.js:221:13)
        async Test.run (node:internal/test_runner/test:1054:7)
        async Suite.processPendingSubtests (node:internal/test_runner/test:744:7)
      ...
    # Subtest: settle waits out delayed navigation within 3000 ms
    ok 7 - settle waits out delayed navigation within 3000 ms
      ---
      duration_ms: 1373.846621
      type: 'test'
      ...
    # Subtest: settle picks up the SPA items
    ok 8 - settle picks up the SPA items
      ---
      duration_ms: 1073.260857
      type: 'test'
      ...
    # Subtest: dialog is reported and never answered
    ok 9 - dialog is reported and never answered
      ---
      duration_ms: 5484.704438
      type: 'test'
      ...
    # Subtest: covered target raises CoveredTargetError
    ok 10 - covered target raises CoveredTargetError
      ---
      duration_ms: 159.802464
      type: 'test'
      ...
    # Subtest: stale element raises StaleElementError
    ok 11 - stale element raises StaleElementError
      ---
      duration_ms: 155.040158
      type: 'test'
      ...
    # Subtest: detach leaves no residue and never closes the browser
    ok 12 - detach leaves no residue and never closes the browser
      ---
      duration_ms: 158.200709
      type: 'test'
      ...
    1..12
not ok 2 - playwright
  ---
  duration_ms: 12496.121632
  type: 'suite'
  location: '/home/user/jev-browser-wingman/dist/tests/conformance.test.js:170:5'
  failureType: 'subtestsFailed'
  error: '1 subtest failed'
  code: 'ERR_TEST_FAILURE'
  ...
# Subtest: cdp
    # Subtest: click writes the expected log text
    ok 1 - click writes the expected log text
      ---
      duration_ms: 178.361402
      type: 'test'
      ...
    # Subtest: fill sets the value
    ok 2 - fill sets the value
      ---
      duration_ms: 133.660299
      type: 'test'
      ...
    # Subtest: select sets the value on big-select.html option v290
    ok 3 - select sets the value on big-select.html option v290
      ---
      duration_ms: 142.63126
      type: 'test'
      ...
    # Subtest: check and uncheck toggle the styled checkbox through its label
    ok 4 - check and uncheck toggle the styled checkbox through its label
      ---
      duration_ms: 177.905151
      type: 'test'
      ...
    # Subtest: press Enter submits form.html
    ok 5 - press Enter submits form.html
      ---
      duration_ms: 143.474995
      type: 'test'
      ...
    # Subtest: scroll moves many.html down
    not ok 6 - scroll moves many.html down
      ---
      duration_ms: 2228.529906
      type: 'test'
      location: '/home/user/jev-browser-wingman/dist/tests/conformance.test.js:220:9'
      failureType: 'testCodeFailure'
      error: 'expected a positive scrollY, got 0'
      code: 'ERR_ASSERTION'
      name: 'AssertionError'
      expected: true
      actual: false
      operator: '=='
      stack: |-
        file:///home/user/jev-browser-wingman/dist/tests/conformance.test.js:234:24
        async withPage (file:///home/user/jev-browser-wingman/dist/tests/conformance.test.js:97:16)
        async TestContext.<anonymous> (file:///home/user/jev-browser-wingman/dist/tests/conformance.test.js:221:13)
        async Test.run (node:internal/test_runner/test:1054:7)
        async Suite.processPendingSubtests (node:internal/test_runner/test:744:7)
      ...
    # Subtest: settle waits out delayed navigation within 3000 ms
    ok 7 - settle waits out delayed navigation within 3000 ms
      ---
      duration_ms: 1240.949228
      type: 'test'
      ...
    # Subtest: settle picks up the SPA items
    ok 8 - settle picks up the SPA items
      ---
      duration_ms: 945.220693
      type: 'test'
      ...
    # Subtest: dialog is reported and never answered
    ok 9 - dialog is reported and never answered
      ---
      duration_ms: 15392.444054
      type: 'test'
      ...
    # Subtest: covered target raises CoveredTargetError
    ok 10 - covered target raises CoveredTargetError
      ---
      duration_ms: 3169.934479
      type: 'test'
      ...
    # Subtest: stale element raises StaleElementError
    ok 11 - stale element raises StaleElementError
      ---
      duration_ms: 115.500774
      type: 'test'
      ...
    # Subtest: detach leaves no residue and never closes the browser
    ok 12 - detach leaves no residue and never closes the browser
      ---
      duration_ms: 111.971555
      type: 'test'
      ...
    1..12
not ok 3 - cdp
  ---
  duration_ms: 24530.494966
  type: 'suite'
  location: '/home/user/jev-browser-wingman/dist/tests/conformance.test.js:170:5'
  failureType: 'subtestsFailed'
  error: '1 subtest failed'
  code: 'ERR_TEST_FAILURE'
  ...
1..3
# tests 28
# suites 3
# pass 26
# fail 2
# cancelled 0
# skipped 0
# todo 0
# duration_ms 39416.780799
RUN-TESTS: files=1 tests=28 pass=26 fail=2
RUN-TESTS: chrome sweep (post-run): 0 matching chromes
