TAP version 13
# Subtest: T-nav-nowait: a click that schedules a slow navigation resolves fast and the navigation still completes
ok 1 - T-nav-nowait: a click that schedules a slow navigation resolves fast and the navigation still completes
  ---
  duration_ms: 6704.554905
  type: 'test'
  ...
# Subtest: T-preclick-guard: a forever-loading page holds the click for the full pre-click settle budget, then lands
ok 2 - T-preclick-guard: a forever-loading page holds the click for the full pre-click settle budget, then lands
  ---
  duration_ms: 4226.396291
  type: 'test'
  ...
# Subtest: T-preclick-fastpath: an already-loaded page pays one eval, not a settle
ok 3 - T-preclick-fastpath: an already-loaded page pays one eval, not a settle
  ---
  duration_ms: 278.661225
  type: 'test'
  ...
# Subtest: T-cdp-preclick: the CDP driver holds the same guard on a forever-loading page, then lands
ok 4 - T-cdp-preclick: the CDP driver holds the same guard on a forever-loading page, then lands
  ---
  duration_ms: 9124.244363
  type: 'test'
  ...
# Subtest: T-wait-growth: a wait act exits early when delayed content lands, and the content is then visible
ok 5 - T-wait-growth: a wait act exits early when delayed content lands, and the content is then visible
  ---
  duration_ms: 1981.478227
  type: 'test'
  ...
# Subtest: T-wait-static: a wait act on a never-changing page pays the full bounded budget
ok 6 - T-wait-static: a wait act on a never-changing page pays the full bounded budget
  ---
  duration_ms: 3238.176179
  type: 'test'
  ...
# Subtest: T-cdp-wait-growth: the CDP wait act exits early when delayed content lands, and the content is then visible
ok 7 - T-cdp-wait-growth: the CDP wait act exits early when delayed content lands, and the content is then visible
  ---
  duration_ms: 7203.894726
  type: 'test'
  ...
1..7
# tests 7
# suites 0
# pass 7
# fail 0
# cancelled 0
# skipped 0
# todo 0
# duration_ms 68221.700166
RUN-TESTS: files=1 tests=7 pass=7 fail=0
RUN-TESTS: chrome sweep (post-run): 0 matching chromes
