TAP version 13
# Subtest: P1: ambiguous target bounces with candidates, then pick fills and finishes done
ok 1 - P1: ambiguous target bounces with candidates, then pick fills and finishes done
  ---
  duration_ms: 3654.234917
  type: 'test'
  ...
# Subtest: P2: a pick onto an obscured element returns target-covered with no act and no ask
ok 2 - P2: a pick onto an obscured element returns target-covered with no act and no ask
  ---
  duration_ms: 845.25928
  type: 'test'
  ...
1..2
# tests 2
# suites 0
# pass 2
# fail 0
# cancelled 0
# skipped 0
# todo 0
# duration_ms 5457.251053
RUN-TESTS: files=1 tests=2 pass=2 fail=0
RUN-TESTS: chrome sweep (post-run): 0 matching chromes
