TAP version 13
# Subtest: leaks a token-tagged chrome on purpose (the runner sweep is the guarantee)
ok 1 - leaks a token-tagged chrome on purpose (the runner sweep is the guarantee)
  ---
  duration_ms: 429.607776
  type: 'test'
  ...
1..1
# tests 1
# suites 0
# pass 1
# fail 0
# cancelled 0
# skipped 0
# todo 0
# duration_ms 516.209261
RUN-TESTS: files=1 tests=1 pass=1 fail=0
RUN-TESTS: chrome sweep (post-run): kill pid=9449
RUN-TESTS: chrome sweep (post-run): kill pid=9459
RUN-TESTS: chrome sweep (post-run): kill pid=9460
RUN-TESTS: chrome sweep (post-run): kill pid=9462
RUN-TESTS: chrome sweep (post-run): kill pid=9484
RUN-TESTS: chrome sweep (post-run): kill pid=9497
RUN-TESTS: chrome sweep (post-run): kill pid=9498
RUN-TESTS: chrome sweep (post-run): kill pid=9526
RUN-TESTS: chrome sweep (post-run): kill pid=9527
RUN-TESTS: chrome sweep (post-run): 9 leaked chrome process(es) killed (run token f4b5c271)
