TAP version 13
# Subtest: refuses without a cap
ok 1 - refuses without a cap
  ---
  duration_ms: 2.615194
  type: 'test'
  ...
# Subtest: refuses a cap above the operator ceiling
ok 2 - refuses a cap above the operator ceiling
  ---
  duration_ms: 1.277724
  type: 'test'
  ...
# Subtest: refuses without prices
ok 3 - refuses without prices
  ---
  duration_ms: 1.317566
  type: 'test'
  ...
# Subtest: refuses when the phase cap is already spent
ok 4 - refuses when the phase cap is already spent
  ---
  duration_ms: 1.845319
  type: 'test'
  ...
# Subtest: a 0.01 cap stops after the first run
ok 5 - a 0.01 cap stops after the first run
  ---
  duration_ms: 2.739922
  type: 'test'
  ...
# Subtest: a harness without the abort check would run all 27
ok 6 - a harness without the abort check would run all 27
  ---
  duration_ms: 2.781428
  type: 'test'
  ...
# Subtest: the phase cap counts earlier results files
ok 7 - the phase cap counts earlier results files
  ---
  duration_ms: 2.219743
  type: 'test'
  ...
# Subtest: BENCH_MODEL overrides the configured caller model
ok 8 - BENCH_MODEL overrides the configured caller model
  ---
  duration_ms: 1.228102
  type: 'test'
  ...
1..8
# tests 8
# suites 0
# pass 8
# fail 0
# cancelled 0
# skipped 0
# todo 0
# duration_ms 147.538342
RUN-TESTS: files=1 tests=8 pass=8 fail=0
RUN-TESTS: chrome sweep (post-run): 0 matching chromes
