TAP version 13
# Subtest: resolves an http endpoint to the browser websocket
ok 1 - resolves an http endpoint to the browser websocket
  ---
  duration_ms: 601.59813
  type: 'test'
  ...
# Subtest: rejects a command after its timeout
ok 2 - rejects a command after its timeout
  ---
  duration_ms: 669.072109
  type: 'test'
  ...
# Subtest: close rejects pending commands
ok 3 - close rejects pending commands
  ---
  duration_ms: 648.904553
  type: 'test'
  ...
1..3
# tests 3
# suites 0
# pass 3
# fail 0
# cancelled 0
# skipped 0
# todo 0
# duration_ms 2027.123903
RUN-TESTS: files=1 tests=3 pass=3 fail=0
RUN-TESTS: chrome sweep (post-run): 0 matching chromes
