TAP version 13
# Subtest: T1: three clauses act once each and end done with progress {3,3,3}
ok 1 - T1: three clauses act once each and end done with progress {3,3,3}
  ---
  duration_ms: 10.054747
  type: 'test'
  ...
# Subtest: T2: max_steps stops mid-chain with steps_done 2; the re-call resumes on clause 3
ok 2 - T2: max_steps stops mid-chain with steps_done 2; the re-call resumes on clause 3
  ---
  duration_ms: 3.467452
  type: 'test'
  ...
# Subtest: T3: the same goal with changed steps starts at clause 1
ok 3 - T3: the same goal with changed steps starts at clause 1
  ---
  duration_ms: 1.47291
  type: 'test'
  ...
# Subtest: T4: a fresh chain where every clause is already done ends already-done with zero acts
ok 4 - T4: a fresh chain where every clause is already done ends already-done with zero acts
  ---
  duration_ms: 0.791375
  type: 'test'
  ...
# Subtest: T5: a legacy entry whose round-1 done fires twice with zero acts bounces already-done
ok 5 - T5: a legacy entry whose round-1 done fires twice with zero acts bounces already-done
  ---
  duration_ms: 2.068434
  type: 'test'
  ...
# Subtest: T6: a chain non-commit retries once, then bounces with the redacted clause and progress
ok 6 - T6: a chain non-commit retries once, then bounces with the redacted clause and progress
  ---
  duration_ms: 2.254759
  type: 'test'
  ...
# Subtest: T6b: a non-pick chain commit onto an obscured element bounces target-covered with evidence
ok 7 - T6b: a non-pick chain commit onto an obscured element bounces target-covered with evidence
  ---
  duration_ms: 1.114859
  type: 'test'
  ...
# Subtest: T7: every § 5.5.5 forced-table row is exact under forced; optional keeps today’s strings; forced bounces never escalate
ok 8 - T7: every § 5.5.5 forced-table row is exact under forced; optional keeps today’s strings; forced bounces never escalate
  ---
  duration_ms: 9.517742
  type: 'test'
  ...
# Subtest: T8: a pick acts with zero asks, and the chain continues after it
ok 9 - T8: a pick acts with zero asks, and the chain continues after it
  ---
  duration_ms: 0.786334
  type: 'test'
  ...
# Subtest: T8: a multi-match pick returns the unmatched line with both candidates and zero acts
ok 10 - T8: a multi-match pick returns the unmatched line with both candidates and zero acts
  ---
  duration_ms: 0.703841
  type: 'test'
  ...
# Subtest: T8: a pick onto an obscured element returns target-covered
ok 11 - T8: a pick onto an obscured element returns target-covered
  ---
  duration_ms: 0.446724
  type: 'test'
  ...
# Subtest: T8: a pick onto a submit button under gate confirm returns needs_confirmation
ok 12 - T8: a pick onto a submit button under gate confirm returns needs_confirmation
  ---
  duration_ms: 0.767206
  type: 'test'
  ...
# Subtest: T9: navigate acts only from a url-typed binding; other answers bounce no-value with zero navigate acts
ok 13 - T9: navigate acts only from a url-typed binding; other answers bounce no-value with zero navigate acts
  ---
  duration_ms: 4.827346
  type: 'test'
  ...
# Subtest: T9: wingman_do action criteria never contain navigate or back
ok 14 - T9: wingman_do action criteria never contain navigate or back
  ---
  duration_ms: 0.898765
  type: 'test'
  ...
# Subtest: T10: a click on a file input with a path binding converts to upload and acts with the path
ok 15 - T10: a click on a file input with a path binding converts to upload and acts with the path
  ---
  duration_ms: 1.436689
  type: 'test'
  ...
# Subtest: T10: a click on a file input with no path binding is no-value with zero acts
ok 16 - T10: a click on a file input with no path binding is no-value with zero acts
  ---
  duration_ms: 0.502121
  type: 'test'
  ...
# Subtest: T11: chain press acts with the key answer; none or low key bounces low-confidence
ok 17 - T11: chain press acts with the key answer; none or low key bounces low-confidence
  ---
  duration_ms: 1.617558
  type: 'test'
  ...
# Subtest: T11: wingman_do press falls back to Enter on a low key answer
ok 18 - T11: wingman_do press falls back to Enter on a low key answer
  ---
  duration_ms: 0.398891
  type: 'test'
  ...
# Subtest: T12: a chain scroll round with target none acts (null, scroll)
ok 19 - T12: a chain scroll round with target none acts (null, scroll)
  ---
  duration_ms: 0.652004
  type: 'test'
  ...
# Subtest: T13: wait acts leave steps unchanged; the wait after the cap bounces no-match
ok 20 - T13: wait acts leave steps unchanged; the wait after the cap bounces no-match
  ---
  duration_ms: 1.993042
  type: 'test'
  ...
# Subtest: T14: a mid-chain time budget ends budget-time with the correct progress
ok 21 - T14: a mid-chain time budget ends budget-time with the correct progress
  ---
  duration_ms: 0.890708
  type: 'test'
  ...
# Subtest: T15: a two-stage round with a targetless action choice skips request 2
ok 22 - T15: a two-stage round with a targetless action choice skips request 2
  ---
  duration_ms: 0.887109
  type: 'test'
  ...
# Subtest: T16: no binding value appears in the requests or results of chain traffic
ok 23 - T16: no binding value appears in the requests or results of chain traffic
  ---
  duration_ms: 1.35694
  type: 'test'
  ...
# Subtest: T17: the chain log record carries only § 5.1 fields plus progress and acts_by_op
ok 24 - T17: the chain log record carries only § 5.1 fields plus progress and acts_by_op
  ---
  duration_ms: 0.602475
  type: 'test'
  ...
# Subtest: T18: a legacy driver never sees a new verb offered; a pick hover is unsupported-op
ok 25 - T18: a legacy driver never sees a new verb offered; a pick hover is unsupported-op
  ---
  duration_ms: 0.660932
  type: 'test'
  ...
# Subtest: T19: the verbatim 549-char t9 goal with seven steps and numeric values validates
ok 26 - T19: the verbatim 549-char t9 goal with seven steps and numeric values validates
  ---
  duration_ms: 3.526545
  type: 'test'
  ...
# Subtest: T20: every § 5.5.1 validation row reports its exact message
ok 27 - T20: every § 5.5.1 validation row reports its exact message
  ---
  duration_ms: 1.688808
  type: 'test'
  ...
# Subtest: T21: a reached target page ends done, not page-error (legacy and chain)
ok 28 - T21: a reached target page ends done, not page-error (legacy and chain)
  ---
  duration_ms: 1.131504
  type: 'test'
  ...
# Subtest: T22: oversized text is cut; a payload that cannot fit ends state-too-large
ok 29 - T22: oversized text is cut; a payload that cannot fit ends state-too-large
  ---
  duration_ms: 1.0596
  type: 'test'
  ...
# Subtest: T22b: the fixed per-round question overhead alone never triggers state-too-large; state + longest question over the limit still does
ok 30 - T22b: the fixed per-round question overhead alone never triggers state-too-large; state + longest question over the limit still does
  ---
  duration_ms: 1.493911
  type: 'test'
  ...
# Subtest: T23: two consecutive low right_page rounds on one clause bounce wrong-page
ok 31 - T23: two consecutive low right_page rounds on one clause bounce wrong-page
  ---
  duration_ms: 0.805708
  type: 'test'
  ...
# Subtest: T23: right_page low then high does not bounce, and an advance resets the counter
ok 32 - T23: right_page low then high does not bounce, and an advance resets the counter
  ---
  duration_ms: 1.168963
  type: 'test'
  ...
# Subtest: T24: a not-ready round waits without counting a step; three low rounds bounce not-ready
ok 33 - T24: a not-ready round waits without counting a step; three low rounds bounce not-ready
  ---
  duration_ms: 0.610758
  type: 'test'
  ...
# Subtest: T24: ready low then high decides normally
ok 34 - T24: ready low then high decides normally
  ---
  duration_ms: 1.017153
  type: 'test'
  ...
# Subtest: T24: a driver without wait settles instead of acting on a not-ready round
ok 35 - T24: a driver without wait settles instead of acting on a not-ready round
  ---
  duration_ms: 1.507217
  type: 'test'
  ...
# Subtest: T25: recover back, reload, wait and continue act; give-up and a low answer end page-error
ok 36 - T25: recover back, reload, wait and continue act; give-up and a low answer end page-error
  ---
  duration_ms: 2.728291
  type: 'test'
  ...
# Subtest: T25: continue falls through to the normal decision; the cap ends page-error
ok 37 - T25: continue falls through to the normal decision; the cap ends page-error
  ---
  duration_ms: 1.027354
  type: 'test'
  ...
# Subtest: T25: legacy browse_step recovers the same way; wingman_do never asks recover
ok 38 - T25: legacy browse_step recovers the same way; wingman_do never asks recover
  ---
  duration_ms: 0.900055
  type: 'test'
  ...
# Subtest: T26: scroll_to acts on its committed target; a non-committing target scrolls down instead
ok 39 - T26: scroll_to acts on its committed target; a non-committing target scrolls down instead
  ---
  duration_ms: 1.633623
  type: 'test'
  ...
# Subtest: T27: a chain request offers scroll_to, never reload; the offered set intersects driver ops
ok 40 - T27: a chain request offers scroll_to, never reload; the offered set intersects driver ops
  ---
  duration_ms: 0.616115
  type: 'test'
  ...
# Subtest: T28: a browse_step ask on a sensitive page under forced+enforce returns the forced sensitive line with zero asks
ok 41 - T28: a browse_step ask on a sensitive page under forced+enforce returns the forced sensitive line with zero asks
  ---
  duration_ms: 0.589026
  type: 'test'
  ...
# Subtest: T28: a pick acts on the sensitive page with zero asks; the next ask round is sensitive again
ok 42 - T28: a pick acts on the sensitive page with zero asks; the next ask round is sensitive again
  ---
  duration_ms: 0.643861
  type: 'test'
  ...
# Subtest: T28: optional mode keeps SENSITIVE_LINE; forced wingman_do gets the forced line, optional the old one
ok 43 - T28: optional mode keeps SENSITIVE_LINE; forced wingman_do gets the forced line, optional the old one
  ---
  duration_ms: 0.554292
  type: 'test'
  ...
1..43
# tests 43
# suites 0
# pass 43
# fail 0
# cancelled 0
# skipped 0
# todo 0
# duration_ms 232.745313
RUN-TESTS: files=1 tests=43 pass=43 fail=0
RUN-TESTS: chrome sweep (post-run): 0 matching chromes
