TAP version 13
# Subtest: Place order button is type-submit
ok 1 - Place order button is type-submit
  ---
  duration_ms: 1.165212
  type: 'test'
  ...
# Subtest: a button without a type inside a form is type-submit
ok 2 - a button without a type inside a form is type-submit
  ---
  duration_ms: 0.222734
  type: 'test'
  ...
# Subtest: Remove item is a word hit
ok 3 - Remove item is a word hit
  ---
  duration_ms: 1.514382
  type: 'test'
  ...
# Subtest: Continue outside any form is not a hit
ok 4 - Continue outside any form is not a hit
  ---
  duration_ms: 0.358342
  type: 'test'
  ...
# Subtest: Enter in a form field hits enter-in-form
ok 5 - Enter in a form field hits enter-in-form
  ---
  duration_ms: 0.282161
  type: 'test'
  ...
# Subtest: a click inside form id checkout hits form-word
ok 6 - a click inside form id checkout hits form-word
  ---
  duration_ms: 0.127309
  type: 'test'
  ...
# Subtest: scroll never hits
ok 7 - scroll never hits
  ---
  duration_ms: 0.22819
  type: 'test'
  ...
# Subtest: the exempt ops never hit and dblclick still hits on a Delete button
ok 8 - the exempt ops never hit and dblclick still hits on a Delete button
  ---
  duration_ms: 0.220603
  type: 'test'
  ...
# Subtest: fill into a field labelled Send to hits word
ok 9 - fill into a field labelled Send to hits word
  ---
  duration_ms: 0.462458
  type: 'test'
  ...
1..9
# tests 9
# suites 0
# pass 9
# fail 0
# cancelled 0
# skipped 0
# todo 0
# duration_ms 110.029165
RUN-TESTS: files=1 tests=9 pass=9 fail=0
RUN-TESTS: chrome sweep (post-run): 0 matching chromes
