TAP version 13
# Subtest: refuses without a cap
ok 1 - refuses without a cap
  ---
  type: 'test'
  ...
# Subtest: refuses a cap above the operator ceiling
not ok 2 - refuses a cap above the operator ceiling
  ---
  type: 'test'
  failureType: 'testCodeFailure'
  error: |-
    Expected values to be strictly equal:
    
    0 !== 2
    
  code: 'ERR_ASSERTION'
  name: 'AssertionError'
  expected: 2
  actual: 0
  operator: 'strictEqual'
  stack: |-
    TestContext.<anonymous> (file:///home/user/jev-browser-wingman/dist/tests/bench-cap.test.js:119:12)
    async Test.run (node:internal/test_runner/test:1054:7)
    async Test.processPendingSubtests (node:internal/test_runner/test:744:7)
  ...
# Subtest: refuses without prices
ok 3 - refuses without prices
  ---
  type: 'test'
  ...
# Subtest: refuses when the phase cap is already spent
ok 4 - refuses when the phase cap is already spent
  ---
  type: 'test'
  ...
# Subtest: a 0.01 cap stops after the first run
ok 5 - a 0.01 cap stops after the first run
  ---
  type: 'test'
  ...
# Subtest: a harness without the abort check would run all 27
ok 6 - a harness without the abort check would run all 27
  ---
  type: 'test'
  ...
# Subtest: the phase cap counts earlier results files
ok 7 - the phase cap counts earlier results files
  ---
  type: 'test'
  ...
# Subtest: BENCH_MODEL overrides the configured caller model
ok 8 - BENCH_MODEL overrides the configured caller model
  ---
  type: 'test'
  ...
1..8
# tests 8
# suites 0
# pass 7
# fail 1
# cancelled 0
# skipped 0
# todo 0
RUN-TESTS: files=1 tests=8 pass=7 fail=1
RUN-TESTS: chrome sweep (post-run): 0 matching chromes
