TAP version 13
# Subtest: parity
    # Subtest: ADAPTER_OPS.playwright deep-equals ADAPTER_OPS.cdp
    ok 1 - ADAPTER_OPS.playwright deep-equals ADAPTER_OPS.cdp
      ---
      duration_ms: 7.59038
      type: 'test'
      ...
    # Subtest: every declared op has at least one test below (static coverage map)
    ok 2 - every declared op has at least one test below (static coverage map)
      ---
      duration_ms: 0.55171
      type: 'test'
      ...
    # Subtest: ops.html element table is identical across adapters
    ok 3 - ops.html element table is identical across adapters
      ---
      duration_ms: 400.051886
      type: 'test'
      ...
    1..3
ok 1 - parity
  ---
  duration_ms: 1158.257487
  type: 'suite'
  ...
# Subtest: playwright
    # Subtest: O1 hover reveals the hover log
    ok 1 - O1 hover reveals the hover log
      ---
      duration_ms: 279.037093
      type: 'test'
      ...
    # Subtest: O2 dblclick writes the double log
    ok 2 - O2 dblclick writes the double log
      ---
      duration_ms: 271.159346
      type: 'test'
      ...
    # Subtest: O3 press Tab in First moves focus to Second
    ok 3 - O3 press Tab in First moves focus to Second
      ---
      duration_ms: 280.893305
      type: 'test'
      ...
    # Subtest: O4 fill replaces the contenteditable text
    ok 4 - O4 fill replaces the contenteditable text
      ---
      duration_ms: 278.322863
      type: 'test'
      ...
    # Subtest: O5 upload attaches the named file to the file input
    ok 5 - O5 upload attaches the named file to the file input
      ---
      duration_ms: 265.149018
      type: 'test'
      ...
    # Subtest: O6 navigate to form.html then back to ops.html
    ok 6 - O6 navigate to form.html then back to ops.html
      ---
      duration_ms: 207.34129
      type: 'test'
      ...
    # Subtest: O7 navigate rejects a non-http url
    ok 7 - O7 navigate rejects a non-http url
      ---
      duration_ms: 193.738684
      type: 'test'
      ...
    # Subtest: O8 wait sleeps about one second
    ok 8 - O8 wait sleeps about one second
      ---
      duration_ms: 1164.771275
      type: 'test'
      ...
    # Subtest: O9 scroll_up undoes a deep scroll
    ok 9 - O9 scroll_up undoes a deep scroll
      ---
      duration_ms: 389.710101
      type: 'test'
      ...
    # Subtest: O10 scroll moves the page down
    ok 10 - O10 scroll moves the page down
      ---
      duration_ms: 385.761464
      type: 'test'
      ...
    # Subtest: O11 click with a null element rejects
    ok 11 - O11 click with a null element rejects
      ---
      duration_ms: 166.263456
      type: 'test'
      ...
    # Subtest: O12 legacy ops still behave on form.html
    ok 12 - O12 legacy ops still behave on form.html
      ---
      duration_ms: 381.395102
      type: 'test'
      ...
    # Subtest: O12 check and uncheck on styled-controls.html
    ok 13 - O12 check and uncheck on styled-controls.html
      ---
      duration_ms: 314.348175
      type: 'test'
      ...
    # Subtest: O13 scroll_to brings Far away into view and clicks it
    ok 14 - O13 scroll_to brings Far away into view and clicks it
      ---
      duration_ms: 335.20385
      type: 'test'
      ...
    # Subtest: O14 reload resets the page
    ok 15 - O14 reload resets the page
      ---
      duration_ms: 241.783561
      type: 'test'
      ...
    # Subtest: O15 press ShiftTab in Second moves focus back to First
    ok 16 - O15 press ShiftTab in Second moves focus back to First
      ---
      duration_ms: 273.29505
      type: 'test'
      ...
    # Subtest: O16 press Backspace deletes the character before the cursor
    ok 17 - O16 press Backspace deletes the character before the cursor
      ---
      duration_ms: 274.388536
      type: 'test'
      ...
    # Subtest: O18 a click lands after back restores the previous page
    ok 18 - O18 a click lands after back restores the previous page # TODO OPEN-1 (r13): playwright click after a bfcache back timed out 5/5 in r12
      ---
      duration_ms: 460.719709
      type: 'test'
      ...
    # Subtest: O17 press SelectAll then Backspace empties the field
    ok 19 - O17 press SelectAll then Backspace empties the field
      ---
      duration_ms: 297.623531
      type: 'test'
      ...
    # Subtest: O19 targetless press Tab moves focus from First to Second
    ok 20 - O19 targetless press Tab moves focus from First to Second
      ---
      duration_ms: 259.493098
      type: 'test'
      ...
    # Subtest: O20 answerDialog accepts a confirm, then dismisses on a second page
    ok 21 - O20 answerDialog accepts a confirm, then dismisses on a second page
      ---
      duration_ms: 520.641591
      type: 'test'
      ...
    1..21
ok 2 - playwright
  ---
  duration_ms: 7942.559202
  type: 'suite'
  ...
# Subtest: cdp
    # Subtest: O1 hover reveals the hover log
    ok 1 - O1 hover reveals the hover log
      ---
      duration_ms: 177.164916
      type: 'test'
      ...
    # Subtest: O2 dblclick writes the double log
    ok 2 - O2 dblclick writes the double log
      ---
      duration_ms: 129.094876
      type: 'test'
      ...
    # Subtest: O3 press Tab in First moves focus to Second
    ok 3 - O3 press Tab in First moves focus to Second
      ---
      duration_ms: 144.034607
      type: 'test'
      ...
    # Subtest: O4 fill replaces the contenteditable text
    ok 4 - O4 fill replaces the contenteditable text
      ---
      duration_ms: 135.708861
      type: 'test'
      ...
    # Subtest: O5 upload attaches the named file to the file input
    ok 5 - O5 upload attaches the named file to the file input
      ---
      duration_ms: 124.749966
      type: 'test'
      ...
    # Subtest: O6 navigate to form.html then back to ops.html
    ok 6 - O6 navigate to form.html then back to ops.html
      ---
      duration_ms: 151.923183
      type: 'test'
      ...
    # Subtest: O7 navigate rejects a non-http url
    ok 7 - O7 navigate rejects a non-http url
      ---
      duration_ms: 107.262817
      type: 'test'
      ...
    # Subtest: O8 wait sleeps about one second
    ok 8 - O8 wait sleeps about one second
      ---
      duration_ms: 1116.251959
      type: 'test'
      ...
    # Subtest: O9 scroll_up undoes a deep scroll
    ok 9 - O9 scroll_up undoes a deep scroll
      ---
      duration_ms: 353.580466
      type: 'test'
      ...
    # Subtest: O10 scroll moves the page down
    ok 10 - O10 scroll moves the page down
      ---
      duration_ms: 333.380544
      type: 'test'
      ...
    # Subtest: O11 click with a null element rejects
    ok 11 - O11 click with a null element rejects
      ---
      duration_ms: 109.499841
      type: 'test'
      ...
    # Subtest: O12 legacy ops still behave on form.html
    ok 12 - O12 legacy ops still behave on form.html
      ---
      duration_ms: 214.673804
      type: 'test'
      ...
    # Subtest: O12 check and uncheck on styled-controls.html
    ok 13 - O12 check and uncheck on styled-controls.html
      ---
      duration_ms: 154.877682
      type: 'test'
      ...
    # Subtest: O13 scroll_to brings Far away into view and clicks it
    ok 14 - O13 scroll_to brings Far away into view and clicks it
      ---
      duration_ms: 132.707625
      type: 'test'
      ...
    # Subtest: O14 reload resets the page
    ok 15 - O14 reload resets the page
      ---
      duration_ms: 170.331898
      type: 'test'
      ...
    # Subtest: O15 press ShiftTab in Second moves focus back to First
    ok 16 - O15 press ShiftTab in Second moves focus back to First
      ---
      duration_ms: 142.364038
      type: 'test'
      ...
    # Subtest: O16 press Backspace deletes the character before the cursor
    ok 17 - O16 press Backspace deletes the character before the cursor
      ---
      duration_ms: 136.52755
      type: 'test'
      ...
    # Subtest: O18 a click lands after back restores the previous page
    ok 18 - O18 a click lands after back restores the previous page
      ---
      duration_ms: 216.214169
      type: 'test'
      ...
    # Subtest: O17 press SelectAll then Backspace empties the field
    ok 19 - O17 press SelectAll then Backspace empties the field
      ---
      duration_ms: 185.550521
      type: 'test'
      ...
    # Subtest: O19 targetless press Tab moves focus from First to Second
    ok 20 - O19 targetless press Tab moves focus from First to Second
      ---
      duration_ms: 129.626715
      type: 'test'
      ...
    # Subtest: O20 answerDialog accepts a confirm, then dismisses on a second page
    ok 21 - O20 answerDialog accepts a confirm, then dismisses on a second page
      ---
      duration_ms: 20289.87099
      type: 'test'
      ...
    1..21
ok 3 - cdp
  ---
  duration_ms: 25351.162658
  type: 'suite'
  ...
1..3
# tests 45
# suites 3
# pass 44
# fail 0
# cancelled 0
# skipped 0
# todo 1
# duration_ms 35164.269387
RUN-TESTS: files=1 tests=45 pass=44 fail=0
RUN-TESTS: chrome sweep (post-run): 0 matching chromes
