TAP version 13
# Subtest: leaks a token-tagged chrome on purpose (the runner sweep is the guarantee)
ok 1 - leaks a token-tagged chrome on purpose (the runner sweep is the guarantee)
  ---
  duration_ms: 433.586554
  type: 'test'
  ...
1..1
# tests 1
# suites 0
# pass 1
# fail 0
# cancelled 0
# skipped 0
# todo 0
# duration_ms 546.593251
RUN-TESTS: files=1 tests=1 pass=1 fail=0
RUN-TESTS: chrome sweep (post-run): kill pid=8009
RUN-TESTS: chrome sweep (post-run): kill pid=8019
RUN-TESTS: chrome sweep (post-run): kill pid=8020
RUN-TESTS: chrome sweep (post-run): kill pid=8022
RUN-TESTS: chrome sweep (post-run): kill pid=8044
RUN-TESTS: chrome sweep (post-run): kill pid=8057
RUN-TESTS: chrome sweep (post-run): kill pid=8058
RUN-TESTS: chrome sweep (post-run): kill pid=8086
RUN-TESTS: chrome sweep (post-run): kill pid=8087
RUN-TESTS: chrome sweep (post-run): 9 leaked chrome process(es) killed (run token 21a4f39f)
