TAP version 13
# Subtest: true only when the expression returns true
ok 1 - true only when the expression returns true
  ---
  duration_ms: 646.151736
  type: 'test'
  ...
# Subtest: a throwing expression is false
ok 2 - a throwing expression is false
  ---
  duration_ms: 592.5288
  type: 'test'
  ...
1..2
# tests 2
# suites 0
# pass 2
# fail 0
# cancelled 0
# skipped 0
# todo 0
# duration_ms 1343.622161
RUN-TESTS: files=1 tests=2 pass=2 fail=0
RUN-TESTS: chrome sweep (post-run): 0 matching chromes
