TAP version 13
# Subtest: refuses the default user-data dir without spawning
ok 1 - refuses the default user-data dir without spawning
  ---
  duration_ms: 1.609143
  type: 'test'
  ...
# Subtest: refuses when a Chrome holds the profile without a debug port and kills nothing
ok 2 - refuses when a Chrome holds the profile without a debug port and kills nothing
  ---
  duration_ms: 1.434889
  type: 'test'
  ...
# Subtest: refuses when the answering Chrome uses another profile
ok 3 - refuses when the answering Chrome uses another profile
  ---
  duration_ms: 0.358979
  type: 'test'
  ...
# Subtest: reuses an answering Chrome on the same profile without spawning
ok 4 - reuses an answering Chrome on the same profile without spawning
  ---
  duration_ms: 0.32375
  type: 'test'
  ...
# Subtest: spawns with CHROME_ARGS and records the socket owner pid
ok 5 - spawns with CHROME_ARGS and records the socket owner pid
  ---
  duration_ms: 0.668672
  type: 'test'
  ...
# Subtest: a spawn that never answers is killed and the pidfile removed
ok 6 - a spawn that never answers is killed and the pidfile removed
  ---
  duration_ms: 10001.520843
  type: 'test'
  ...
# Subtest: win32 offscreen, normal and minimized launches go through start /min and never spawn chrome directly
ok 7 - win32 offscreen, normal and minimized launches go through start /min and never spawn chrome directly
  ---
  duration_ms: 1.888993
  type: 'test'
  ...
# Subtest: every launch mode passes an explicit --window-position (WP-X)
ok 8 - every launch mode passes an explicit --window-position (WP-X)
  ---
  duration_ms: 0.62888
  type: 'test'
  ...
# Subtest: minimized mode minimises every window of a Chrome it started through Browser.setWindowBounds
ok 9 - minimized mode minimises every window of a Chrome it started through Browser.setWindowBounds
  ---
  duration_ms: 0.218254
  type: 'test'
  ...
# Subtest: offscreen and normal modes never call Browser.setWindowBounds
ok 10 - offscreen and normal modes never call Browser.setWindowBounds
  ---
  duration_ms: 0.731206
  type: 'test'
  ...
# Subtest: headless mode spawns chrome directly with --headless=new and never minimises
ok 11 - headless mode spawns chrome directly with --headless=new and never minimises
  ---
  duration_ms: 0.275447
  type: 'test'
  ...
# Subtest: a reused Chrome is never minimised or activated
ok 12 - a reused Chrome is never minimised or activated
  ---
  duration_ms: 0.333961
  type: 'test'
  ...
# Subtest: darwin launches through open -g -n -a when the binary is inside an app bundle
ok 13 - darwin launches through open -g -n -a when the binary is inside an app bundle
  ---
  duration_ms: 0.392461
  type: 'test'
  ...
# Subtest: stopChrome kills only the pidfile pid with both markers
ok 14 - stopChrome kills only the pidfile pid with both markers
  ---
  duration_ms: 0.537536
  type: 'test'
  ...
# Subtest: stopChrome never sweeps other Chromes on the profile
ok 15 - stopChrome never sweeps other Chromes on the profile
  ---
  duration_ms: 0.484133
  type: 'test'
  ...
# Subtest: CHROME_ARGS equals the PA launcher headed list
ok 16 - CHROME_ARGS equals the PA launcher headed list
  ---
  duration_ms: 0.1086
  type: 'test'
  ...
# Subtest: profileMarkerMatches rejects a sibling dir prefix
ok 17 - profileMarkerMatches rejects a sibling dir prefix
  ---
  duration_ms: 0.163776
  type: 'test'
  ...
# Subtest: profileHolders counts Chrome child processes (--type=) as non-holders (OG-1)
ok 18 - profileHolders counts Chrome child processes (--type=) as non-holders (OG-1)
  ---
  duration_ms: 0.360197
  type: 'test'
  ...
# Subtest: win32 candidates: Chrome first, then Edge, Brave, Chromium, Opera, Vivaldi (exact array)
ok 19 - win32 candidates: Chrome first, then Edge, Brave, Chromium, Opera, Vivaldi (exact array)
  ---
  duration_ms: 0.518408
  type: 'test'
  ...
# Subtest: darwin candidates: Chrome first, then Edge, Brave, Chromium, Opera, Vivaldi (exact array)
ok 20 - darwin candidates: Chrome first, then Edge, Brave, Chromium, Opera, Vivaldi (exact array)
  ---
  duration_ms: 0.081281
  type: 'test'
  ...
# Subtest: linux candidates: Chrome first, then Edge, Brave, Chromium, Opera, Vivaldi (exact array)
ok 21 - linux candidates: Chrome first, then Edge, Brave, Chromium, Opera, Vivaldi (exact array)
  ---
  duration_ms: 0.038977
  type: 'test'
  ...
# Subtest: findChrome falls through to Opera, then Vivaldi, when only they exist
ok 22 - findChrome falls through to Opera, then Vivaldi, when only they exist
  ---
  duration_ms: 0.302389
  type: 'test'
  ...
# Subtest: isDefaultUserDataDir is true for each family default dir per platform (exact inputs)
ok 23 - isDefaultUserDataDir is true for each family default dir per platform (exact inputs)
  ---
  duration_ms: 0.805873
  type: 'test'
  ...
# Subtest: listChromeProcesses Windows command covers the five family executables
not ok 24 - listChromeProcesses Windows command covers the five family executables
  ---
  duration_ms: 1.284746
  type: 'test'
  location: '/home/user/jev-browser-wingman/dist-kb-PROC/tests/chrome.test.js:486:1'
  failureType: 'testCodeFailure'
  error: "missing Name='chrome.exe' in: ps -ax -o pid=,command="
  code: 'ERR_ASSERTION'
  name: 'AssertionError'
  expected: true
  actual: false
  operator: '=='
  stack: |-
    TestContext.<anonymous> (file:///home/user/jev-browser-wingman/dist-kb-PROC/tests/chrome.test.js:495:16)
    async Test.run (node:internal/test_runner/test:1054:7)
    async Test.processPendingSubtests (node:internal/test_runner/test:744:7)
  ...
# Subtest: listChromeProcesses POSIX keeps msedge, brave, opera and vivaldi lines and drops firefox
ok 25 - listChromeProcesses POSIX keeps msedge, brave, opera and vivaldi lines and drops firefox
  ---
  duration_ms: 0.409881
  type: 'test'
  ...
# Subtest: findChrome falls through to Edge when no Chrome exists (real consumer over real candidates)
ok 26 - findChrome falls through to Edge when no Chrome exists (real consumer over real candidates)
  ---
  duration_ms: 0.113019
  type: 'test'
  ...
# Subtest: an explicit chromePath still wins over every autodiscovered candidate
ok 27 - an explicit chromePath still wins over every autodiscovered candidate
  ---
  duration_ms: 0.111698
  type: 'test'
  ...
# Subtest: launchEphemeralChrome returns an answering endpoint and close removes the profile
ok 28 - launchEphemeralChrome returns an answering endpoint and close removes the profile
  ---
  duration_ms: 592.90664
  type: 'test'
  ...
1..28
# tests 28
# suites 0
# pass 27
# fail 1
# cancelled 0
# skipped 0
# todo 0
# duration_ms 10703.410885
RUN-TESTS: files=1 tests=28 pass=27 fail=1
RUN-TESTS: chrome sweep (post-run): 0 matching chromes
