TAP version 13
# Subtest: parity
    # Subtest: ADAPTER_OPS.playwright deep-equals ADAPTER_OPS.cdp
    ok 1 - ADAPTER_OPS.playwright deep-equals ADAPTER_OPS.cdp
      ---
      duration_ms: 1.936318
      type: 'test'
      ...
    # Subtest: every declared op has at least one test below (static coverage map)
    ok 2 - every declared op has at least one test below (static coverage map)
      ---
      duration_ms: 0.519256
      type: 'test'
      ...
    # Subtest: ops.html element table is identical across adapters
    ok 3 - ops.html element table is identical across adapters
      ---
      duration_ms: 337.677817
      type: 'test'
      ...
    1..3
ok 1 - parity
  ---
  duration_ms: 912.679639
  type: 'suite'
  ...
# Subtest: playwright
    # Subtest: O1 hover reveals the hover log
    ok 1 - O1 hover reveals the hover log
      ---
      duration_ms: 272.773889
      type: 'test'
      ...
    # Subtest: O2 dblclick writes the double log
    ok 2 - O2 dblclick writes the double log
      ---
      duration_ms: 227.529718
      type: 'test'
      ...
    # Subtest: O3 press Tab in First moves focus to Second
    ok 3 - O3 press Tab in First moves focus to Second
      ---
      duration_ms: 255.046096
      type: 'test'
      ...
    # Subtest: O4 fill replaces the contenteditable text
    ok 4 - O4 fill replaces the contenteditable text
      ---
      duration_ms: 213.038308
      type: 'test'
      ...
    # Subtest: O5 upload attaches the named file to the file input
    ok 5 - O5 upload attaches the named file to the file input
      ---
      duration_ms: 216.249791
      type: 'test'
      ...
    # Subtest: O6 navigate to form.html then back to ops.html
    not ok 6 - O6 navigate to form.html then back to ops.html
      ---
      duration_ms: 182.425274
      type: 'test'
      location: '/home/user/jev-browser-wingman/dist-kb-O15/tests/conformance-ops.test.js:186:13'
      failureType: 'testCodeFailure'
      error: 'no previous page'
      code: 'act-failed'
      name: 'ActFailedError'
      stack: |-
        Object.act (file:///home/user/jev-browser-wingman/dist-kb-O15/src/adapters/playwright.js:313:39)
        async file:///home/user/jev-browser-wingman/dist-kb-O15/tests/conformance-ops.test.js:239:13
        async withPage (file:///home/user/jev-browser-wingman/dist-kb-O15/tests/conformance-ops.test.js:104:16)
        async TestContext.<anonymous> (file:///home/user/jev-browser-wingman/dist-kb-O15/tests/conformance-ops.test.js:187:17)
        async Test.run (node:internal/test_runner/test:1054:7)
        async Suite.processPendingSubtests (node:internal/test_runner/test:744:7)
      ...
    # Subtest: O7 navigate rejects a non-http url
    ok 7 - O7 navigate rejects a non-http url
      ---
      duration_ms: 128.816143
      type: 'test'
      ...
    # Subtest: O8 wait sleeps about one second
    ok 8 - O8 wait sleeps about one second
      ---
      duration_ms: 1122.20684
      type: 'test'
      ...
    # Subtest: O9 scroll_up undoes a deep scroll
    ok 9 - O9 scroll_up undoes a deep scroll
      ---
      duration_ms: 239.875367
      type: 'test'
      ...
    # Subtest: O10 scroll moves the page down
    ok 10 - O10 scroll moves the page down
      ---
      duration_ms: 126.216039
      type: 'test'
      ...
    # Subtest: O11 click with a null element rejects
    ok 11 - O11 click with a null element rejects
      ---
      duration_ms: 112.524736
      type: 'test'
      ...
    # Subtest: O12 legacy ops still behave on form.html
    ok 12 - O12 legacy ops still behave on form.html
      ---
      duration_ms: 293.325811
      type: 'test'
      ...
    # Subtest: O12 check and uncheck on styled-controls.html
    ok 13 - O12 check and uncheck on styled-controls.html
      ---
      duration_ms: 217.315527
      type: 'test'
      ...
    # Subtest: O13 scroll_to brings Far away into view and clicks it
    ok 14 - O13 scroll_to brings Far away into view and clicks it
      ---
      duration_ms: 269.594604
      type: 'test'
      ...
    # Subtest: O14 reload resets the page
    ok 15 - O14 reload resets the page
      ---
      duration_ms: 146.86835
      type: 'test'
      ...
    # Subtest: O15 press ShiftTab in Second moves focus back to First
    ok 16 - O15 press ShiftTab in Second moves focus back to First
      ---
      duration_ms: 208.460887
      type: 'test'
      ...
    # Subtest: O16 press Backspace deletes the character before the cursor
    ok 17 - O16 press Backspace deletes the character before the cursor
      ---
      duration_ms: 199.646672
      type: 'test'
      ...
    # Subtest: O17 press SelectAll then Backspace empties the field
    ok 18 - O17 press SelectAll then Backspace empties the field
      ---
      duration_ms: 222.566363
      type: 'test'
      ...
    1..18
not ok 2 - playwright
  ---
  duration_ms: 5186.869998
  type: 'suite'
  location: '/home/user/jev-browser-wingman/dist-kb-O15/tests/conformance-ops.test.js:175:5'
  failureType: 'subtestsFailed'
  error: '1 subtest failed'
  code: 'ERR_TEST_FAILURE'
  ...
# Subtest: cdp
    # Subtest: O1 hover reveals the hover log
    ok 1 - O1 hover reveals the hover log
      ---
      duration_ms: 151.69388
      type: 'test'
      ...
    # Subtest: O2 dblclick writes the double log
    ok 2 - O2 dblclick writes the double log
      ---
      duration_ms: 120.585996
      type: 'test'
      ...
    # Subtest: O3 press Tab in First moves focus to Second
    ok 3 - O3 press Tab in First moves focus to Second
      ---
      duration_ms: 120.235034
      type: 'test'
      ...
    # Subtest: O4 fill replaces the contenteditable text
    ok 4 - O4 fill replaces the contenteditable text
      ---
      duration_ms: 133.564465
      type: 'test'
      ...
    # Subtest: O5 upload attaches the named file to the file input
    ok 5 - O5 upload attaches the named file to the file input
      ---
      duration_ms: 110.40729
      type: 'test'
      ...
    # Subtest: O6 navigate to form.html then back to ops.html
    ok 6 - O6 navigate to form.html then back to ops.html
      ---
      duration_ms: 125.329419
      type: 'test'
      ...
    # Subtest: O7 navigate rejects a non-http url
    ok 7 - O7 navigate rejects a non-http url
      ---
      duration_ms: 86.87714
      type: 'test'
      ...
    # Subtest: O8 wait sleeps about one second
    ok 8 - O8 wait sleeps about one second
      ---
      duration_ms: 1087.076033
      type: 'test'
      ...
    # Subtest: O9 scroll_up undoes a deep scroll
    ok 9 - O9 scroll_up undoes a deep scroll
      ---
      duration_ms: 200.869456
      type: 'test'
      ...
    # Subtest: O10 scroll moves the page down
    ok 10 - O10 scroll moves the page down
      ---
      duration_ms: 191.936169
      type: 'test'
      ...
    # Subtest: O11 click with a null element rejects
    ok 11 - O11 click with a null element rejects
      ---
      duration_ms: 80.538502
      type: 'test'
      ...
    # Subtest: O12 legacy ops still behave on form.html
    ok 12 - O12 legacy ops still behave on form.html
      ---
      duration_ms: 166.253468
      type: 'test'
      ...
    # Subtest: O12 check and uncheck on styled-controls.html
    ok 13 - O12 check and uncheck on styled-controls.html
      ---
      duration_ms: 144.33352
      type: 'test'
      ...
    # Subtest: O13 scroll_to brings Far away into view and clicks it
    ok 14 - O13 scroll_to brings Far away into view and clicks it
      ---
      duration_ms: 110.777329
      type: 'test'
      ...
    # Subtest: O14 reload resets the page
    ok 15 - O14 reload resets the page
      ---
      duration_ms: 105.461351
      type: 'test'
      ...
    # Subtest: O15 press ShiftTab in Second moves focus back to First
    not ok 16 - O15 press ShiftTab in Second moves focus back to First
      ---
      duration_ms: 2162.718876
      type: 'test'
      location: '/home/user/jev-browser-wingman/dist-kb-O15/tests/conformance-ops.test.js:186:13'
      failureType: 'testCodeFailure'
      error: 'timed out waiting for focus back on #first'
      code: 'ERR_ASSERTION'
      name: 'AssertionError'
      expected: true
      actual: false
      operator: '=='
      stack: |-
        pollUntil (file:///home/user/jev-browser-wingman/dist-kb-O15/tests/conformance-ops.test.js:128:16)
        async file:///home/user/jev-browser-wingman/dist-kb-O15/tests/conformance-ops.test.js:307:13
        async withPage (file:///home/user/jev-browser-wingman/dist-kb-O15/tests/conformance-ops.test.js:104:16)
        async TestContext.<anonymous> (file:///home/user/jev-browser-wingman/dist-kb-O15/tests/conformance-ops.test.js:187:17)
        async Test.run (node:internal/test_runner/test:1054:7)
        async Suite.processPendingSubtests (node:internal/test_runner/test:744:7)
      ...
    # Subtest: O16 press Backspace deletes the character before the cursor
    ok 17 - O16 press Backspace deletes the character before the cursor
      ---
      duration_ms: 134.921033
      type: 'test'
      ...
    # Subtest: O17 press SelectAll then Backspace empties the field
    ok 18 - O17 press SelectAll then Backspace empties the field
      ---
      duration_ms: 152.487312
      type: 'test'
      ...
    1..18
not ok 3 - cdp
  ---
  duration_ms: 5955.1603
  type: 'suite'
  location: '/home/user/jev-browser-wingman/dist-kb-O15/tests/conformance-ops.test.js:175:5'
  failureType: 'subtestsFailed'
  error: '1 subtest failed'
  code: 'ERR_TEST_FAILURE'
  ...
1..3
# tests 39
# suites 3
# pass 37
# fail 2
# cancelled 0
# skipped 0
# todo 0
# duration_ms 22691.455455
RUN-TESTS: files=1 tests=39 pass=37 fail=2
RUN-TESTS: chrome sweep (post-run): 0 matching chromes
