TAP version 13
# Subtest: flags a planted curl pipe to sh
ok 1 - flags a planted curl pipe to sh
  ---
  duration_ms: 49.670371
  type: 'test'
  ...
# Subtest: flags a planted Invoke-Expression
ok 2 - flags a planted Invoke-Expression
  ---
  duration_ms: 51.727208
  type: 'test'
  ...
# Subtest: flags a paste-this-prompt line
ok 3 - flags a paste-this-prompt line
  ---
  duration_ms: 37.595085
  type: 'test'
  ...
# Subtest: passes a clean document
ok 4 - passes a clean document
  ---
  duration_ms: 49.779991
  type: 'test'
  ...
1..4
# tests 4
# suites 0
# pass 4
# fail 0
# cancelled 0
# skipped 0
# todo 0
# duration_ms 275.193295
RUN-TESTS: files=1 tests=4 pass=4 fail=0
RUN-TESTS: chrome sweep (post-run): 0 matching chromes
