TAP version 13
# Subtest: appends one JSON line per record
ok 1 - appends one JSON line per record
  ---
  duration_ms: 1.353316
  type: 'test'
  ...
# Subtest: routes to plugin.log instead of the file when present
ok 2 - routes to plugin.log instead of the file when present
  ---
  duration_ms: 1.080801
  type: 'test'
  ...
# Subtest: mutex refuses a second holder until release
ok 3 - mutex refuses a second holder until release
  ---
  duration_ms: 0.198523
  type: 'test'
  ...
1..3
# tests 3
# suites 0
# pass 3
# fail 0
# cancelled 0
# skipped 0
# todo 0
# duration_ms 74.732625
RUN-TESTS: files=1 tests=3 pass=3 fail=0
RUN-TESTS: chrome sweep (post-run): 0 matching chromes
