TAP version 13
# Subtest: log record carries the phases breakdown (fail-first shape test)
ok 1 - log record carries the phases breakdown (fail-first shape test)
  ---
  duration_ms: 6.78917
  type: 'test'
  ...
# Subtest: check-path record carries phases with one round
ok 2 - check-path record carries phases with one round
  ---
  duration_ms: 0.752237
  type: 'test'
  ...
# Subtest: done after one click then goal-met
ok 3 - done after one click then goal-met
  ---
  duration_ms: 0.770476
  type: 'test'
  ...
# Subtest: action none with done 0.6 is done
ok 4 - action none with done 0.6 is done
  ---
  duration_ms: 0.389498
  type: 'test'
  ...
# Subtest: action none with done 0.3 is ambiguous no-action with top-3 candidates
ok 5 - action none with done 0.3 is ambiguous no-action with top-3 candidates
  ---
  duration_ms: 1.076574
  type: 'test'
  ...
# Subtest: target below 0.5 is ambiguous target-uncertain
ok 6 - target below 0.5 is ambiguous target-uncertain
  ---
  duration_ms: 0.587204
  type: 'test'
  ...
# Subtest: fill without bindings is ambiguous no-value
ok 7 - fill without bindings is ambiguous no-value
  ---
  duration_ms: 0.89592
  type: 'test'
  ...
# Subtest: two visible tabs are ambiguous tab-ambiguous and url_match picks one
ok 8 - two visible tabs are ambiguous tab-ambiguous and url_match picks one
  ---
  duration_ms: 1.050332
  type: 'test'
  ...
# Subtest: budget-steps after max_steps acts
ok 9 - budget-steps after max_steps acts
  ---
  duration_ms: 1.099791
  type: 'test'
  ...
# Subtest: a non-done wingman_do result carries the continuation line (fail-first shape test)
ok 10 - a non-done wingman_do result carries the continuation line (fail-first shape test)
  ---
  duration_ms: 1.155297
  type: 'test'
  ...
# Subtest: done carries no continuation line; needs_confirmation keeps the token and adds it
ok 11 - done carries no continuation line; needs_confirmation keeps the token and adds it
  ---
  duration_ms: 1.632473
  type: 'test'
  ...
# Subtest: wingman_check results never carry the goal continuation line
ok 12 - wingman_check results never carry the goal continuation line
  ---
  duration_ms: 0.22639
  type: 'test'
  ...
# Subtest: budget-time stops before the floor (fake clock)
ok 13 - budget-time stops before the floor (fake clock)
  ---
  duration_ms: 0.427162
  type: 'test'
  ...
# Subtest: a concurrent call is blocked busy
ok 14 - a concurrent call is blocked busy
  ---
  duration_ms: 0.565352
  type: 'test'
  ...
# Subtest: mode off returns fallback mode-off without attaching
ok 15 - mode off returns fallback mode-off without attaching
  ---
  duration_ms: 0.288123
  type: 'test'
  ...
# Subtest: no key returns fallback no-key without attaching
ok 16 - no key returns fallback no-key without attaching
  ---
  duration_ms: 0.21662
  type: 'test'
  ...
# Subtest: no endpoint returns fallback no-browser
ok 17 - no endpoint returns fallback no-browser
  ---
  duration_ms: 0.227816
  type: 'test'
  ...
# Subtest: jev http error is fallback jev-error and circuit-open is breaker-open
ok 18 - jev http error is fallback jev-error and circuit-open is breaker-open
  ---
  duration_ms: 0.381354
  type: 'test'
  ...
# Subtest: stale element is error stale-element
ok 19 - stale element is error stale-element
  ---
  duration_ms: 0.730025
  type: 'test'
  ...
# Subtest: covered target is blocked covered-target
ok 20 - covered target is blocked covered-target
  ---
  duration_ms: 0.69872
  type: 'test'
  ...
# Subtest: native select picks the option locally when the value matches a label
ok 21 - native select picks the option locally when the value matches a label
  ---
  duration_ms: 1.316515
  type: 'test'
  ...
# Subtest: two-stage selection above max_elements
ok 22 - two-stage selection above max_elements
  ---
  duration_ms: 0.946531
  type: 'test'
  ...
# Subtest: wingman_check returns done answered with the rounded answer
ok 23 - wingman_check returns done answered with the rounded answer
  ---
  duration_ms: 0.325277
  type: 'test'
  ...
# Subtest: an unresolvable target id is target-uncertain, never an act on another element
ok 24 - an unresolvable target id is target-uncertain, never an act on another element
  ---
  duration_ms: 0.446971
  type: 'test'
  ...
# Subtest: an out-of-set action choice is target-uncertain
ok 25 - an out-of-set action choice is target-uncertain
  ---
  duration_ms: 0.32037
  type: 'test'
  ...
# Subtest: gate off submits a gated button without a token
ok 26 - gate off submits a gated button without a token
  ---
  duration_ms: 0.461618
  type: 'test'
  ...
# Subtest: gate off with Jev p(irreversible) 0.9 still acts
ok 27 - gate off with Jev p(irreversible) 0.9 still acts
  ---
  duration_ms: 0.528853
  type: 'test'
  ...
# Subtest: default (absent) gate config acts without needs_confirmation (Q6)
ok 28 - default (absent) gate config acts without needs_confirmation (Q6)
  ---
  duration_ms: 0.528216
  type: 'test'
  ...
# Subtest: a wingman_do fill round below the value threshold is unchanged: ambiguous no-value
ok 29 - a wingman_do fill round below the value threshold is unchanged: ambiguous no-value
  ---
  duration_ms: 0.535051
  type: 'test'
  ...
# Subtest: wingman_do on a sensitive host under policy.mode enforce carries the sensitive-page note
ok 30 - wingman_do on a sensitive host under policy.mode enforce carries the sensitive-page note
  ---
  duration_ms: 0.530447
  type: 'test'
  ...
# Subtest: wingman_check on a sensitive host under policy.mode enforce carries the sensitive-page note
ok 31 - wingman_check on a sensitive host under policy.mode enforce carries the sensitive-page note
  ---
  duration_ms: 0.254781
  type: 'test'
  ...
# Subtest: browse_step on a sensitive host under policy.mode enforce carries the sensitive-page note
ok 32 - browse_step on a sensitive host under policy.mode enforce carries the sensitive-page note
  ---
  duration_ms: 0.826133
  type: 'test'
  ...
# Subtest: the same sensitive host under policy.mode off never yields the sensitive-page note
ok 33 - the same sensitive host under policy.mode off never yields the sensitive-page note
  ---
  duration_ms: 1.317814
  type: 'test'
  ...
# Subtest: a step-uncertain browse_step bounce still carries the HEAD caller line and bounce tier 1
ok 34 - a step-uncertain browse_step bounce still carries the HEAD caller line and bounce tier 1
  ---
  duration_ms: 0.712671
  type: 'test'
  ...
1..34
# tests 34
# suites 0
# pass 34
# fail 0
# cancelled 0
# skipped 0
# todo 0
# duration_ms 154.9952
RUN-TESTS: files=1 tests=34 pass=34 fail=0
RUN-TESTS: chrome sweep (post-run): 0 matching chromes
