TAP version 13
# Subtest: form.html element table matches the pinned table
ok 1 - form.html element table matches the pinned table
  ---
  duration_ms: 342.402
  type: 'test'
  ...
# Subtest: styled-controls.html proxies hidden inputs through their labels
ok 2 - styled-controls.html proxies hidden inputs through their labels
  ---
  duration_ms: 99.40102
  type: 'test'
  ...
# Subtest: verify resolves proxied styled controls through the label path
ok 3 - verify resolves proxied styled controls through the label path
  ---
  duration_ms: 110.540284
  type: 'test'
  ...
# Subtest: text excerpt never contains the prefilled textarea text
ok 4 - text excerpt never contains the prefilled textarea text
  ---
  duration_ms: 98.865065
  type: 'test'
  ...
# Subtest: enumeration adds no globals and makes no DOM mutations
ok 5 - enumeration adds no globals and makes no DOM mutations
  ---
  duration_ms: 87.767637
  type: 'test'
  ...
# Subtest: many.html returns 300 elements untruncated and 100 with truncated=true at maxElements 100
ok 6 - many.html returns 300 elements untruncated and 100 with truncated=true at maxElements 100
  ---
  duration_ms: 208.053249
  type: 'test'
  ...
# Subtest: password.html sets password and currentPassword signals
ok 7 - password.html sets password and currentPassword signals
  ---
  duration_ms: 94.040273
  type: 'test'
  ...
# Subtest: otp.html sets otpAutocomplete and otpText signals
ok 8 - otp.html sets otpAutocomplete and otpText signals
  ---
  duration_ms: 100.409117
  type: 'test'
  ...
# Subtest: big-select.html carries 300 options on the select element
ok 9 - big-select.html carries 300 options on the select element
  ---
  duration_ms: 110.596125
  type: 'test'
  ...
# Subtest: verify returns mismatch after the button text changes
ok 10 - verify returns mismatch after the button text changes
  ---
  duration_ms: 106.358094
  type: 'test'
  ...
# Subtest: hit test reports covered on overlay.html
ok 11 - hit test reports covered on overlay.html
  ---
  duration_ms: 95.026895
  type: 'test'
  ...
# Subtest: enumeration emits obscured and coveredBy on overlay.html
ok 12 - enumeration emits obscured and coveredBy on overlay.html
  ---
  duration_ms: 108.142444
  type: 'test'
  ...
# Subtest: a button without a type attribute reports the defaulted submit type
ok 13 - a button without a type attribute reports the defaulted submit type
  ---
  duration_ms: 108.825209
  type: 'test'
  ...
# Subtest: enumeration emits placeholder and htmlId on form controls
ok 14 - enumeration emits placeholder and htmlId on form controls
  ---
  duration_ms: 98.342578
  type: 'test'
  ...
# Subtest: a labelled file input enumerates as button and verifies (A1)
ok 15 - a labelled file input enumerates as button and verifies (A1)
  ---
  duration_ms: 104.891634
  type: 'test'
  ...
1..15
# tests 15
# suites 0
# pass 15
# fail 0
# cancelled 0
# skipped 0
# todo 0
# duration_ms 2414.073354
RUN-TESTS: files=1 tests=15 pass=15 fail=0
RUN-TESTS: chrome sweep (post-run): 0 matching chromes
