TAP version 13
# Subtest: no results expects the placeholder
ok 1 - no results expects the placeholder
  ---
  duration_ms: 48.626902
  type: 'test'
  ...
# Subtest: a hand-edited number fails
ok 2 - a hand-edited number fails
  ---
  duration_ms: 41.534107
  type: 'test'
  ...
# Subtest: --write then check passes
ok 3 - --write then check passes
  ---
  duration_ms: 92.118133
  type: 'test'
  ...
# Subtest: cap-proof files are ignored
ok 4 - cap-proof files are ignored
  ---
  duration_ms: 54.770373
  type: 'test'
  ...
1..4
# tests 4
# suites 0
# pass 4
# fail 0
# cancelled 0
# skipped 0
# todo 0
# duration_ms 317.205231
RUN-TESTS: files=1 tests=4 pass=4 fail=0
RUN-TESTS: chrome sweep (post-run): 0 matching chromes
