TAP version 13
# Subtest: helper registry kills a browser whose test process exits without close
ok 1 - helper registry kills a browser whose test process exits without close
  ---
  duration_ms: 303.04996
  type: 'test'
  ...
# Subtest: run-tests sweep kills a chrome a test file leaks (token match)
not ok 2 - run-tests sweep kills a chrome a test file leaks (token match)
  ---
  duration_ms: 472.24248
  type: 'test'
  location: '/home/user/jev-browser-wingman/dist/tests/runner-sweep.test.js:73:1'
  failureType: 'testCodeFailure'
  error: 'runner sweep logged no kill — the leaked chrome was not caught'
  code: 'ERR_ASSERTION'
  name: 'AssertionError'
  expected:
  actual: |-
    TAP version 13
    # Subtest: leaks a token-tagged chrome on purpose (the runner sweep is the guarantee)
    ok 1 - leaks a token-tagged chrome on purpose (the runner sweep is the guarantee)
      ---
      duration_ms: 254.209068
      type: 'test'
      ...
    1..1
    # tests 1
    # suites 0
    # pass 1
    # fail 0
    # cancelled 0
    # skipped 0
    # todo 0
    # duration_ms 342.919582
    RUN-TESTS: files=1 tests=1 pass=1 fail=0
    RUN-TESTS: chrome sweep (post-run): 0 matching chromes
    
  operator: 'match'
  stack: |-
    TestContext.<anonymous> (file:///home/user/jev-browser-wingman/dist/tests/runner-sweep.test.js:85:12)
    process.processTicksAndRejections (node:internal/process/task_queues:103:5)
    async Test.run (node:internal/test_runner/test:1054:7)
    async Test.processPendingSubtests (node:internal/test_runner/test:744:7)
  ...
1..2
# tests 2
# suites 0
# pass 1
# fail 1
# cancelled 0
# skipped 0
# todo 0
# duration_ms 850.811827
RUN-TESTS: files=1 tests=2 pass=1 fail=1
RUN-TESTS: chrome sweep (post-run): 0 matching chromes
