TAP version 13
# Subtest: build.mjs scoped build emits BUILD ok
ok 1 - build.mjs scoped build emits BUILD ok
  ---
  duration_ms: 740.989039
  type: 'test'
  ...
# Subtest: build.mjs refuses entries without --out
ok 2 - build.mjs refuses entries without --out
  ---
  duration_ms: 63.209254
  type: 'test'
  ...
# Subtest: build.mjs reports a type error without BUILD ok
ok 3 - build.mjs reports a type error without BUILD ok
  ---
  duration_ms: 790.748484
  type: 'test'
  ...
# Subtest: run-tests.mjs fails on a basename that matches nothing
ok 4 - run-tests.mjs fails on a basename that matches nothing
  ---
  duration_ms: 47.371481
  type: 'test'
  ...
# Subtest: run-tests.mjs fails on a file with zero tests
ok 5 - run-tests.mjs fails on a file with zero tests
  ---
  duration_ms: 182.088344
  type: 'test'
  ...
# Subtest: run-tests.mjs fails on an empty file beside a file with tests
ok 6 - run-tests.mjs fails on an empty file beside a file with tests
  ---
  duration_ms: 202.456041
  type: 'test'
  ...
# Subtest: run-tests.mjs fails when the dist has no test files
ok 7 - run-tests.mjs fails when the dist has no test files
  ---
  duration_ms: 58.120244
  type: 'test'
  ...
# Subtest: run-tests.mjs child env carries no TypeSafe key and a temp WINGMAN_HOME
ok 8 - run-tests.mjs child env carries no TypeSafe key and a temp WINGMAN_HOME
  ---
  duration_ms: 190.66355
  type: 'test'
  ...
# Subtest: import-boundary flags a path outside the package
ok 9 - import-boundary flags a path outside the package
  ---
  duration_ms: 46.152649
  type: 'test'
  ...
# Subtest: import-boundary flags an undeclared bare package
ok 10 - import-boundary flags an undeclared bare package
  ---
  duration_ms: 47.841648
  type: 'test'
  ...
# Subtest: notices flags a marker without an entry
ok 11 - notices flags a marker without an entry
  ---
  duration_ms: 45.423414
  type: 'test'
  ...
# Subtest: notices flags an entry without a marker
ok 12 - notices flags an entry without a marker
  ---
  duration_ms: 40.552194
  type: 'test'
  ...
# Subtest: packageRoot resolves from a nested build dir
ok 13 - packageRoot resolves from a nested build dir
  ---
  duration_ms: 1.026571
  type: 'test'
  ...
# Subtest: fixture server serves form.html and 404s traversal
ok 14 - fixture server serves form.html and 404s traversal
  ---
  duration_ms: 41.657913
  type: 'test'
  ...
# Subtest: fixture server sets the persistent cookie on cookie.html
ok 15 - fixture server sets the persistent cookie on cookie.html
  ---
  duration_ms: 15.744387
  type: 'test'
  ...
1..15
# tests 15
# suites 0
# pass 15
# fail 0
# cancelled 0
# skipped 0
# todo 0
# duration_ms 2734.581877
RUN-TESTS: files=1 tests=15 pass=15 fail=0
RUN-TESTS: chrome sweep (post-run): 0 matching chromes
