TAP version 13
# Subtest: build.mjs scoped build emits BUILD ok
not ok 1 - build.mjs scoped build emits BUILD ok
  ---
  duration_ms: 1.090885
  type: 'test'
  location: '/home/user/jev-browser-wingman/dist/tests/scaffold.test.js:48:1'
  failureType: 'testCodeFailure'
  error: "ENOENT: no such file or directory, mkdtemp '/home/user/jev-browser-wingman/.build/tmp-scaffold-XXXXXX'"
  code: 'ENOENT'
  stack: |-
    Object.mkdtempSync (node:fs:3054:18)
    TestContext.<anonymous> (file:///home/user/jev-browser-wingman/dist/tests/scaffold.test.js:49:23)
    Test.runInAsyncScope (node:async_hooks:214:14)
    Test.run (node:internal/test_runner/test:1047:25)
    Test.start (node:internal/test_runner/test:944:17)
    startSubtestAfterBootstrap (node:internal/test_runner/harness:296:17)
  ...
# Subtest: build.mjs refuses entries without --out
ok 2 - build.mjs refuses entries without --out
  ---
  duration_ms: 64.49502
  type: 'test'
  ...
# Subtest: build.mjs reports a type error without BUILD ok
not ok 3 - build.mjs reports a type error without BUILD ok
  ---
  duration_ms: 0.576502
  type: 'test'
  location: '/home/user/jev-browser-wingman/dist/tests/scaffold.test.js:64:1'
  failureType: 'testCodeFailure'
  error: "ENOENT: no such file or directory, mkdtemp '/home/user/jev-browser-wingman/.build/tmp-scaffold-XXXXXX'"
  code: 'ENOENT'
  stack: |-
    Object.mkdtempSync (node:fs:3054:18)
    TestContext.<anonymous> (file:///home/user/jev-browser-wingman/dist/tests/scaffold.test.js:65:23)
    Test.runInAsyncScope (node:async_hooks:214:14)
    Test.run (node:internal/test_runner/test:1047:25)
    Test.processPendingSubtests (node:internal/test_runner/test:744:18)
    Test.postRun (node:internal/test_runner/test:1173:19)
    Test.run (node:internal/test_runner/test:1101:12)
    async Test.processPendingSubtests (node:internal/test_runner/test:744:7)
  ...
# Subtest: run-tests.mjs fails on a basename that matches nothing
ok 4 - run-tests.mjs fails on a basename that matches nothing
  ---
  duration_ms: 74.630716
  type: 'test'
  ...
# Subtest: run-tests.mjs fails on a file with zero tests
ok 5 - run-tests.mjs fails on a file with zero tests
  ---
  duration_ms: 186.392486
  type: 'test'
  ...
# Subtest: run-tests.mjs fails on an empty file beside a file with tests
ok 6 - run-tests.mjs fails on an empty file beside a file with tests
  ---
  duration_ms: 213.910986
  type: 'test'
  ...
# Subtest: run-tests.mjs fails when the dist has no test files
ok 7 - run-tests.mjs fails when the dist has no test files
  ---
  duration_ms: 61.656011
  type: 'test'
  ...
# Subtest: run-tests.mjs child env carries no TypeSafe key and a temp WINGMAN_HOME
ok 8 - run-tests.mjs child env carries no TypeSafe key and a temp WINGMAN_HOME
  ---
  duration_ms: 229.863526
  type: 'test'
  ...
# Subtest: import-boundary flags a path outside the package
ok 9 - import-boundary flags a path outside the package
  ---
  duration_ms: 47.366939
  type: 'test'
  ...
# Subtest: import-boundary flags an undeclared bare package
ok 10 - import-boundary flags an undeclared bare package
  ---
  duration_ms: 52.60205
  type: 'test'
  ...
# Subtest: notices flags a marker without an entry
ok 11 - notices flags a marker without an entry
  ---
  duration_ms: 47.262616
  type: 'test'
  ...
# Subtest: notices flags an entry without a marker
ok 12 - notices flags an entry without a marker
  ---
  duration_ms: 45.323428
  type: 'test'
  ...
# Subtest: packageRoot resolves from a nested build dir
ok 13 - packageRoot resolves from a nested build dir
  ---
  duration_ms: 1.654744
  type: 'test'
  ...
# Subtest: fixture server serves form.html and 404s traversal
ok 14 - fixture server serves form.html and 404s traversal
  ---
  duration_ms: 56.745265
  type: 'test'
  ...
# Subtest: fixture server sets the persistent cookie on cookie.html
ok 15 - fixture server sets the persistent cookie on cookie.html
  ---
  duration_ms: 17.734904
  type: 'test'
  ...
1..15
# tests 15
# suites 0
# pass 13
# fail 2
# cancelled 0
# skipped 0
# todo 0
# duration_ms 1271.178725
RUN-TESTS: files=1 tests=15 pass=13 fail=2
RUN-TESTS: chrome sweep (post-run): 0 matching chromes
