TAP version 13
# Subtest: a minted token is consumed once
ok 1 - a minted token is consumed once
  ---
  duration_ms: 1.998529
  type: 'test'
  ...
# Subtest: a second consume returns null
ok 2 - a second consume returns null
  ---
  duration_ms: 0.22885
  type: 'test'
  ...
# Subtest: an expired token returns null
ok 3 - an expired token returns null
  ---
  duration_ms: 0.226218
  type: 'test'
  ...
# Subtest: the 33rd token evicts the oldest
ok 4 - the 33rd token evicts the oldest
  ---
  duration_ms: 0.565442
  type: 'test'
  ...
# Subtest: url stored without fragment
ok 5 - url stored without fragment
  ---
  duration_ms: 0.337291
  type: 'test'
  ...
1..5
# tests 5
# suites 0
# pass 5
# fail 0
# cancelled 0
# skipped 0
# todo 0
# duration_ms 101.762992
RUN-TESTS: files=1 tests=5 pass=5 fail=0
RUN-TESTS: chrome sweep (post-run): 0 matching chromes
