TAP version 13
# Subtest: leaks a token-tagged chrome on purpose (the runner sweep is the guarantee)
ok 1 - leaks a token-tagged chrome on purpose (the runner sweep is the guarantee)
  ---
  duration_ms: 334.807252
  type: 'test'
  ...
1..1
# tests 1
# suites 0
# pass 1
# fail 0
# cancelled 0
# skipped 0
# todo 0
# duration_ms 417.526893
RUN-TESTS: files=1 tests=1 pass=1 fail=0
RUN-TESTS: chrome sweep (post-run): kill pid=10143
RUN-TESTS: chrome sweep (post-run): kill pid=10153
RUN-TESTS: chrome sweep (post-run): kill pid=10154
RUN-TESTS: chrome sweep (post-run): kill pid=10156
RUN-TESTS: chrome sweep (post-run): kill pid=10178
RUN-TESTS: chrome sweep (post-run): kill pid=10191
RUN-TESTS: chrome sweep (post-run): kill pid=10192
RUN-TESTS: chrome sweep (post-run): kill pid=10221
RUN-TESTS: chrome sweep (post-run): kill pid=10222
RUN-TESTS: chrome sweep (post-run): 9 leaked chrome process(es) killed (run token 97800c05)
