TAP version 13
# Subtest: parity
    # Subtest: ADAPTER_OPS.playwright deep-equals ADAPTER_OPS.cdp
    ok 1 - ADAPTER_OPS.playwright deep-equals ADAPTER_OPS.cdp
      ---
      duration_ms: 1.974314
      type: 'test'
      ...
    # Subtest: every declared op has at least one test below (static coverage map)
    ok 2 - every declared op has at least one test below (static coverage map)
      ---
      duration_ms: 0.423142
      type: 'test'
      ...
    # Subtest: ops.html element table is identical across adapters
    ok 3 - ops.html element table is identical across adapters
      ---
      duration_ms: 303.831998
      type: 'test'
      ...
    1..3
ok 1 - parity
  ---
  duration_ms: 897.082276
  type: 'suite'
  ...
# Subtest: playwright
    # Subtest: O1 hover reveals the hover log
    ok 1 - O1 hover reveals the hover log
      ---
      duration_ms: 299.476475
      type: 'test'
      ...
    # Subtest: O2 dblclick writes the double log
    ok 2 - O2 dblclick writes the double log
      ---
      duration_ms: 244.234714
      type: 'test'
      ...
    # Subtest: O3 press Tab in First moves focus to Second
    ok 3 - O3 press Tab in First moves focus to Second
      ---
      duration_ms: 525.297949
      type: 'test'
      ...
    # Subtest: O4 fill replaces the contenteditable text
    ok 4 - O4 fill replaces the contenteditable text
      ---
      duration_ms: 199.699449
      type: 'test'
      ...
    # Subtest: O5 upload attaches the named file to the file input
    ok 5 - O5 upload attaches the named file to the file input
      ---
      duration_ms: 181.751912
      type: 'test'
      ...
    # Subtest: O6 navigate to form.html then back to ops.html
    ok 6 - O6 navigate to form.html then back to ops.html
      ---
      duration_ms: 183.566049
      type: 'test'
      ...
    # Subtest: O7 navigate rejects a non-http url
    ok 7 - O7 navigate rejects a non-http url
      ---
      duration_ms: 135.046389
      type: 'test'
      ...
    # Subtest: O8 wait sleeps about one second
    ok 8 - O8 wait sleeps about one second
      ---
      duration_ms: 1145.027376
      type: 'test'
      ...
    # Subtest: O9 scroll_up undoes a deep scroll
    ok 9 - O9 scroll_up undoes a deep scroll
      ---
      duration_ms: 226.114266
      type: 'test'
      ...
    # Subtest: O10 scroll moves the page down
    ok 10 - O10 scroll moves the page down
      ---
      duration_ms: 214.976369
      type: 'test'
      ...
    # Subtest: O11 click with a null element rejects
    ok 11 - O11 click with a null element rejects
      ---
      duration_ms: 108.955252
      type: 'test'
      ...
    # Subtest: O12 legacy ops still behave on form.html
    ok 12 - O12 legacy ops still behave on form.html
      ---
      duration_ms: 266.441543
      type: 'test'
      ...
    # Subtest: O12 check and uncheck on styled-controls.html
    ok 13 - O12 check and uncheck on styled-controls.html
      ---
      duration_ms: 249.847455
      type: 'test'
      ...
    # Subtest: O13 scroll_to brings Far away into view and clicks it
    ok 14 - O13 scroll_to brings Far away into view and clicks it
      ---
      duration_ms: 294.152458
      type: 'test'
      ...
    # Subtest: O14 reload resets the page
    ok 15 - O14 reload resets the page
      ---
      duration_ms: 131.752923
      type: 'test'
      ...
    # Subtest: O15 press ShiftTab in Second moves focus back to First
    ok 16 - O15 press ShiftTab in Second moves focus back to First
      ---
      duration_ms: 252.137948
      type: 'test'
      ...
    # Subtest: O16 press Backspace deletes the character before the cursor
    ok 17 - O16 press Backspace deletes the character before the cursor
      ---
      duration_ms: 225.442717
      type: 'test'
      ...
    # Subtest: O18 a click lands after back restores the previous page
    ok 18 - O18 a click lands after back restores the previous page # TODO OPEN-1 (r13): playwright click after a bfcache back timed out 5/5 in r12
      ---
      duration_ms: 339.055023
      type: 'test'
      ...
    # Subtest: O17 press SelectAll then Backspace empties the field
    ok 19 - O17 press SelectAll then Backspace empties the field
      ---
      duration_ms: 212.74936
      type: 'test'
      ...
    # Subtest: O19 targetless press Tab moves focus from First to Second
    ok 20 - O19 targetless press Tab moves focus from First to Second
      ---
      duration_ms: 199.79738
      type: 'test'
      ...
    # Subtest: O20 answerDialog accepts a confirm, then dismisses on a second page
    ok 21 - O20 answerDialog accepts a confirm, then dismisses on a second page
      ---
      duration_ms: 397.813828
      type: 'test'
      ...
    1..21
ok 2 - playwright
  ---
  duration_ms: 6608.977709
  type: 'suite'
  ...
# Subtest: cdp
    # Subtest: O1 hover reveals the hover log
    ok 1 - O1 hover reveals the hover log
      ---
      duration_ms: 129.956469
      type: 'test'
      ...
    # Subtest: O2 dblclick writes the double log
    ok 2 - O2 dblclick writes the double log
      ---
      duration_ms: 123.747294
      type: 'test'
      ...
    # Subtest: O3 press Tab in First moves focus to Second
    ok 3 - O3 press Tab in First moves focus to Second
      ---
      duration_ms: 128.403489
      type: 'test'
      ...
    # Subtest: O4 fill replaces the contenteditable text
    ok 4 - O4 fill replaces the contenteditable text
      ---
      duration_ms: 115.28576
      type: 'test'
      ...
    # Subtest: O5 upload attaches the named file to the file input
    ok 5 - O5 upload attaches the named file to the file input
      ---
      duration_ms: 97.29187
      type: 'test'
      ...
    # Subtest: O6 navigate to form.html then back to ops.html
    ok 6 - O6 navigate to form.html then back to ops.html
      ---
      duration_ms: 110.718087
      type: 'test'
      ...
    # Subtest: O7 navigate rejects a non-http url
    ok 7 - O7 navigate rejects a non-http url
      ---
      duration_ms: 81.773614
      type: 'test'
      ...
    # Subtest: O8 wait sleeps about one second
    ok 8 - O8 wait sleeps about one second
      ---
      duration_ms: 1081.81746
      type: 'test'
      ...
    # Subtest: O9 scroll_up undoes a deep scroll
    ok 9 - O9 scroll_up undoes a deep scroll
      ---
      duration_ms: 191.911187
      type: 'test'
      ...
    # Subtest: O10 scroll moves the page down
    ok 10 - O10 scroll moves the page down
      ---
      duration_ms: 187.418829
      type: 'test'
      ...
    # Subtest: O11 click with a null element rejects
    ok 11 - O11 click with a null element rejects
      ---
      duration_ms: 104.670896
      type: 'test'
      ...
    # Subtest: O12 legacy ops still behave on form.html
    ok 12 - O12 legacy ops still behave on form.html
      ---
      duration_ms: 152.046469
      type: 'test'
      ...
    # Subtest: O12 check and uncheck on styled-controls.html
    ok 13 - O12 check and uncheck on styled-controls.html
      ---
      duration_ms: 123.056782
      type: 'test'
      ...
    # Subtest: O13 scroll_to brings Far away into view and clicks it
    ok 14 - O13 scroll_to brings Far away into view and clicks it
      ---
      duration_ms: 116.649933
      type: 'test'
      ...
    # Subtest: O14 reload resets the page
    ok 15 - O14 reload resets the page
      ---
      duration_ms: 93.97102
      type: 'test'
      ...
    # Subtest: O15 press ShiftTab in Second moves focus back to First
    ok 16 - O15 press ShiftTab in Second moves focus back to First
      ---
      duration_ms: 109.16773
      type: 'test'
      ...
    # Subtest: O16 press Backspace deletes the character before the cursor
    ok 17 - O16 press Backspace deletes the character before the cursor
      ---
      duration_ms: 112.478115
      type: 'test'
      ...
    # Subtest: O18 a click lands after back restores the previous page
    ok 18 - O18 a click lands after back restores the previous page
      ---
      duration_ms: 154.514885
      type: 'test'
      ...
    # Subtest: O17 press SelectAll then Backspace empties the field
    ok 19 - O17 press SelectAll then Backspace empties the field
      ---
      duration_ms: 105.042214
      type: 'test'
      ...
    # Subtest: O19 targetless press Tab moves focus from First to Second
    not ok 20 - O19 targetless press Tab moves focus from First to Second
      ---
      duration_ms: 108.050122
      type: 'test'
      location: '/home/user/jev-browser-wingman/.build/kb-r17c/tests/conformance-ops.test.js:188:13'
      failureType: 'testCodeFailure'
      error: 'op press needs an element'
      code: 'act-failed'
      name: 'ActFailedError'
      stack: |-
        CdpDriver.act (file:///home/user/jev-browser-wingman/.build/kb-r17c/src/adapters/cdp.js:495:23)
        file:///home/user/jev-browser-wingman/.build/kb-r17c/tests/conformance-ops.test.js:355:30
        async withPage (file:///home/user/jev-browser-wingman/.build/kb-r17c/tests/conformance-ops.test.js:106:16)
        async TestContext.<anonymous> (file:///home/user/jev-browser-wingman/.build/kb-r17c/tests/conformance-ops.test.js:189:17)
        async Test.run (node:internal/test_runner/test:1054:7)
        async Suite.processPendingSubtests (node:internal/test_runner/test:744:7)
      ...
    # Subtest: O20 answerDialog accepts a confirm, then dismisses on a second page
    ok 21 - O20 answerDialog accepts a confirm, then dismisses on a second page
      ---
      duration_ms: 20222.304717
      type: 'test'
      ...
    1..21
not ok 3 - cdp
  ---
  duration_ms: 24214.865772
  type: 'suite'
  location: '/home/user/jev-browser-wingman/.build/kb-r17c/tests/conformance-ops.test.js:177:5'
  failureType: 'subtestsFailed'
  error: '1 subtest failed'
  code: 'ERR_TEST_FAILURE'
  ...
1..3
# tests 45
# suites 3
# pass 43
# fail 1
# cancelled 0
# skipped 0
# todo 1
# duration_ms 32244.601766
RUN-TESTS: files=1 tests=45 pass=43 fail=1
RUN-TESTS: chrome sweep (post-run): 0 matching chromes
