TAP version 13
# Subtest: E1: the four-clause chain completes in one call
ok 1 - E1: the four-clause chain completes in one call
  ---
  duration_ms: 5584.792597
  type: 'test'
  ...
# Subtest: E2: max_steps splits the chain; the re-call resumes on clause 3
ok 2 - E2: max_steps splits the chain; the re-call resumes on clause 3
  ---
  duration_ms: 4445.867249
  type: 'test'
  ...
# Subtest: E3: navigate works from a url binding, offers only url-typed bindings, and bounces no-value on none
ok 3 - E3: navigate works from a url binding, offers only url-typed bindings, and bounces no-value on none
  ---
  duration_ms: 3972.119307
  type: 'test'
  ...
# Subtest: E4: the delay page waits for Finish and finishes
ok 4 - E4: the delay page waits for Finish and finishes
  ---
  duration_ms: 5907.812217
  type: 'test'
  ...
# Subtest: E5: the verbatim 549-char t9 goal is not invalid-input through tools/call
ok 5 - E5: the verbatim 549-char t9 goal is not invalid-input through tools/call
  ---
  duration_ms: 3430.288905
  type: 'test'
  ...
# Subtest: E6: a broken link recovers with back and then opens Form
ok 6 - E6: a broken link recovers with back and then opens Form
  ---
  duration_ms: 3798.75223
  type: 'test'
  ...
# Subtest: E7: the ready variant waits for Finish without acting while ready is low
ok 7 - E7: the ready variant waits for Finish without acting while ready is low
  ---
  duration_ms: 5932.653559
  type: 'test'
  ...
# Subtest: E8: scroll_to brings Far away into view and clicks it
ok 8 - E8: scroll_to brings Far away into view and clicks it
  ---
  duration_ms: 3385.358699
  type: 'test'
  ...
# Subtest: E9: a target on the hub page is reached in one call through a supplied start-page address (r13 stuck recover)
ok 9 - E9: a target on the hub page is reached in one call through a supplied start-page address (r13 stuck recover)
  ---
  duration_ms: 4484.575692
  type: 'test'
  ...
# Subtest: E10: with no url binding the stuck recover goes back to the hub (cdp adapter)
ok 10 - E10: with no url binding the stuck recover goes back to the hub (cdp adapter)
  ---
  duration_ms: 4505.464552
  type: 'test'
  ...
# Subtest: E11: an open sub-clause whose link click lands advances on the landing, so the next sub-goal is not acted under it (r14)
ok 11 - E11: an open sub-clause whose link click lands advances on the landing, so the next sub-goal is not acted under it (r14)
  ---
  duration_ms: 3770.430371
  type: 'test'
  ...
# Subtest: E12: a same-address submit that leaves the page not ready ends post-action, and the resume never re-submits (r15)
ok 12 - E12: a same-address submit that leaves the page not ready ends post-action, and the resume never re-submits (r15)
  ---
  duration_ms: 5938.197521
  type: 'test'
  ...
# Subtest: E13: the recover path never reloads after a same-address submit (r15)
ok 13 - E13: the recover path never reloads after a same-address submit (r15)
  ---
  duration_ms: 3522.206145
  type: 'test'
  ...
# Subtest: E14: a confirm opened by the click is accepted per the step text (r17)
not ok 14 - E14: a confirm opened by the click is accepted per the step text (r17)
  ---
  duration_ms: 18939.995709
  type: 'test'
  location: '/home/user/jev-browser-wingman/.build/kb-r17c/tests/chain-e2e.test.js:984:1'
  failureType: 'testCodeFailure'
  error: |-
    reason: dialog-open
    
    'blocked' !== 'done'
    
  code: 'ERR_ASSERTION'
  name: 'AssertionError'
  expected: 'done'
  actual: 'blocked'
  operator: 'strictEqual'
  stack: |-
    TestContext.<anonymous> (file:///home/user/jev-browser-wingman/.build/kb-r17c/tests/chain-e2e.test.js:994:16)
    process.processTicksAndRejections (node:internal/process/task_queues:105:5)
    async Test.run (node:internal/test_runner/test:1054:7)
    async Test.processPendingSubtests (node:internal/test_runner/test:744:7)
  ...
# Subtest: E15: a confirm is dismissed when the step says cancel (r17)
not ok 15 - E15: a confirm is dismissed when the step says cancel (r17)
  ---
  duration_ms: 18911.797311
  type: 'test'
  location: '/home/user/jev-browser-wingman/.build/kb-r17c/tests/chain-e2e.test.js:1007:1'
  failureType: 'testCodeFailure'
  error: |-
    reason: dialog-open
    
    'blocked' !== 'done'
    
  code: 'ERR_ASSERTION'
  name: 'AssertionError'
  expected: 'done'
  actual: 'blocked'
  operator: 'strictEqual'
  stack: |-
    TestContext.<anonymous> (file:///home/user/jev-browser-wingman/.build/kb-r17c/tests/chain-e2e.test.js:1017:16)
    process.processTicksAndRejections (node:internal/process/task_queues:105:5)
    async Test.run (node:internal/test_runner/test:1054:7)
    async Test.processPendingSubtests (node:internal/test_runner/test:744:7)
  ...
# Subtest: E16: a prompt is never answered; the clause ends blocked/dialog-open (r17)
ok 16 - E16: a prompt is never answered; the clause ends blocked/dialog-open (r17)
  ---
  duration_ms: 13956.097828
  type: 'test'
  ...
# Subtest: E17: a fill then a committed targetless press Enter submits the field (r17)
ok 17 - E17: a fill then a committed targetless press Enter submits the field (r17)
  ---
  duration_ms: 3475.875292
  type: 'test'
  ...
# Subtest: E18: scroll until at least 6 items show advances on count evidence (r17)
ok 18 - E18: scroll until at least 6 items show advances on count evidence (r17)
  ---
  duration_ms: 3529.075331
  type: 'test'
  ...
# Subtest: E19: a hidden checkbox is checked through its sibling label (r17)
ok 19 - E19: a hidden checkbox is checked through its sibling label (r17)
  ---
  duration_ms: 3221.248771
  type: 'test'
  ...
1..19
# tests 19
# suites 0
# pass 17
# fail 2
# cancelled 0
# skipped 0
# todo 0
# duration_ms 121398.440021
RUN-TESTS: files=1 tests=19 pass=17 fail=2
RUN-TESTS: chrome sweep (post-run): 0 matching chromes
