TAP version 13
# Subtest: attaches to the default context and lists the page
ok 1 - attaches to the default context and lists the page
  ---
  duration_ms: 839.401712
  type: 'test'
  ...
# Subtest: observe matches the pinned form.html table
ok 2 - observe matches the pinned form.html table
  ---
  duration_ms: 781.362601
  type: 'test'
  ...
# Subtest: click Continue writes continued
ok 3 - click Continue writes continued
  ---
  duration_ms: 761.019519
  type: 'test'
  ...
# Subtest: fill never leaves the value in observe output
ok 4 - fill never leaves the value in observe output
  ---
  duration_ms: 843.260437
  type: 'test'
  ...
# Subtest: dialog is reported and stays open
ok 5 - dialog is reported and stays open
  ---
  duration_ms: 14294.878518
  type: 'test'
  ...
# Subtest: detach leaves the browser answering
ok 6 - detach leaves the browser answering
  ---
  duration_ms: 743.953395
  type: 'test'
  ...
# Subtest: act surfaces an operation failure
ok 7 - act surfaces an operation failure
  ---
  duration_ms: 701.312606
  type: 'test'
  ...
# Subtest: answerDialog with no open dialog rejects
not ok 8 - answerDialog with no open dialog rejects
  ---
  duration_ms: 662.224432
  type: 'test'
  location: '/home/user/jev-browser-wingman/.build/kb-r17c/tests/adapter-cdp.test.js:224:1'
  failureType: 'testCodeFailure'
  error: 'Missing expected rejection (ActFailedError).'
  code: 'ERR_ASSERTION'
  name: 'AssertionError'
  stack: |-
    async TestContext.<anonymous> (file:///home/user/jev-browser-wingman/.build/kb-r17c/tests/adapter-cdp.test.js:227:9)
    async Test.run (node:internal/test_runner/test:1054:7)
    async Test.processPendingSubtests (node:internal/test_runner/test:744:7)
  ...
# Subtest: attach retries a cold endpoint within its budget
ok 9 - attach retries a cold endpoint within its budget
  ---
  duration_ms: 1126.793671
  type: 'test'
  ...
1..9
# tests 9
# suites 0
# pass 8
# fail 1
# cancelled 0
# skipped 0
# todo 0
# duration_ms 20922.737375
RUN-TESTS: files=1 tests=9 pass=8 fail=1
RUN-TESTS: chrome sweep (post-run): 0 matching chromes
