TAP version 13
# Subtest: parity
    # Subtest: ADAPTER_OPS.playwright deep-equals ADAPTER_OPS.cdp
    ok 1 - ADAPTER_OPS.playwright deep-equals ADAPTER_OPS.cdp
      ---
      duration_ms: 2.71022
      type: 'test'
      ...
    # Subtest: every declared op has at least one test below (static coverage map)
    ok 2 - every declared op has at least one test below (static coverage map)
      ---
      duration_ms: 0.848283
      type: 'test'
      ...
    # Subtest: ops.html element table is identical across adapters
    ok 3 - ops.html element table is identical across adapters
      ---
      duration_ms: 326.304884
      type: 'test'
      ...
    1..3
ok 1 - parity
  ---
  duration_ms: 943.55391
  type: 'suite'
  ...
# Subtest: playwright
    # Subtest: O1 hover reveals the hover log
    ok 1 - O1 hover reveals the hover log
      ---
      duration_ms: 291.448551
      type: 'test'
      ...
    # Subtest: O2 dblclick writes the double log
    ok 2 - O2 dblclick writes the double log
      ---
      duration_ms: 228.112979
      type: 'test'
      ...
    # Subtest: O3 press Tab in First moves focus to Second
    ok 3 - O3 press Tab in First moves focus to Second
      ---
      duration_ms: 240.88397
      type: 'test'
      ...
    # Subtest: O4 fill replaces the contenteditable text
    ok 4 - O4 fill replaces the contenteditable text
      ---
      duration_ms: 200.4163
      type: 'test'
      ...
    # Subtest: O5 upload attaches the named file to the file input
    ok 5 - O5 upload attaches the named file to the file input
      ---
      duration_ms: 208.658528
      type: 'test'
      ...
    # Subtest: O6 navigate to form.html then back to ops.html
    ok 6 - O6 navigate to form.html then back to ops.html
      ---
      duration_ms: 171.60607
      type: 'test'
      ...
    # Subtest: O7 navigate rejects a non-http url
    ok 7 - O7 navigate rejects a non-http url
      ---
      duration_ms: 135.987546
      type: 'test'
      ...
    # Subtest: O8 wait sleeps about one second
    ok 8 - O8 wait sleeps about one second
      ---
      duration_ms: 1167.97318
      type: 'test'
      ...
    # Subtest: O9 scroll_up undoes a deep scroll
    ok 9 - O9 scroll_up undoes a deep scroll
      ---
      duration_ms: 262.787929
      type: 'test'
      ...
    # Subtest: O10 scroll moves the page down
    ok 10 - O10 scroll moves the page down
      ---
      duration_ms: 266.36922
      type: 'test'
      ...
    # Subtest: O11 click with a null element rejects
    ok 11 - O11 click with a null element rejects
      ---
      duration_ms: 159.806023
      type: 'test'
      ...
    # Subtest: O12 legacy ops still behave on form.html
    ok 12 - O12 legacy ops still behave on form.html
      ---
      duration_ms: 391.151931
      type: 'test'
      ...
    # Subtest: O12 check and uncheck on styled-controls.html
    ok 13 - O12 check and uncheck on styled-controls.html
      ---
      duration_ms: 327.698465
      type: 'test'
      ...
    # Subtest: O13 scroll_to brings Far away into view and clicks it
    ok 14 - O13 scroll_to brings Far away into view and clicks it
      ---
      duration_ms: 275.86229
      type: 'test'
      ...
    # Subtest: O14 reload resets the page
    ok 15 - O14 reload resets the page
      ---
      duration_ms: 148.725252
      type: 'test'
      ...
    # Subtest: O15 press ShiftTab in Second moves focus back to First
    ok 16 - O15 press ShiftTab in Second moves focus back to First
      ---
      duration_ms: 254.3693
      type: 'test'
      ...
    # Subtest: O16 press Backspace deletes the character before the cursor
    ok 17 - O16 press Backspace deletes the character before the cursor
      ---
      duration_ms: 221.057015
      type: 'test'
      ...
    # Subtest: O18 a click lands after back restores the previous page
    ok 18 - O18 a click lands after back restores the previous page # TODO OPEN-1 (r13): playwright click after a bfcache back timed out 5/5 in r12
      ---
      duration_ms: 355.027655
      type: 'test'
      ...
    # Subtest: O17 press SelectAll then Backspace empties the field
    ok 19 - O17 press SelectAll then Backspace empties the field
      ---
      duration_ms: 392.055501
      type: 'test'
      ...
    # Subtest: O19 targetless press Tab moves focus from First to Second
    ok 20 - O19 targetless press Tab moves focus from First to Second
      ---
      duration_ms: 232.349335
      type: 'test'
      ...
    # Subtest: O20 answerDialog accepts a confirm, then dismisses on a second page
    not ok 21 - O20 answerDialog accepts a confirm, then dismisses on a second page
      ---
      duration_ms: 15215.091592
      type: 'test'
      location: '/home/user/jev-browser-wingman/.build/kb-r17c/tests/conformance-ops.test.js:365:13'
      failureType: 'testCodeFailure'
      error: 'cdp timeout: Runtime.evaluate'
      code: 'ERR_TEST_FAILURE'
      stack: |-
        Timeout._onTimeout (file:///home/user/jev-browser-wingman/.build/kb-r17c/src/adapters/cdp-connection.js:107:24)
        listOnTimeout (node:internal/timers:588:17)
        process.processTimers (node:internal/timers:523:7)
      ...
    1..21
not ok 2 - playwright
  ---
  duration_ms: 21699.842491
  type: 'suite'
  location: '/home/user/jev-browser-wingman/.build/kb-r17c/tests/conformance-ops.test.js:177:5'
  failureType: 'subtestsFailed'
  error: '1 subtest failed'
  code: 'ERR_TEST_FAILURE'
  ...
# Subtest: cdp
    # Subtest: O1 hover reveals the hover log
    ok 1 - O1 hover reveals the hover log
      ---
      duration_ms: 167.813644
      type: 'test'
      ...
    # Subtest: O2 dblclick writes the double log
    ok 2 - O2 dblclick writes the double log
      ---
      duration_ms: 121.010769
      type: 'test'
      ...
    # Subtest: O3 press Tab in First moves focus to Second
    ok 3 - O3 press Tab in First moves focus to Second
      ---
      duration_ms: 142.453879
      type: 'test'
      ...
    # Subtest: O4 fill replaces the contenteditable text
    ok 4 - O4 fill replaces the contenteditable text
      ---
      duration_ms: 121.365413
      type: 'test'
      ...
    # Subtest: O5 upload attaches the named file to the file input
    ok 5 - O5 upload attaches the named file to the file input
      ---
      duration_ms: 115.396318
      type: 'test'
      ...
    # Subtest: O6 navigate to form.html then back to ops.html
    ok 6 - O6 navigate to form.html then back to ops.html
      ---
      duration_ms: 144.399354
      type: 'test'
      ...
    # Subtest: O7 navigate rejects a non-http url
    ok 7 - O7 navigate rejects a non-http url
      ---
      duration_ms: 75.722919
      type: 'test'
      ...
    # Subtest: O8 wait sleeps about one second
    ok 8 - O8 wait sleeps about one second
      ---
      duration_ms: 1086.266776
      type: 'test'
      ...
    # Subtest: O9 scroll_up undoes a deep scroll
    ok 9 - O9 scroll_up undoes a deep scroll
      ---
      duration_ms: 208.995127
      type: 'test'
      ...
    # Subtest: O10 scroll moves the page down
    ok 10 - O10 scroll moves the page down
      ---
      duration_ms: 181.9929
      type: 'test'
      ...
    # Subtest: O11 click with a null element rejects
    ok 11 - O11 click with a null element rejects
      ---
      duration_ms: 74.086207
      type: 'test'
      ...
    # Subtest: O12 legacy ops still behave on form.html
    ok 12 - O12 legacy ops still behave on form.html
      ---
      duration_ms: 190.146076
      type: 'test'
      ...
    # Subtest: O12 check and uncheck on styled-controls.html
    ok 13 - O12 check and uncheck on styled-controls.html
      ---
      duration_ms: 122.319344
      type: 'test'
      ...
    # Subtest: O13 scroll_to brings Far away into view and clicks it
    ok 14 - O13 scroll_to brings Far away into view and clicks it
      ---
      duration_ms: 112.973362
      type: 'test'
      ...
    # Subtest: O14 reload resets the page
    ok 15 - O14 reload resets the page
      ---
      duration_ms: 105.927484
      type: 'test'
      ...
    # Subtest: O15 press ShiftTab in Second moves focus back to First
    ok 16 - O15 press ShiftTab in Second moves focus back to First
      ---
      duration_ms: 118.704397
      type: 'test'
      ...
    # Subtest: O16 press Backspace deletes the character before the cursor
    ok 17 - O16 press Backspace deletes the character before the cursor
      ---
      duration_ms: 142.24749
      type: 'test'
      ...
    # Subtest: O18 a click lands after back restores the previous page
    ok 18 - O18 a click lands after back restores the previous page
      ---
      duration_ms: 186.770224
      type: 'test'
      ...
    # Subtest: O17 press SelectAll then Backspace empties the field
    ok 19 - O17 press SelectAll then Backspace empties the field
      ---
      duration_ms: 129.192261
      type: 'test'
      ...
    # Subtest: O19 targetless press Tab moves focus from First to Second
    ok 20 - O19 targetless press Tab moves focus from First to Second
      ---
      duration_ms: 98.992479
      type: 'test'
      ...
    # Subtest: O20 answerDialog accepts a confirm, then dismisses on a second page
    ok 21 - O20 answerDialog accepts a confirm, then dismisses on a second page
      ---
      duration_ms: 20197.185648
      type: 'test'
      ...
    1..21
ok 3 - cdp
  ---
  duration_ms: 24417.271393
  type: 'suite'
  ...
1..3
# tests 45
# suites 3
# pass 43
# fail 1
# cancelled 0
# skipped 0
# todo 1
# duration_ms 47635.0878
RUN-TESTS: files=1 tests=45 pass=43 fail=1
RUN-TESTS: chrome sweep (post-run): 0 matching chromes
