TAP version 13
# Subtest: attaches to the default context and lists the page
ok 1 - attaches to the default context and lists the page
  ---
  duration_ms: 793.010161
  type: 'test'
  ...
# Subtest: observe matches the pinned form.html table
ok 2 - observe matches the pinned form.html table
  ---
  duration_ms: 750.032575
  type: 'test'
  ...
# Subtest: click Continue writes continued
ok 3 - click Continue writes continued
  ---
  duration_ms: 1108.396414
  type: 'test'
  ...
# Subtest: fill never leaves the value in observe output
ok 4 - fill never leaves the value in observe output
  ---
  duration_ms: 1043.720508
  type: 'test'
  ...
# Subtest: dialog is reported and stays open
ok 5 - dialog is reported and stays open
  ---
  duration_ms: 10877.863227
  type: 'test'
  ...
# Subtest: answerDialog with no open dialog rejects
ok 6 - answerDialog with no open dialog rejects
  ---
  duration_ms: 784.808477
  type: 'test'
  ...
# Subtest: detach leaves the browser answering
ok 7 - detach leaves the browser answering
  ---
  duration_ms: 742.693039
  type: 'test'
  ...
# Subtest: check on a sibling-label hidden checkbox activates the control itself (r17b)
ok 8 - check on a sibling-label hidden checkbox activates the control itself (r17b)
  ---
  duration_ms: 909.641642
  type: 'test'
  ...
# Subtest: attach retries a cold endpoint within its budget
ok 9 - attach retries a cold endpoint within its budget
  ---
  duration_ms: 871.867101
  type: 'test'
  ...
1..9
# tests 9
# suites 0
# pass 9
# fail 0
# cancelled 0
# skipped 0
# todo 0
# duration_ms 28182.003179
RUN-TESTS: files=1 tests=9 pass=9 fail=0
RUN-TESTS: chrome sweep (post-run): 0 matching chromes
