TAP version 13
# Subtest: parity
    # Subtest: ADAPTER_OPS.playwright deep-equals ADAPTER_OPS.cdp
    ok 1 - ADAPTER_OPS.playwright deep-equals ADAPTER_OPS.cdp
      ---
      duration_ms: 4.060036
      type: 'test'
      ...
    # Subtest: every declared op has at least one test below (static coverage map)
    ok 2 - every declared op has at least one test below (static coverage map)
      ---
      duration_ms: 0.79166
      type: 'test'
      ...
    # Subtest: ops.html element table is identical across adapters
    ok 3 - ops.html element table is identical across adapters
      ---
      duration_ms: 335.784443
      type: 'test'
      ...
    1..3
ok 1 - parity
  ---
  duration_ms: 956.262984
  type: 'suite'
  ...
# Subtest: playwright
    # Subtest: O1 hover reveals the hover log
    ok 1 - O1 hover reveals the hover log
      ---
      duration_ms: 276.785714
      type: 'test'
      ...
    # Subtest: O2 dblclick writes the double log
    ok 2 - O2 dblclick writes the double log
      ---
      duration_ms: 243.763883
      type: 'test'
      ...
    # Subtest: O3 press Tab in First moves focus to Second
    ok 3 - O3 press Tab in First moves focus to Second
      ---
      duration_ms: 260.032809
      type: 'test'
      ...
    # Subtest: O4 fill replaces the contenteditable text
    ok 4 - O4 fill replaces the contenteditable text
      ---
      duration_ms: 241.535338
      type: 'test'
      ...
    # Subtest: O5 upload attaches the named file to the file input
    ok 5 - O5 upload attaches the named file to the file input
      ---
      duration_ms: 219.552699
      type: 'test'
      ...
    # Subtest: O6 navigate to form.html then back to ops.html
    ok 6 - O6 navigate to form.html then back to ops.html
      ---
      duration_ms: 163.904753
      type: 'test'
      ...
    # Subtest: O7 navigate rejects a non-http url
    ok 7 - O7 navigate rejects a non-http url
      ---
      duration_ms: 118.385024
      type: 'test'
      ...
    # Subtest: O8 wait sleeps about one second
    ok 8 - O8 wait sleeps about one second
      ---
      duration_ms: 1133.022317
      type: 'test'
      ...
    # Subtest: O9 scroll_up undoes a deep scroll
    ok 9 - O9 scroll_up undoes a deep scroll
      ---
      duration_ms: 266.60888
      type: 'test'
      ...
    # Subtest: O10 scroll moves the page down
    ok 10 - O10 scroll moves the page down
      ---
      duration_ms: 256.118891
      type: 'test'
      ...
    # Subtest: O11 click with a null element rejects
    ok 11 - O11 click with a null element rejects
      ---
      duration_ms: 129.763869
      type: 'test'
      ...
    # Subtest: O12 legacy ops still behave on form.html
    ok 12 - O12 legacy ops still behave on form.html
      ---
      duration_ms: 317.368258
      type: 'test'
      ...
    # Subtest: O12 check and uncheck on styled-controls.html
    ok 13 - O12 check and uncheck on styled-controls.html
      ---
      duration_ms: 286.212877
      type: 'test'
      ...
    # Subtest: O13 scroll_to brings Far away into view and clicks it
    ok 14 - O13 scroll_to brings Far away into view and clicks it
      ---
      duration_ms: 286.218621
      type: 'test'
      ...
    # Subtest: O14 reload resets the page
    ok 15 - O14 reload resets the page
      ---
      duration_ms: 159.721162
      type: 'test'
      ...
    # Subtest: O15 press ShiftTab in Second moves focus back to First
    ok 16 - O15 press ShiftTab in Second moves focus back to First
      ---
      duration_ms: 252.920184
      type: 'test'
      ...
    # Subtest: O16 press Backspace deletes the character before the cursor
    ok 17 - O16 press Backspace deletes the character before the cursor
      ---
      duration_ms: 241.117321
      type: 'test'
      ...
    # Subtest: O18 a click lands after back restores the previous page
    ok 18 - O18 a click lands after back restores the previous page # TODO OPEN-1 (r13): playwright click after a bfcache back timed out 5/5 in r12
      ---
      duration_ms: 334.058116
      type: 'test'
      ...
    # Subtest: O17 press SelectAll then Backspace empties the field
    ok 19 - O17 press SelectAll then Backspace empties the field
      ---
      duration_ms: 279.608546
      type: 'test'
      ...
    # Subtest: O19 targetless press Tab moves focus from First to Second
    not ok 20 - O19 targetless press Tab moves focus from First to Second
      ---
      duration_ms: 230.925552
      type: 'test'
      location: '/home/user/jev-browser-wingman/.build/kb-r17c/tests/conformance-ops.test.js:188:13'
      failureType: 'testCodeFailure'
      error: 'op press needs an element'
      code: 'act-failed'
      name: 'ActFailedError'
      stack: |-
        Object.act (file:///home/user/jev-browser-wingman/.build/kb-r17c/src/adapters/playwright.js:312:27)
        file:///home/user/jev-browser-wingman/.build/kb-r17c/tests/conformance-ops.test.js:355:30
        async withPage (file:///home/user/jev-browser-wingman/.build/kb-r17c/tests/conformance-ops.test.js:106:16)
        async TestContext.<anonymous> (file:///home/user/jev-browser-wingman/.build/kb-r17c/tests/conformance-ops.test.js:189:17)
        async Test.run (node:internal/test_runner/test:1054:7)
        async Suite.processPendingSubtests (node:internal/test_runner/test:744:7)
      ...
    # Subtest: O20 answerDialog accepts a confirm, then dismisses on a second page
    ok 21 - O20 answerDialog accepts a confirm, then dismisses on a second page
      ---
      duration_ms: 424.952338
      type: 'test'
      ...
    1..21
not ok 2 - playwright
  ---
  duration_ms: 6698.167549
  type: 'suite'
  location: '/home/user/jev-browser-wingman/.build/kb-r17c/tests/conformance-ops.test.js:177:5'
  failureType: 'subtestsFailed'
  error: '1 subtest failed'
  code: 'ERR_TEST_FAILURE'
  ...
# Subtest: cdp
    # Subtest: O1 hover reveals the hover log
    ok 1 - O1 hover reveals the hover log
      ---
      duration_ms: 180.594388
      type: 'test'
      ...
    # Subtest: O2 dblclick writes the double log
    ok 2 - O2 dblclick writes the double log
      ---
      duration_ms: 124.013439
      type: 'test'
      ...
    # Subtest: O3 press Tab in First moves focus to Second
    ok 3 - O3 press Tab in First moves focus to Second
      ---
      duration_ms: 144.267692
      type: 'test'
      ...
    # Subtest: O4 fill replaces the contenteditable text
    ok 4 - O4 fill replaces the contenteditable text
      ---
      duration_ms: 123.100408
      type: 'test'
      ...
    # Subtest: O5 upload attaches the named file to the file input
    ok 5 - O5 upload attaches the named file to the file input
      ---
      duration_ms: 119.638032
      type: 'test'
      ...
    # Subtest: O6 navigate to form.html then back to ops.html
    ok 6 - O6 navigate to form.html then back to ops.html
      ---
      duration_ms: 178.45493
      type: 'test'
      ...
    # Subtest: O7 navigate rejects a non-http url
    ok 7 - O7 navigate rejects a non-http url
      ---
      duration_ms: 97.835359
      type: 'test'
      ...
    # Subtest: O8 wait sleeps about one second
    ok 8 - O8 wait sleeps about one second
      ---
      duration_ms: 1089.890949
      type: 'test'
      ...
    # Subtest: O9 scroll_up undoes a deep scroll
    ok 9 - O9 scroll_up undoes a deep scroll
      ---
      duration_ms: 220.676146
      type: 'test'
      ...
    # Subtest: O10 scroll moves the page down
    ok 10 - O10 scroll moves the page down
      ---
      duration_ms: 219.59744
      type: 'test'
      ...
    # Subtest: O11 click with a null element rejects
    ok 11 - O11 click with a null element rejects
      ---
      duration_ms: 96.715919
      type: 'test'
      ...
    # Subtest: O12 legacy ops still behave on form.html
    ok 12 - O12 legacy ops still behave on form.html
      ---
      duration_ms: 207.135603
      type: 'test'
      ...
    # Subtest: O12 check and uncheck on styled-controls.html
    ok 13 - O12 check and uncheck on styled-controls.html
      ---
      duration_ms: 184.996506
      type: 'test'
      ...
    # Subtest: O13 scroll_to brings Far away into view and clicks it
    ok 14 - O13 scroll_to brings Far away into view and clicks it
      ---
      duration_ms: 165.194333
      type: 'test'
      ...
    # Subtest: O14 reload resets the page
    ok 15 - O14 reload resets the page
      ---
      duration_ms: 119.114638
      type: 'test'
      ...
    # Subtest: O15 press ShiftTab in Second moves focus back to First
    ok 16 - O15 press ShiftTab in Second moves focus back to First
      ---
      duration_ms: 141.554665
      type: 'test'
      ...
    # Subtest: O16 press Backspace deletes the character before the cursor
    ok 17 - O16 press Backspace deletes the character before the cursor
      ---
      duration_ms: 141.999549
      type: 'test'
      ...
    # Subtest: O18 a click lands after back restores the previous page
    ok 18 - O18 a click lands after back restores the previous page
      ---
      duration_ms: 243.153995
      type: 'test'
      ...
    # Subtest: O17 press SelectAll then Backspace empties the field
    ok 19 - O17 press SelectAll then Backspace empties the field
      ---
      duration_ms: 177.376218
      type: 'test'
      ...
    # Subtest: O19 targetless press Tab moves focus from First to Second
    ok 20 - O19 targetless press Tab moves focus from First to Second
      ---
      duration_ms: 128.922778
      type: 'test'
      ...
    # Subtest: O20 answerDialog accepts a confirm, then dismisses on a second page
    ok 21 - O20 answerDialog accepts a confirm, then dismisses on a second page
      ---
      duration_ms: 20237.05791
      type: 'test'
      ...
    1..21
ok 3 - cdp
  ---
  duration_ms: 24923.45246
  type: 'suite'
  ...
1..3
# tests 45
# suites 3
# pass 43
# fail 1
# cancelled 0
# skipped 0
# todo 1
# duration_ms 33229.926725
RUN-TESTS: files=1 tests=45 pass=43 fail=1
RUN-TESTS: chrome sweep (post-run): 0 matching chromes
