TAP version 13
# Subtest: bounce 1 on a goal appends the retry-or-take-over sentence to the caller note
ok 1 - bounce 1 on a goal appends the retry-or-take-over sentence to the caller note
  ---
  duration_ms: 7.864339
  type: 'test'
  ...
# Subtest: bounce 2 on the same goal replaces the note with the stop-calling sentence
ok 2 - bounce 2 on the same goal replaces the note with the stop-calling sentence
  ---
  duration_ms: 1.427565
  type: 'test'
  ...
# Subtest: bounce 3 on the same goal replaces the note with the not-able-to-progress sentence
ok 3 - bounce 3 on the same goal replaces the note with the not-able-to-progress sentence
  ---
  duration_ms: 0.961245
  type: 'test'
  ...
# Subtest: bounce 4 and beyond stay at tier 3
ok 4 - bounce 4 and beyond stay at tier 3
  ---
  duration_ms: 0.676209
  type: 'test'
  ...
# Subtest: a different goal text starts the ladder again at tier 1
ok 5 - a different goal text starts the ladder again at tier 1
  ---
  duration_ms: 0.981051
  type: 'test'
  ...
# Subtest: a done result carries no note, and bounces after it resume the ladder, not restart it
ok 6 - a done result carries no note, and bounces after it resume the ladder, not restart it
  ---
  duration_ms: 5.581363
  type: 'test'
  ...
# Subtest: a target-covered bounce escalates like any bounce
ok 7 - a target-covered bounce escalates like any bounce
  ---
  duration_ms: 0.989203
  type: 'test'
  ...
# Subtest: takeover-offered and budget-steps keep their static notes even after bounces on the goal
ok 8 - takeover-offered and budget-steps keep their static notes even after bounces on the goal
  ---
  duration_ms: 3.66676
  type: 'test'
  ...
1..8
# tests 8
# suites 0
# pass 8
# fail 0
# cancelled 0
# skipped 0
# todo 0
# duration_ms 159.035511
RUN-TESTS: files=1 tests=8 pass=8 fail=0
RUN-TESTS: chrome sweep (post-run): 0 matching chromes
