TAP version 13
# Subtest: tools/list in shadow mode lists three tools in the pinned order
ok 1 - tools/list in shadow mode lists three tools in the pinned order
  ---
  duration_ms: 1341.309337
  type: 'test'
  ...
# Subtest: browse_step carries the pinned description
ok 2 - browse_step carries the pinned description
  ---
  duration_ms: 735.405356
  type: 'test'
  ...
# Subtest: browse_step schema matches the pinned schema
ok 3 - browse_step schema matches the pinned schema
  ---
  duration_ms: 761.526425
  type: 'test'
  ...
# Subtest: the default config lists only browse_step
ok 4 - the default config lists only browse_step
  ---
  duration_ms: 976.104534
  type: 'test'
  ...
# Subtest: a first call with the verbatim t9 goal, seven steps and a numeric value is not invalid-input
ok 5 - a first call with the verbatim t9 goal, seven steps and a numeric value is not invalid-input
  ---
  duration_ms: 730.19621
  type: 'test'
  ...
# Subtest: browse_step dispatches a committed takeover result through tools/call
ok 6 - browse_step dispatches a committed takeover result through tools/call
  ---
  duration_ms: 3136.844549
  type: 'test'
  ...
# Subtest: <redacted4>man.step validates input and returns error invalid-input
ok 7 - <redacted4>man.step validates input and returns error invalid-input
  ---
  duration_ms: 3.278322
  type: 'test'
  ...
1..7
# tests 7
# suites 0
# pass 7
# fail 0
# cancelled 0
# skipped 0
# todo 0
# duration_ms 8631.88895
RUN-TESTS: files=1 tests=7 pass=7 fail=0
RUN-TESTS: chrome sweep (post-run): 0 matching chromes
