TAP version 13
# Subtest: T1: three clauses act once each and end done with progress {3,3,3}
ok 1 - T1: three clauses act once each and end done with progress {3,3,3}
  ---
  duration_ms: 12.764631
  type: 'test'
  ...
# Subtest: T2: max_steps stops mid-chain with steps_done 2; the re-call resumes on clause 3
ok 2 - T2: max_steps stops mid-chain with steps_done 2; the re-call resumes on clause 3
  ---
  duration_ms: 3.681231
  type: 'test'
  ...
# Subtest: T3: the same goal with changed steps starts at clause 1
ok 3 - T3: the same goal with changed steps starts at clause 1
  ---
  duration_ms: 2.643575
  type: 'test'
  ...
# Subtest: T4: a fresh chain where every clause is already done ends already-done with zero acts
ok 4 - T4: a fresh chain where every clause is already done ends already-done with zero acts
  ---
  duration_ms: 0.684373
  type: 'test'
  ...
# Subtest: T5: a legacy entry whose round-1 done fires twice with zero acts bounces already-done
ok 5 - T5: a legacy entry whose round-1 done fires twice with zero acts bounces already-done
  ---
  duration_ms: 0.958941
  type: 'test'
  ...
# Subtest: T6: a chain non-commit retries once, then bounces with the redacted clause and progress
ok 6 - T6: a chain non-commit retries once, then bounces with the redacted clause and progress
  ---
  duration_ms: 2.109682
  type: 'test'
  ...
# Subtest: T6b: a non-pick chain commit onto an obscured element bounces target-covered with evidence
ok 7 - T6b: a non-pick chain commit onto an obscured element bounces target-covered with evidence
  ---
  duration_ms: 1.050001
  type: 'test'
  ...
# Subtest: T7: every § 5.5.5 forced-table row is exact under forced; optional keeps today’s strings; forced bounces never escalate
ok 8 - T7: every § 5.5.5 forced-table row is exact under forced; optional keeps today’s strings; forced bounces never escalate
  ---
  duration_ms: 8.544873
  type: 'test'
  ...
# Subtest: T8: a pick acts with zero asks, and the chain continues after it
ok 9 - T8: a pick acts with zero asks, and the chain continues after it
  ---
  duration_ms: 0.835072
  type: 'test'
  ...
# Subtest: T8: a multi-match pick returns the unmatched line with both candidates and zero acts
ok 10 - T8: a multi-match pick returns the unmatched line with both candidates and zero acts
  ---
  duration_ms: 0.689136
  type: 'test'
  ...
# Subtest: T8: a pick onto an obscured element returns target-covered
ok 11 - T8: a pick onto an obscured element returns target-covered
  ---
  duration_ms: 0.399305
  type: 'test'
  ...
# Subtest: T8: a pick onto a submit button under gate confirm returns needs_confirmation
ok 12 - T8: a pick onto a submit button under gate confirm returns needs_confirmation
  ---
  duration_ms: 0.794828
  type: 'test'
  ...
# Subtest: T9: navigate acts only from a url-typed binding; other answers bounce no-value with zero navigate acts
ok 13 - T9: navigate acts only from a url-typed binding; other answers bounce no-value with zero navigate acts
  ---
  duration_ms: 4.721367
  type: 'test'
  ...
# Subtest: T9: wingman_do action criteria never contain navigate or back
ok 14 - T9: wingman_do action criteria never contain navigate or back
  ---
  duration_ms: 1.022885
  type: 'test'
  ...
# Subtest: T10: a click on a file input with a path binding converts to upload and acts with the path
ok 15 - T10: a click on a file input with a path binding converts to upload and acts with the path
  ---
  duration_ms: 1.225637
  type: 'test'
  ...
# Subtest: T10: a click on a file input with no path binding is no-value with zero acts
ok 16 - T10: a click on a file input with no path binding is no-value with zero acts
  ---
  duration_ms: 0.624484
  type: 'test'
  ...
# Subtest: T11: chain press acts with the key answer; none or low key bounces low-confidence
ok 17 - T11: chain press acts with the key answer; none or low key bounces low-confidence
  ---
  duration_ms: 2.255128
  type: 'test'
  ...
# Subtest: T11: wingman_do press falls back to Enter on a low key answer
ok 18 - T11: wingman_do press falls back to Enter on a low key answer
  ---
  duration_ms: 0.523325
  type: 'test'
  ...
# Subtest: T12: a chain scroll round with target none acts (null, scroll)
ok 19 - T12: a chain scroll round with target none acts (null, scroll)
  ---
  duration_ms: 0.710831
  type: 'test'
  ...
# Subtest: T13: wait acts leave steps unchanged; the wait after the cap bounces no-match
ok 20 - T13: wait acts leave steps unchanged; the wait after the cap bounces no-match
  ---
  duration_ms: 1.300589
  type: 'test'
  ...
# Subtest: T14: a mid-chain time budget ends budget-time with the correct progress
ok 21 - T14: a mid-chain time budget ends budget-time with the correct progress
  ---
  duration_ms: 0.811541
  type: 'test'
  ...
# Subtest: T15: a two-stage round with a targetless action choice skips request 2
ok 22 - T15: a two-stage round with a targetless action choice skips request 2
  ---
  duration_ms: 1.137771
  type: 'test'
  ...
# Subtest: T16: no binding value appears in the requests or results of chain traffic
ok 23 - T16: no binding value appears in the requests or results of chain traffic
  ---
  duration_ms: 1.901417
  type: 'test'
  ...
# Subtest: T17: the chain log record carries only § 5.1 fields plus progress and acts_by_op
ok 24 - T17: the chain log record carries only § 5.1 fields plus progress and acts_by_op
  ---
  duration_ms: 2.000136
  type: 'test'
  ...
# Subtest: T18: a legacy driver never sees a new verb offered; a pick hover is unsupported-op
ok 25 - T18: a legacy driver never sees a new verb offered; a pick hover is unsupported-op
  ---
  duration_ms: 0.700832
  type: 'test'
  ...
# Subtest: T19: the verbatim 549-char t9 goal with seven steps and numeric values validates
ok 26 - T19: the verbatim 549-char t9 goal with seven steps and numeric values validates
  ---
  duration_ms: 4.303717
  type: 'test'
  ...
# Subtest: T20: every § 5.5.1 validation row reports its exact message
ok 27 - T20: every § 5.5.1 validation row reports its exact message
  ---
  duration_ms: 1.30628
  type: 'test'
  ...
# Subtest: T21: a reached target page ends done, not page-error (legacy and chain)
ok 28 - T21: a reached target page ends done, not page-error (legacy and chain)
  ---
  duration_ms: 0.856172
  type: 'test'
  ...
# Subtest: T22: oversized text is cut; a payload that cannot fit ends state-too-large
ok 29 - T22: oversized text is cut; a payload that cannot fit ends state-too-large
  ---
  duration_ms: 2.123371
  type: 'test'
  ...
# Subtest: T22b: the fixed per-round question overhead alone never triggers state-too-large; state + longest question over the limit still does
ok 30 - T22b: the fixed per-round question overhead alone never triggers state-too-large; state + longest question over the limit still does
  ---
  duration_ms: 1.27453
  type: 'test'
  ...
# Subtest: T23: two consecutive low right_page rounds on one clause bounce wrong-page
ok 31 - T23: two consecutive low right_page rounds on one clause bounce wrong-page
  ---
  duration_ms: 0.630715
  type: 'test'
  ...
# Subtest: T23: right_page low then high does not bounce, and an advance resets the counter
ok 32 - T23: right_page low then high does not bounce, and an advance resets the counter
  ---
  duration_ms: 2.79617
  type: 'test'
  ...
# Subtest: T24: a not-ready round waits without counting a step; three low rounds bounce not-ready
ok 33 - T24: a not-ready round waits without counting a step; three low rounds bounce not-ready
  ---
  duration_ms: 0.817475
  type: 'test'
  ...
# Subtest: T24: ready low then high decides normally
ok 34 - T24: ready low then high decides normally
  ---
  duration_ms: 0.846364
  type: 'test'
  ...
# Subtest: T24: a driver without wait settles instead of acting on a not-ready round
ok 35 - T24: a driver without wait settles instead of acting on a not-ready round
  ---
  duration_ms: 0.770385
  type: 'test'
  ...
# Subtest: T24: navigate is exempt from the ready gate — a low-ready round still commits the navigate, not a wait
ok 36 - T24: navigate is exempt from the ready gate — a low-ready round still commits the navigate, not a wait
  ---
  duration_ms: 0.895112
  type: 'test'
  ...
# Subtest: T25: recover back, reload, wait and continue act; give-up and a low answer end page-error
ok 37 - T25: recover back, reload, wait and continue act; give-up and a low answer end page-error
  ---
  duration_ms: 2.635318
  type: 'test'
  ...
# Subtest: T25: continue falls through to the normal decision; the cap ends page-error
ok 38 - T25: continue falls through to the normal decision; the cap ends page-error
  ---
  duration_ms: 1.113765
  type: 'test'
  ...
# Subtest: T25: legacy browse_step recovers the same way; wingman_do never asks recover
ok 39 - T25: legacy browse_step recovers the same way; wingman_do never asks recover
  ---
  duration_ms: 1.176357
  type: 'test'
  ...
# Subtest: T26: scroll_to acts on its committed target; a non-committing target scrolls down instead
ok 40 - T26: scroll_to acts on its committed target; a non-committing target scrolls down instead
  ---
  duration_ms: 0.876523
  type: 'test'
  ...
# Subtest: T27: a chain request offers scroll_to, never reload; the offered set intersects driver ops
ok 41 - T27: a chain request offers scroll_to, never reload; the offered set intersects driver ops
  ---
  duration_ms: 0.632619
  type: 'test'
  ...
# Subtest: T28: a browse_step ask on a sensitive page under forced+enforce returns the forced sensitive line with zero asks
ok 42 - T28: a browse_step ask on a sensitive page under forced+enforce returns the forced sensitive line with zero asks
  ---
  duration_ms: 0.605551
  type: 'test'
  ...
# Subtest: T28: a pick acts on the sensitive page with zero asks; the next ask round is sensitive again
ok 43 - T28: a pick acts on the sensitive page with zero asks; the next ask round is sensitive again
  ---
  duration_ms: 0.682626
  type: 'test'
  ...
# Subtest: T28: optional mode keeps SENSITIVE_LINE; forced wingman_do gets the forced line, optional the old one
ok 44 - T28: optional mode keeps SENSITIVE_LINE; forced wingman_do gets the forced line, optional the old one
  ---
  duration_ms: 0.775665
  type: 'test'
  ...
# Subtest: splitCompoundClause: the r11 boundary table, verbatim
ok 45 - splitCompoundClause: the r11 boundary table, verbatim
  ---
  duration_ms: 0.781026
  type: 'test'
  ...
# Subtest: expandClauses: parents map back to the caller clause; over the cap returns null
ok 46 - expandClauses: parents map back to the caller clause; over the cap returns null
  ---
  duration_ms: 1.230616
  type: 'test'
  ...
# Subtest: T-decompose-cap: 7 compound caller clauses (14 sub-clauses) decompose instead of running unsplit
ok 47 - T-decompose-cap: 7 compound caller clauses (14 sub-clauses) decompose instead of running unsplit
  ---
  duration_ms: 1.231063
  type: 'test'
  ...
# Subtest: T-decompose-order: a compound clause executes sub-goals in order with parent-mapped progress
ok 48 - T-decompose-order: a compound clause executes sub-goals in order with parent-mapped progress
  ---
  duration_ms: 0.595228
  type: 'test'
  ...
# Subtest: T-decompose-progress: a mid-call result inside caller clause 2 carries parent-mapped progress
ok 49 - T-decompose-progress: a mid-call result inside caller clause 2 carries parent-mapped progress
  ---
  duration_ms: 0.711904
  type: 'test'
  ...
# Subtest: T-decompose-resume: chain memory resumes mid-clause on the exact sub-clause
ok 50 - T-decompose-resume: chain memory resumes mid-clause on the exact sub-clause
  ---
  duration_ms: 0.910721
  type: 'test'
  ...
# Subtest: T-decompose-twice: a "...twice" tail inside a compound clause lands exactly 2 clicks on its own sub-clause
ok 51 - T-decompose-twice: a "...twice" tail inside a compound clause lands exactly 2 clicks on its own sub-clause
  ---
  duration_ms: 1.062761
  type: 'test'
  ...
# Subtest: T-decompose-premature: a none answer on the operative sub-clause consumes the retry, then bounces no-match
ok 52 - T-decompose-premature: a none answer on the operative sub-clause consumes the retry, then bounces no-match
  ---
  duration_ms: 0.676395
  type: 'test'
  ...
# Subtest: T-decompose-genuine-nomatch: a genuine none on an atomic clause still bounces step-uncertain/no-match
ok 53 - T-decompose-genuine-nomatch: a genuine none on an atomic clause still bounces step-uncertain/no-match
  ---
  duration_ms: 0.355084
  type: 'test'
  ...
# Subtest: T-stuck-url: a confident none on a hub-miss clause asks the stuck recover and navigates to the url binding, then the clause lands
ok 54 - T-stuck-url: a confident none on a hub-miss clause asks the stuck recover and navigates to the url binding, then the clause lands
  ---
  duration_ms: 1.22926
  type: 'test'
  ...
# Subtest: T-stuck-back: with no url binding the stuck recover goes back, then the clause lands
ok 55 - T-stuck-back: with no url binding the stuck recover goes back, then the clause lands
  ---
  duration_ms: 1.063534
  type: 'test'
  ...
# Subtest: T-stuck-giveup: give-up and a sub-threshold answer both end in the deferred no-match bounce with zero acts
ok 56 - T-stuck-giveup: give-up and a sub-threshold answer both end in the deferred no-match bounce with zero acts
  ---
  duration_ms: 1.255122
  type: 'test'
  ...
# Subtest: T-stuck-d7: only caller url bindings are offered; an unoffered id never acts
ok 57 - T-stuck-d7: only caller url bindings are offered; an unoffered id never acts
  ---
  duration_ms: 2.04474
  type: 'test'
  ...
# Subtest: T-stuck-once: a second would-be bounce on the same clause bounces without another stuck ask
ok 58 - T-stuck-once: a second would-be bounce on the same clause bounces without another stuck ask
  ---
  duration_ms: 0.87876
  type: 'test'
  ...
# Subtest: T-stuck-verb: a none under a non-navigation verb (check) never triggers the stuck recover
ok 59 - T-stuck-verb: a none under a non-navigation verb (check) never triggers the stuck recover
  ---
  duration_ms: 0.344178
  type: 'test'
  ...
# Subtest: T-stuck-none-bar: none at 0.8 triggers the stuck ask, 0.79 does not
ok 60 - T-stuck-none-bar: none at 0.8 triggers the stuck ask, 0.79 does not
  ---
  duration_ms: 0.675574
  type: 'test'
  ...
# Subtest: T-stuck-not-fresh: a clause that already acted never takes the stuck recover
ok 61 - T-stuck-not-fresh: a clause that already acted never takes the stuck recover
  ---
  duration_ms: 0.460489
  type: 'test'
  ...
# Subtest: T-stuck-not-fresh-resume: a resumed clause that already acted stays ineligible (cursorActed rides chain memory)
ok 62 - T-stuck-not-fresh-resume: a resumed clause that already acted stays ineligible (cursorActed rides chain memory)
  ---
  duration_ms: 0.559318
  type: 'test'
  ...
# Subtest: T-stuck-wrong-page: a wrong-page would-be bounce takes the stuck recover and the clause lands after it
ok 63 - T-stuck-wrong-page: a wrong-page would-be bounce takes the stuck recover and the clause lands after it
  ---
  duration_ms: 0.892302
  type: 'test'
  ...
# Subtest: T-stuck-wrong-page-giveup: give-up on a wrong-page trigger returns the wrong-page bounce with its own note
ok 64 - T-stuck-wrong-page-giveup: give-up on a wrong-page trigger returns the wrong-page bounce with its own note
  ---
  duration_ms: 0.46031
  type: 'test'
  ...
# Subtest: T-stuck-evidence: a stuck navigate that the clause did not name is not step evidence
ok 65 - T-stuck-evidence: a stuck navigate that the clause did not name is not step evidence
  ---
  duration_ms: 1.001742
  type: 'test'
  ...
# Subtest: T-stuck-named-evidence: a stuck navigate to the binding the clause names IS its own act and counts as evidence
ok 66 - T-stuck-named-evidence: a stuck navigate to the binding the clause names IS its own act and counts as evidence
  ---
  duration_ms: 0.950629
  type: 'test'
  ...
# Subtest: T-stuck-same-url: the page we are already on is never offered as a destination
ok 67 - T-stuck-same-url: the page we are already on is never offered as a destination
  ---
  duration_ms: 0.765479
  type: 'test'
  ...
# Subtest: T-stuck-budget: the recover budget shared with error recovery is spent first, so no stuck ask follows
ok 68 - T-stuck-budget: the recover budget shared with error recovery is spent first, so no stuck ask follows
  ---
  duration_ms: 0.68851
  type: 'test'
  ...
# Subtest: T-stuck-offer: an offer-mode call (takeover:false) never takes the stuck recover
ok 69 - T-stuck-offer: an offer-mode call (takeover:false) never takes the stuck recover
  ---
  duration_ms: 0.521381
  type: 'test'
  ...
# Subtest: T-stuck-no-history: a stuck back with no history is the deferred no-match bounce, not error/act-failed
ok 70 - T-stuck-no-history: a stuck back with no history is the deferred no-match bounce, not error/act-failed
  ---
  duration_ms: 0.873473
  type: 'test'
  ...
# Subtest: T-stuck-steps-budget: a stuck recovery needs a step left; at max_steps the clause bounces no-match, not budget-steps
ok 71 - T-stuck-steps-budget: a stuck recovery needs a step left; at max_steps the clause bounces no-match, not budget-steps
  ---
  duration_ms: 0.692712
  type: 'test'
  ...
# Subtest: T-stuck-two-stage: eligibility reads the merged two-stage answer map (action from request 1, none target from request 2)
ok 72 - T-stuck-two-stage: eligibility reads the merged two-stage answer map (action from request 1, none target from request 2)
  ---
  duration_ms: 8.042624
  type: 'test'
  ...
# Subtest: T-stuck-lowconf-bounce: a declined stuck recovery after a low-confidence trigger bounces low-confidence WITH the trigger-time candidates
ok 73 - T-stuck-lowconf-bounce: a declined stuck recovery after a low-confidence trigger bounces low-confidence WITH the trigger-time candidates
  ---
  duration_ms: 1.045341
  type: 'test'
  ...
# Subtest: T-stuck-two-nones: a multi-match first look followed by a none is NOT two consecutive none looks, so it bounces without the stuck ask
ok 74 - T-stuck-two-nones: a multi-match first look followed by a none is NOT two consecutive none looks, so it bounces without the stuck ask
  ---
  duration_ms: 0.51209
  type: 'test'
  ...
# Subtest: T-stuck-two-bindings: with two url bindings the navigate goes to the one Jev chose, not the first offered
ok 75 - T-stuck-two-bindings: with two url bindings the navigate goes to the one Jev chose, not the first offered
  ---
  duration_ms: 2.01612
  type: 'test'
  ...
# Subtest: T-stuck-token-act: a confirmed token act is an element act on the clause, so the clause is no longer fresh
ok 76 - T-stuck-token-act: a confirmed token act is an element act on the clause, so the clause is no longer fresh
  ---
  duration_ms: 1.420117
  type: 'test'
  ...
# Subtest: T-stuck-noprogress-exempt: a stuck back right after an error-recover back that changed nothing is exempt from the no-progress guard
ok 77 - T-stuck-noprogress-exempt: a stuck back right after an error-recover back that changed nothing is exempt from the no-progress guard
  ---
  duration_ms: 0.839482
  type: 'test'
  ...
# Subtest: T-stuck-no-back-op: a driver without back still offers the url binding, and with neither there is no stuck ask
ok 78 - T-stuck-no-back-op: a driver without back still offers the url binding, and with neither there is no stuck ask
  ---
  duration_ms: 1.483964
  type: 'test'
  ...
# Subtest: T-stuck-telemetry-giveup: a declined stuck round records stuck give-up, an unanswered one records nothing
ok 79 - T-stuck-telemetry-giveup: a declined stuck round records stuck give-up, an unanswered one records nothing
  ---
  duration_ms: 0.580304
  type: 'test'
  ...
# Subtest: T-stuck-memory-used: an identical re-call after a declined stuck recovery does not recover again (stuckTried rides chain memory)
ok 80 - T-stuck-memory-used: an identical re-call after a declined stuck recovery does not recover again (stuckTried rides chain memory)
  ---
  duration_ms: 0.857998
  type: 'test'
  ...
# Subtest: T-stuck-reset-on-advance: the once-per-clause budget resets when the clause advances, so the next hub-miss clause recovers too
ok 81 - T-stuck-reset-on-advance: the once-per-clause budget resets when the clause advances, so the next hub-miss clause recovers too
  ---
  duration_ms: 1.303979
  type: 'test'
  ...
# Subtest: T-stuck-shares-recover-budget: a stuck act spends one of the clause recover acts, so error recovery gets only the other
ok 82 - T-stuck-shares-recover-budget: a stuck act spends one of the clause recover acts, so error recovery gets only the other
  ---
  duration_ms: 0.927815
  type: 'test'
  ...
# Subtest: T-stuck-query-hub: a url binding differing from the page by query is offered; a hash-only difference (href="\#") is still the same page
ok 83 - T-stuck-query-hub: a url binding differing from the page by query is offered; a hash-only difference (href="\#") is still the same page
  ---
  duration_ms: 1.4261
  type: 'test'
  ...
# Subtest: T-act-error-sanitize: describeActError cuts HTML, redacts values, and never leaks a non-<redacted4>man message
ok 84 - T-act-error-sanitize: describeActError cuts HTML, redacts values, and never leaks a non-<redacted4>man message
  ---
  duration_ms: 0.781167
  type: 'test'
  ...
# Subtest: T-act-error-log: a thrown act error lands sanitized in the log record as act_error
ok 85 - T-act-error-log: a thrown act error lands sanitized in the log record as act_error
  ---
  duration_ms: 0.728082
  type: 'test'
  ...
# Subtest: T-nav-advance: an open clause whose own click landed on another document advances at stepDone 0.35, so the next sub-goal is not acted under it
ok 86 - T-nav-advance: an open clause whose own click landed on another document advances at stepDone 0.35, so the next sub-goal is not acted under it
  ---
  duration_ms: 3.495194
  type: 'test'
  ...
# Subtest: T-nav-floor: the 0.25 floor is inclusive, below it the clause acts ahead as before, and at 0.6 the old evidence bar owns the advance
ok 87 - T-nav-floor: the 0.25 floor is inclusive, below it the clause acts ahead as before, and at 0.6 the old evidence bar owns the advance
  ---
  duration_ms: 3.448139
  type: 'test'
  ...
# Subtest: T-nav-same-url: a click that stays on the same document (or only changes the hash) keeps the 0.5 bar and acts ahead
ok 88 - T-nav-same-url: a click that stays on the same document (or only changes the hash) keeps the 0.5 bar and acts ahead
  ---
  duration_ms: 2.294166
  type: 'test'
  ...
# Subtest: T-nav-error: a landed click whose page reads as an error never advances on navigation evidence
ok 89 - T-nav-error: a landed click whose page reads as an error never advances on navigation evidence
  ---
  duration_ms: 0.918577
  type: 'test'
  ...
# Subtest: T-nav-not-own: another clause's landed click is not evidence for the current clause
ok 90 - T-nav-not-own: another clause's landed click is not evidence for the current clause
  ---
  duration_ms: 0.991179
  type: 'test'
  ...
# Subtest: T-nav-count: a clause with a count word advances only on its count, never on navigation evidence
ok 91 - T-nav-count: a clause with a count word advances only on its count, never on navigation evidence
  ---
  duration_ms: 1.16201
  type: 'test'
  ...
# Subtest: T-nav-two-bindings: a clause with two value bindings never advances on navigation evidence
ok 92 - T-nav-two-bindings: a clause with two value bindings never advances on navigation evidence
  ---
  duration_ms: 1.438281
  type: 'test'
  ...
# Subtest: T-nav-token: a confirmed token click records beforeUrl, so the next round advances on navigation evidence
ok 93 - T-nav-token: a confirmed token click records beforeUrl, so the next round advances on navigation evidence
  ---
  duration_ms: 2.563874
  type: 'test'
  ...
# Subtest: T-nav-final-clause: navigation evidence never advances the FINAL clause (it would end done/goal-met on a weak landing)
ok 94 - T-nav-final-clause: navigation evidence never advances the FINAL clause (it would end done/goal-met on a weak landing)
  ---
  duration_ms: 0.939354
  type: 'test'
  ...
# Subtest: T-nav-expanded: the final-clause bar counts EXPANDED sub-clauses, so the open sub-clause of one caller clause still advances on its landing
ok 95 - T-nav-expanded: the final-clause bar counts EXPANDED sub-clauses, so the open sub-clause of one caller clause still advances on its landing
  ---
  duration_ms: 1.173772
  type: 'test'
  ...
# Subtest: T-nav-query: a landing that differs from the click page only by its query string is a left document
ok 96 - T-nav-query: a landing that differs from the click page only by its query string is a left document
  ---
  duration_ms: 1.144163
  type: 'test'
  ...
# Subtest: T-nav-leftpage-chain-only: legacy browse_step and wingman_do rounds never carry leftPage or navEvidence
ok 97 - T-nav-leftpage-chain-only: legacy browse_step and wingman_do rounds never carry leftPage or navEvidence
  ---
  duration_ms: 0.851379
  type: 'test'
  ...
# Subtest: T-post-notready: not ready after the clause's own effective click ends post-action; a no-change click or a fill keeps not-ready
ok 98 - T-post-notready: not ready after the clause's own effective click ends post-action; a no-change click or a fill keeps not-ready
  ---
  duration_ms: 2.342111
  type: 'test'
  ...
# Subtest: T-post-error: a page-error end after the clause's own effective click carries why post-action, its note and the recover telemetry
ok 99 - T-post-error: a page-error end after the clause's own effective click carries why post-action, its note and the recover telemetry
  ---
  duration_ms: 0.654265
  type: 'test'
  ...
# Subtest: T-post-reload: the recover path never reloads after the step's own effective click (chain and legacy browse_step)
ok 100 - T-post-reload: the recover path never reloads after the step's own effective click (chain and legacy browse_step)
  ---
  duration_ms: 1.77471
  type: 'test'
  ...
# Subtest: T-error-gate: below the 0.85 bar no advance passes an error the page shows; at 0.85 the clause still advances (done before error)
ok 101 - T-error-gate: below the 0.85 bar no advance passes an error the page shows; at 0.85 the clause still advances (done before error)
  ---
  duration_ms: 2.940897
  type: 'test'
  ...
# Subtest: T-repeat-resume: a resumed clause never re-clicks a target it already clicked with effect (chain memory carries the click)
ok 102 - T-repeat-resume: a resumed clause never re-clicks a target it already clicked with effect (chain memory carries the click)
  ---
  duration_ms: 3.047168
  type: 'test'
  ...
# Subtest: T-repeat-after-wait: in one call a wait between two clicks on the same target no longer hides the first click
ok 103 - T-repeat-after-wait: in one call a wait between two clicks on the same target no longer hides the first click
  ---
  duration_ms: 1.10422
  type: 'test'
  ...
# Subtest: T-repeat-pick: an explicit pick of the clicked target is the caller's instruction and acts
ok 104 - T-repeat-pick: an explicit pick of the clicked target is the caller's instruction and acts
  ---
  duration_ms: 0.890098
  type: 'test'
  ...
# Subtest: T-repeat-dialog: a click that opened a dialog still reaches chain memory, so the resume never re-clicks it (shared act site and token act)
ok 105 - T-repeat-dialog: a click that opened a dialog still reaches chain memory, so the resume never re-clicks it (shared act site and token act)
  ---
  duration_ms: 1.437354
  type: 'test'
  ...
# Subtest: T-late-landing-notready: a click read as no visible change whose page changes a round later still counts as having landed (slow submit response)
ok 106 - T-late-landing-notready: a click read as no visible change whose page changes a round later still counts as having landed (slow submit response)
  ---
  duration_ms: 0.7236
  type: 'test'
  ...
# Subtest: T-late-landing-reload: the same late landing, then a recover reload is refused
ok 107 - T-late-landing-reload: the same late landing, then a recover reload is refused
  ---
  duration_ms: 0.529802
  type: 'test'
  ...
# Subtest: T-repeat-recovered: an error answered continue never lets the clause click its clicked target again
ok 108 - T-repeat-recovered: an error answered continue never lets the clause click its clicked target again
  ---
  duration_ms: 0.38799
  type: 'test'
  ...
# Subtest: T-post-back-wait: after the clause's own effective click the recover answers back and wait still act, and a re-click after the back bounces repeat
ok 109 - T-post-back-wait: after the clause's own effective click the recover answers back and wait still act, and a re-click after the back bounces repeat
  ---
  duration_ms: 0.809403
  type: 'test'
  ...
# Subtest: T-post-error-branches: every rule-4 page-error end after an effective click carries post-action (recover cap, unrecognized answer, undeclared op)
ok 110 - T-post-error-branches: every rule-4 page-error end after an effective click carries post-action (recover cap, unrecognized answer, undeclared op)
  ---
  duration_ms: 0.996106
  type: 'test'
  ...
# Subtest: T-press-none commits a targetless press
ok 111 - T-press-none commits a targetless press
  ---
  duration_ms: 0.6665
  type: 'test'
  ...
# Subtest: T-press-none carries the asked key
ok 112 - T-press-none carries the asked key
  ---
  duration_ms: 0.404437
  type: 'test'
  ...
# Subtest: T-press-none under the threshold does not commit
ok 113 - T-press-none under the threshold does not commit
  ---
  duration_ms: 0.317391
  type: 'test'
  ...
# Subtest: T-press-none is never margin-stolen
ok 114 - T-press-none is never margin-stolen
  ---
  duration_ms: 0.546305
  type: 'test'
  ...
# Subtest: T-press-none refuses on irreversible
ok 115 - T-press-none refuses on irreversible
  ---
  duration_ms: 1.148271
  type: 'test'
  ...
# Subtest: T-press-none is a browse_step pick
ok 116 - T-press-none is a browse_step pick
  ---
  duration_ms: 0.424881
  type: 'test'
  ...
# Subtest: T-key-advance on focus moved
ok 117 - T-key-advance on focus moved
  ---
  duration_ms: 0.727181
  type: 'test'
  ...
# Subtest: T-key-advance on page changed
ok 118 - T-key-advance on page changed
  ---
  duration_ms: 0.598446
  type: 'test'
  ...
# Subtest: T-press Tab onto a non-editable element is not evidence
ok 119 - T-press Tab onto a non-editable element is not evidence
  ---
  duration_ms: 0.429479
  type: 'test'
  ...
# Subtest: T-repeat press same key bounces no-progress
ok 120 - T-repeat press same key bounces no-progress
  ---
  duration_ms: 0.516388
  type: 'test'
  ...
# Subtest: T-check-flip advances on the act-returned flip
ok 121 - T-check-flip advances on the act-returned flip
  ---
  duration_ms: 0.434459
  type: 'test'
  ...
# Subtest: T-check without a flip result is still a no-progress bounce
ok 122 - T-check without a flip result is still a no-progress bounce
  ---
  duration_ms: 0.420661
  type: 'test'
  ...
# Subtest: T-press different keys is not a repeat
ok 123 - T-press different keys is not a repeat
  ---
  duration_ms: 0.44482
  type: 'test'
  ...
# Subtest: T-scroll carries a signal and repeat scroll bounces
ok 124 - T-scroll carries a signal and repeat scroll bounces
  ---
  duration_ms: 0.418809
  type: 'test'
  ...
# Subtest: T-scroll shadow: click twice, scroll, click
ok 125 - T-scroll shadow: click twice, scroll, click
  ---
  duration_ms: 0.616451
  type: 'test'
  ...
# Subtest: T-count-met advances on scroll evidence
ok 126 - T-count-met advances on scroll evidence
  ---
  duration_ms: 0.885274
  type: 'test'
  ...
# Subtest: T-count-met advances with zero scrolls when the page already has them
ok 127 - T-count-met advances with zero scrolls when the page already has them
  ---
  duration_ms: 0.593446
  type: 'test'
  ...
# Subtest: T-count-met alone without scroll or groups does not advance
ok 128 - T-count-met alone without scroll or groups does not advance
  ---
  duration_ms: 0.415824
  type: 'test'
  ...
# Subtest: T-count question is never asked without a parsed count
ok 129 - T-count question is never asked without a parsed count
  ---
  duration_ms: 0.451091
  type: 'test'
  ...
# Subtest: T-count question is never asked on wingman_do
ok 130 - T-count question is never asked on wingman_do
  ---
  duration_ms: 0.42948
  type: 'test'
  ...
# Subtest: T-dialog answered accept per the step
ok 131 - T-dialog answered accept per the step
  ---
  duration_ms: 0.612706
  type: 'test'
  ...
# Subtest: T-dialog answered dismiss
ok 132 - T-dialog answered dismiss
  ---
  duration_ms: 0.376358
  type: 'test'
  ...
# Subtest: T-alert is always accepted
ok 133 - T-alert is always accepted
  ---
  duration_ms: 0.397197
  type: 'test'
  ...
# Subtest: T-confirm without a dialog word stays blocked
ok 134 - T-confirm without a dialog word stays blocked
  ---
  duration_ms: 0.304169
  type: 'test'
  ...
# Subtest: T-prompt is never answered
ok 135 - T-prompt is never answered
  ---
  duration_ms: 0.28748
  type: 'test'
  ...
# Subtest: T-both words in the step stay blocked
ok 136 - T-both words in the step stay blocked
  ---
  duration_ms: 0.363299
  type: 'test'
  ...
# Subtest: T-second dialog in one act ends blocked
ok 137 - T-second dialog in one act ends blocked
  ---
  duration_ms: 0.326019
  type: 'test'
  ...
# Subtest: T-round-top dialog answered then round continues
ok 138 - T-round-top dialog answered then round continues
  ---
  duration_ms: 0.454073
  type: 'test'
  ...
# Subtest: T-answerDialog failure ends blocked
ok 139 - T-answerDialog failure ends blocked
  ---
  duration_ms: 0.383948
  type: 'test'
  ...
# Subtest: T-login suppressed by named bindings
ok 140 - T-login suppressed by named bindings
  ---
  duration_ms: 2.12214
  type: 'test'
  ...
# Subtest: T-login suppressed on progress
ok 141 - T-login suppressed on progress
  ---
  duration_ms: 0.722104
  type: 'test'
  ...
# Subtest: T-login suppressed on resume
ok 142 - T-login suppressed on resume
  ---
  duration_ms: 0.499126
  type: 'test'
  ...
# Subtest: T-login unsuppressed without bindings or progress
ok 143 - T-login unsuppressed without bindings or progress
  ---
  duration_ms: 0.326517
  type: 'test'
  ...
# Subtest: T-login suppressed on wingman_do via the goal
ok 144 - T-login suppressed on wingman_do via the goal
  ---
  duration_ms: 0.490444
  type: 'test'
  ...
# Subtest: T-advance resets loginSeen
ok 145 - T-advance resets loginSeen
  ---
  duration_ms: 0.587593
  type: 'test'
  ...
# Subtest: T-ready gate skipped for scroll
ok 146 - T-ready gate skipped for scroll
  ---
  duration_ms: 0.383927
  type: 'test'
  ...
# Subtest: T-ready gate still applies to press
ok 147 - T-ready gate still applies to press
  ---
  duration_ms: 0.513679
  type: 'test'
  ...
1..147
# tests 147
# suites 0
# pass 147
# fail 0
# cancelled 0
# skipped 0
# todo 0
# duration_ms 391.943078
RUN-TESTS: files=1 tests=147 pass=147 fail=0
RUN-TESTS: chrome sweep (post-run): 0 matching chromes
