TAP version 13
# Subtest: both shipped profiles load and validate
ok 1 - both shipped profiles load and validate
  ---
  duration_ms: 3.837524
  type: 'test'
  ...
# Subtest: every tool class in both shipped profiles is a CAPABILITY_CLASSES member
ok 2 - every tool class in both shipped profiles is a CAPABILITY_CLASSES member
  ---
  duration_ms: 2.579217
  type: 'test'
  ...
# Subtest: every one of the 0.0.80 default 24 names has a class in the playwright profile
ok 3 - every one of the 0.0.80 default 24 names has a class in the playwright profile
  ---
  duration_ms: 1.006007
  type: 'test'
  ...
# Subtest: every one of the 1.10.1 30 names has a class in the devtools profile
ok 4 - every one of the 1.10.1 30 names has a class in the devtools profile
  ---
  duration_ms: 1.030139
  type: 'test'
  ...
# Subtest: profileForArgv and profileForTools pick correctly
ok 5 - profileForArgv and profileForTools pick correctly
  ---
  duration_ms: 1.54085
  type: 'test'
  ...
# Subtest: classOfCall applies argument rules before the tool map
ok 6 - classOfCall applies argument rules before the tool map
  ---
  duration_ms: 1.248533
  type: 'test'
  ...
# Subtest: denyEntries omits tools with a rule to a retained class and includes plain withheld tools
ok 7 - denyEntries omits tools with a rule to a retained class and includes plain withheld tools
  ---
  duration_ms: 2.30793
  type: 'test'
  ...
# Subtest: withheldClasses(OPS, []) is all ten withholdable classes
ok 8 - withheldClasses(OPS, []) is all ten withholdable classes
  ---
  duration_ms: 1.894974
  type: 'test'
  ...
# Subtest: withheldClasses omits upload when the adapter lacks it (dead-end rule)
ok 9 - withheldClasses omits upload when the adapter lacks it (dead-end rule)
  ---
  duration_ms: 0.516316
  type: 'test'
  ...
# Subtest: withheldClasses honours retain
ok 10 - withheldClasses honours retain
  ---
  duration_ms: 0.4922
  type: 'test'
  ...
# Subtest: withheldClasses withholds script by default even though no adapter declares any op for it (operator override of the dead-end rule)
ok 11 - withheldClasses withholds script by default even though no adapter declares any op for it (operator override of the dead-end rule)
  ---
  duration_ms: 0.33059
  type: 'test'
  ...
# Subtest: withheldClasses honours retain for script
ok 12 - withheldClasses honours retain for script
  ---
  duration_ms: 0.123107
  type: 'test'
  ...
# Subtest: denyEntries shapes per client and returns null for unknown clients
ok 13 - denyEntries shapes per client and returns null for unknown clients
  ---
  duration_ms: 0.931185
  type: 'test'
  ...
# Subtest: an invalid user profile is skipped with one stderr line naming the file
ok 14 - an invalid user profile is skipped with one stderr line naming the file
  ---
  duration_ms: 1.471099
  type: 'test'
  ...
# Subtest: a user profile with the same id overrides the shipped one
ok 15 - a user profile with the same id overrides the shipped one
  ---
  duration_ms: 2.244501
  type: 'test'
  ...
# Subtest: toolsFingerprint is stable, order-insensitive and 16 hex chars
ok 16 - toolsFingerprint is stable, order-insensitive and 16 hex chars
  ---
  duration_ms: 0.896076
  type: 'test'
  ...
1..16
# tests 16
# suites 0
# pass 16
# fail 0
# cancelled 0
# skipped 0
# todo 0
# duration_ms 152.848355
RUN-TESTS: files=1 tests=16 pass=16 fail=0
RUN-TESTS: chrome sweep (post-run): 0 matching chromes
