TAP version 13
# Subtest: helper registry kills a browser whose test process exits without close
ok 1 - helper registry kills a browser whose test process exits without close
  ---
  duration_ms: 337.064418
  type: 'test'
  ...
# Subtest: run-tests sweep kills a chrome a test file leaks (token match)
ok 2 - run-tests sweep kills a chrome a test file leaks (token match)
  ---
  duration_ms: 538.905212
  type: 'test'
  ...
1..2
# tests 2
# suites 0
# pass 2
# fail 0
# cancelled 0
# skipped 0
# todo 0
# duration_ms 983.798516
RUN-TESTS: files=1 tests=2 pass=2 fail=0
RUN-TESTS: chrome sweep (post-run): 0 matching chromes
