TAP version 13
# Subtest: fillDefaultAnswers completes a partially-answered request so parseJevAnswers accepts it
ok 1 - fillDefaultAnswers completes a partially-answered request so parseJevAnswers accepts it
  ---
  duration_ms: 2.635493
  type: 'test'
  ...
# Subtest: fillDefaultAnswers can fail: proves the check discriminates
ok 2 - fillDefaultAnswers can fail: proves the check discriminates
  ---
  duration_ms: 0.285785
  type: 'test'
  ...
1..2
# tests 2
# suites 0
# pass 2
# fail 0
# cancelled 0
# skipped 0
# todo 0
# duration_ms 127.274622
RUN-TESTS: files=1 tests=2 pass=2 fail=0
RUN-TESTS: chrome sweep (post-run): 0 matching chromes
