TAP version 13
# Subtest: cross-adapter
    # Subtest: element table for form.html is identical across adapters
    ok 1 - element table for form.html is identical across adapters
      ---
      duration_ms: 337.221527
      type: 'test'
      ...
    # Subtest: element table for styled-controls.html is identical across adapters
    ok 2 - element table for styled-controls.html is identical across adapters
      ---
      duration_ms: 243.080135
      type: 'test'
      ...
    # Subtest: element table for big-select.html is identical across adapters
    ok 3 - element table for big-select.html is identical across adapters
      ---
      duration_ms: 285.78785
      type: 'test'
      ...
    # Subtest: element table for many.html is identical across adapters
    ok 4 - element table for many.html is identical across adapters
      ---
      duration_ms: 319.493562
      type: 'test'
      ...
    1..4
ok 1 - cross-adapter
  ---
  duration_ms: 1897.003507
  type: 'suite'
  ...
# Subtest: playwright
    # Subtest: click writes the expected log text
    ok 1 - click writes the expected log text
      ---
      duration_ms: 354.59947
      type: 'test'
      ...
    # Subtest: fill sets the value
    ok 2 - fill sets the value
      ---
      duration_ms: 279.108284
      type: 'test'
      ...
    # Subtest: select sets the value on big-select.html option v290
    ok 3 - select sets the value on big-select.html option v290
      ---
      duration_ms: 256.787704
      type: 'test'
      ...
    # Subtest: check and uncheck toggle the styled checkbox through its label
    ok 4 - check and uncheck toggle the styled checkbox through its label
      ---
      duration_ms: 345.337404
      type: 'test'
      ...
    # Subtest: press Enter submits form.html
    ok 5 - press Enter submits form.html
      ---
      duration_ms: 206.714086
      type: 'test'
      ...
    # Subtest: scroll moves many.html down
    not ok 6 - scroll moves many.html down
      ---
      duration_ms: 2259.674557
      type: 'test'
      location: '/home/user/jev-browser-wingman/dist/tests/conformance.test.js:220:9'
      failureType: 'testCodeFailure'
      error: 'expected a positive scrollY, got 0'
      code: 'ERR_ASSERTION'
      name: 'AssertionError'
      expected: true
      actual: false
      operator: '=='
      stack: |-
        file:///home/user/jev-browser-wingman/dist/tests/conformance.test.js:234:24
        async withPage (file:///home/user/jev-browser-wingman/dist/tests/conformance.test.js:97:16)
        async TestContext.<anonymous> (file:///home/user/jev-browser-wingman/dist/tests/conformance.test.js:221:13)
        async Test.run (node:internal/test_runner/test:1054:7)
        async Suite.processPendingSubtests (node:internal/test_runner/test:744:7)
      ...
    # Subtest: settle waits out delayed navigation within 3000 ms
    ok 7 - settle waits out delayed navigation within 3000 ms
      ---
      duration_ms: 1345.103757
      type: 'test'
      ...
    # Subtest: settle picks up the SPA items
    ok 8 - settle picks up the SPA items
      ---
      duration_ms: 1057.736449
      type: 'test'
      ...
    # Subtest: dialog is reported and never answered
    ok 9 - dialog is reported and never answered
      ---
      duration_ms: 5478.460384
      type: 'test'
      ...
    # Subtest: covered target raises CoveredTargetError
    ok 10 - covered target raises CoveredTargetError
      ---
      duration_ms: 167.248782
      type: 'test'
      ...
    # Subtest: stale element raises StaleElementError
    ok 11 - stale element raises StaleElementError
      ---
      duration_ms: 144.607374
      type: 'test'
      ...
    # Subtest: detach leaves no residue and never closes the browser
    ok 12 - detach leaves no residue and never closes the browser
      ---
      duration_ms: 187.681774
      type: 'test'
      ...
    1..12
not ok 2 - playwright
  ---
  duration_ms: 12667.525521
  type: 'suite'
  location: '/home/user/jev-browser-wingman/dist/tests/conformance.test.js:170:5'
  failureType: 'subtestsFailed'
  error: '1 subtest failed'
  code: 'ERR_TEST_FAILURE'
  ...
# Subtest: cdp
    # Subtest: click writes the expected log text
    ok 1 - click writes the expected log text
      ---
      duration_ms: 223.673905
      type: 'test'
      ...
    # Subtest: fill sets the value
    ok 2 - fill sets the value
      ---
      duration_ms: 165.593134
      type: 'test'
      ...
    # Subtest: select sets the value on big-select.html option v290
    ok 3 - select sets the value on big-select.html option v290
      ---
      duration_ms: 147.392445
      type: 'test'
      ...
    # Subtest: check and uncheck toggle the styled checkbox through its label
    ok 4 - check and uncheck toggle the styled checkbox through its label
      ---
      duration_ms: 170.773349
      type: 'test'
      ...
    # Subtest: press Enter submits form.html
    ok 5 - press Enter submits form.html
      ---
      duration_ms: 127.477015
      type: 'test'
      ...
    # Subtest: scroll moves many.html down
    not ok 6 - scroll moves many.html down
      ---
      duration_ms: 2196.023664
      type: 'test'
      location: '/home/user/jev-browser-wingman/dist/tests/conformance.test.js:220:9'
      failureType: 'testCodeFailure'
      error: 'expected a positive scrollY, got 0'
      code: 'ERR_ASSERTION'
      name: 'AssertionError'
      expected: true
      actual: false
      operator: '=='
      stack: |-
        file:///home/user/jev-browser-wingman/dist/tests/conformance.test.js:234:24
        async withPage (file:///home/user/jev-browser-wingman/dist/tests/conformance.test.js:97:16)
        async TestContext.<anonymous> (file:///home/user/jev-browser-wingman/dist/tests/conformance.test.js:221:13)
        async Test.run (node:internal/test_runner/test:1054:7)
        async Suite.processPendingSubtests (node:internal/test_runner/test:744:7)
      ...
    # Subtest: settle waits out delayed navigation within 3000 ms
    ok 7 - settle waits out delayed navigation within 3000 ms
      ---
      duration_ms: 1258.352023
      type: 'test'
      ...
    # Subtest: settle picks up the SPA items
    ok 8 - settle picks up the SPA items
      ---
      duration_ms: 966.836887
      type: 'test'
      ...
    # Subtest: dialog is reported and never answered
    ok 9 - dialog is reported and never answered
      ---
      duration_ms: 15393.730309
      type: 'test'
      ...
    # Subtest: covered target raises CoveredTargetError
    ok 10 - covered target raises CoveredTargetError
      ---
      duration_ms: 3159.435479
      type: 'test'
      ...
    # Subtest: stale element raises StaleElementError
    ok 11 - stale element raises StaleElementError
      ---
      duration_ms: 122.878863
      type: 'test'
      ...
    # Subtest: detach leaves no residue and never closes the browser
    ok 12 - detach leaves no residue and never closes the browser
      ---
      duration_ms: 114.418046
      type: 'test'
      ...
    1..12
not ok 3 - cdp
  ---
  duration_ms: 24652.563164
  type: 'suite'
  location: '/home/user/jev-browser-wingman/dist/tests/conformance.test.js:170:5'
  failureType: 'subtestsFailed'
  error: '1 subtest failed'
  code: 'ERR_TEST_FAILURE'
  ...
1..3
# tests 28
# suites 3
# pass 26
# fail 2
# cancelled 0
# skipped 0
# todo 0
# duration_ms 39834.54456
RUN-TESTS: files=1 tests=28 pass=26 fail=2
RUN-TESTS: chrome sweep (post-run): 0 matching chromes
