TAP version 13
# Subtest: P1: ambiguous target bounces with candidates, then pick fills and finishes done
not ok 1 - P1: ambiguous target bounces with candidates, then pick fills and finishes done
  ---
  duration_ms: 1280.175197
  type: 'test'
  location: '/home/user/jev-browser-wingman/.build/kb-c/tests/pick-e2e.test.js:169:1'
  failureType: 'testCodeFailure'
  error: |-
    Expected values to be strictly equal:
    + actual - expected
    
    + 'jev-error'
    - 'step-uncertain'
    
  code: 'ERR_ASSERTION'
  name: 'AssertionError'
  expected: 'step-uncertain'
  actual: 'jev-error'
  operator: 'strictEqual'
  stack: |-
    TestContext.<anonymous> (file:///home/user/jev-browser-wingman/.build/kb-c/tests/pick-e2e.test.js:183:16)
    process.processTicksAndRejections (node:internal/process/task_queues:103:5)
    async Test.run (node:internal/test_runner/test:1054:7)
    async startSubtestAfterBootstrap (node:internal/test_runner/harness:296:3)
  ...
# Subtest: P2: a pick onto an obscured element returns target-covered with no act and no ask
ok 2 - P2: a pick onto an obscured element returns target-covered with no act and no ask
  ---
  duration_ms: 948.046205
  type: 'test'
  ...
1..2
# tests 2
# suites 0
# pass 1
# fail 1
# cancelled 0
# skipped 0
# todo 0
# duration_ms 3301.036568
RUN-TESTS: files=1 tests=2 pass=1 fail=1
RUN-TESTS: chrome sweep (post-run): 0 matching chromes
