TAP version 13
# Subtest: attaches to the default context and lists the page
ok 1 - attaches to the default context and lists the page
  ---
  duration_ms: 686.23779
  type: 'test'
  ...
# Subtest: observe matches the pinned form.html table
ok 2 - observe matches the pinned form.html table
  ---
  duration_ms: 688.578504
  type: 'test'
  ...
# Subtest: click Continue writes continued
ok 3 - click Continue writes continued
  ---
  duration_ms: 688.388801
  type: 'test'
  ...
# Subtest: fill never leaves the value in observe output
ok 4 - fill never leaves the value in observe output
  ---
  duration_ms: 664.694461
  type: 'test'
  ...
# Subtest: dialog is reported and stays open
ok 5 - dialog is reported and stays open
  ---
  duration_ms: 14204.372647
  type: 'test'
  ...
# Subtest: detach leaves the browser answering
ok 6 - detach leaves the browser answering
  ---
  duration_ms: 678.931804
  type: 'test'
  ...
# Subtest: act surfaces an operation failure
ok 7 - act surfaces an operation failure
  ---
  duration_ms: 642.882594
  type: 'test'
  ...
# Subtest: answerDialog with no open dialog rejects
ok 8 - answerDialog with no open dialog rejects
  ---
  duration_ms: 636.56329
  type: 'test'
  ...
# Subtest: scroll waits out a wheel-triggered append (r17c)
ok 9 - scroll waits out a wheel-triggered append (r17c)
  ---
  duration_ms: 1305.747447
  type: 'test'
  ...
# Subtest: attach retries a cold endpoint within its budget
ok 10 - attach retries a cold endpoint within its budget
  ---
  duration_ms: 1051.854011
  type: 'test'
  ...
1..10
# tests 10
# suites 0
# pass 10
# fail 0
# cancelled 0
# skipped 0
# todo 0
# duration_ms 21362.575237
RUN-TESTS: files=1 tests=10 pass=10 fail=0
RUN-TESTS: chrome sweep (post-run): 0 matching chromes
