TAP version 13
# Subtest: E1: the four-clause chain completes in one call
ok 1 - E1: the four-clause chain completes in one call
  ---
  duration_ms: 5324.108583
  type: 'test'
  ...
# Subtest: E2: max_steps splits the chain; the re-call resumes on clause 3
ok 2 - E2: max_steps splits the chain; the re-call resumes on clause 3
  ---
  duration_ms: 4366.415396
  type: 'test'
  ...
# Subtest: E3: navigate works from a url binding, offers only url-typed bindings, and bounces no-value on none
ok 3 - E3: navigate works from a url binding, offers only url-typed bindings, and bounces no-value on none
  ---
  duration_ms: 3849.673144
  type: 'test'
  ...
# Subtest: E4: the delay page waits for Finish and finishes
ok 4 - E4: the delay page waits for Finish and finishes
  ---
  duration_ms: 5832.668495
  type: 'test'
  ...
# Subtest: E5: the verbatim 549-char t9 goal is not invalid-input through tools/call
ok 5 - E5: the verbatim 549-char t9 goal is not invalid-input through tools/call
  ---
  duration_ms: 3351.71098
  type: 'test'
  ...
# Subtest: E6: a broken link recovers with back and then opens Form
ok 6 - E6: a broken link recovers with back and then opens Form
  ---
  duration_ms: 3590.29317
  type: 'test'
  ...
# Subtest: E7: the ready variant waits for Finish without acting while ready is low
ok 7 - E7: the ready variant waits for Finish without acting while ready is low
  ---
  duration_ms: 5738.483547
  type: 'test'
  ...
# Subtest: E8: scroll_to brings Far away into view and clicks it
ok 8 - E8: scroll_to brings Far away into view and clicks it
  ---
  duration_ms: 3258.908333
  type: 'test'
  ...
# Subtest: E9: a target on the hub page is reached in one call through a supplied start-page address (r13 stuck recover)
ok 9 - E9: a target on the hub page is reached in one call through a supplied start-page address (r13 stuck recover)
  ---
  duration_ms: 4385.038976
  type: 'test'
  ...
# Subtest: E10: with no url binding the stuck recover goes back to the hub (cdp adapter)
ok 10 - E10: with no url binding the stuck recover goes back to the hub (cdp adapter)
  ---
  duration_ms: 4387.275337
  type: 'test'
  ...
# Subtest: E11: an open sub-clause whose link click lands advances on the landing, so the next sub-goal is not acted under it (r14)
ok 11 - E11: an open sub-clause whose link click lands advances on the landing, so the next sub-goal is not acted under it (r14)
  ---
  duration_ms: 3686.846182
  type: 'test'
  ...
# Subtest: E12: a same-address submit that leaves the page not ready ends post-action, and the resume never re-submits (r15)
ok 12 - E12: a same-address submit that leaves the page not ready ends post-action, and the resume never re-submits (r15)
  ---
  duration_ms: 5797.911691
  type: 'test'
  ...
# Subtest: E13: the recover path never reloads after a same-address submit (r15)
ok 13 - E13: the recover path never reloads after a same-address submit (r15)
  ---
  duration_ms: 3412.877664
  type: 'test'
  ...
# Subtest: E14: a confirm opened by the click is accepted per the step text (r17)
ok 14 - E14: a confirm opened by the click is accepted per the step text (r17)
  ---
  duration_ms: 13130.274861
  type: 'test'
  ...
# Subtest: E15: a confirm is dismissed when the step says cancel (r17)
ok 15 - E15: a confirm is dismissed when the step says cancel (r17)
  ---
  duration_ms: 13131.957011
  type: 'test'
  ...
# Subtest: E16: a prompt is never answered; the clause ends blocked/dialog-open (r17)
ok 16 - E16: a prompt is never answered; the clause ends blocked/dialog-open (r17)
  ---
  duration_ms: 13898.081845
  type: 'test'
  ...
# Subtest: E17: a fill then a committed targetless press Enter submits the field (r17)
ok 17 - E17: a fill then a committed targetless press Enter submits the field (r17)
  ---
  duration_ms: 3343.425263
  type: 'test'
  ...
# Subtest: E18: scroll until at least 6 items show advances on count evidence (r17)
ok 18 - E18: scroll until at least 6 items show advances on count evidence (r17)
  ---
  duration_ms: 3645.574817
  type: 'test'
  ...
# Subtest: E18b: an async wheel-triggered append is waited out, not bounced (r17c)
ok 19 - E18b: an async wheel-triggered append is waited out, not bounced (r17c)
  ---
  duration_ms: 3665.698481
  type: 'test'
  ...
# Subtest: E19: a hidden checkbox is checked through its sibling label (r17)
ok 20 - E19: a hidden checkbox is checked through its sibling label (r17)
  ---
  duration_ms: 3153.354806
  type: 'test'
  ...
1..20
# tests 20
# suites 0
# pass 20
# fail 0
# cancelled 0
# skipped 0
# todo 0
# duration_ms 111787.905746
RUN-TESTS: files=1 tests=20 pass=20 fail=0
RUN-TESTS: chrome sweep (post-run): 0 matching chromes
