TAP version 13
# Subtest: cross-adapter
    # Subtest: element table for form.html is identical across adapters
    ok 1 - element table for form.html is identical across adapters
      ---
      duration_ms: 487.662416
      type: 'test'
      ...
    # Subtest: element table for styled-controls.html is identical across adapters
    ok 2 - element table for styled-controls.html is identical across adapters
      ---
      duration_ms: 256.529598
      type: 'test'
      ...
    # Subtest: element table for big-select.html is identical across adapters
    ok 3 - element table for big-select.html is identical across adapters
      ---
      duration_ms: 274.180786
      type: 'test'
      ...
    # Subtest: element table for many.html is identical across adapters
    ok 4 - element table for many.html is identical across adapters
      ---
      duration_ms: 310.354912
      type: 'test'
      ...
    1..4
ok 1 - cross-adapter
  ---
  duration_ms: 1997.171438
  type: 'suite'
  ...
# Subtest: playwright
    # Subtest: click writes the expected log text
    ok 1 - click writes the expected log text
      ---
      duration_ms: 264.349562
      type: 'test'
      ...
    # Subtest: fill sets the value
    ok 2 - fill sets the value
      ---
      duration_ms: 212.917927
      type: 'test'
      ...
    # Subtest: select sets the value on big-select.html option v290
    ok 3 - select sets the value on big-select.html option v290
      ---
      duration_ms: 186.991347
      type: 'test'
      ...
    # Subtest: check and uncheck toggle the styled checkbox through its label
    ok 4 - check and uncheck toggle the styled checkbox through its label
      ---
      duration_ms: 309.838611
      type: 'test'
      ...
    # Subtest: press Enter submits form.html
    ok 5 - press Enter submits form.html
      ---
      duration_ms: 237.895843
      type: 'test'
      ...
    # Subtest: scroll moves many.html down
    ok 6 - scroll moves many.html down
      ---
      duration_ms: 403.992823
      type: 'test'
      ...
    # Subtest: settle waits out delayed navigation within 3000 ms
    ok 7 - settle waits out delayed navigation within 3000 ms
      ---
      duration_ms: 1349.742436
      type: 'test'
      ...
    # Subtest: settle picks up the SPA items
    ok 8 - settle picks up the SPA items
      ---
      duration_ms: 1005.228967
      type: 'test'
      ...
    # Subtest: dialog is reported and never answered
    ok 9 - dialog is reported and never answered
      ---
      duration_ms: 5446.449964
      type: 'test'
      ...
    # Subtest: covered target raises CoveredTargetError
    ok 10 - covered target raises CoveredTargetError
      ---
      duration_ms: 131.448219
      type: 'test'
      ...
    # Subtest: stale element raises StaleElementError
    ok 11 - stale element raises StaleElementError
      ---
      duration_ms: 116.483281
      type: 'test'
      ...
    # Subtest: detach leaves no residue and never closes the browser
    ok 12 - detach leaves no residue and never closes the browser
      ---
      duration_ms: 122.057081
      type: 'test'
      ...
    1..12
ok 2 - playwright
  ---
  duration_ms: 10332.173432
  type: 'suite'
  ...
# Subtest: cdp
    # Subtest: click writes the expected log text
    ok 1 - click writes the expected log text
      ---
      duration_ms: 136.819632
      type: 'test'
      ...
    # Subtest: fill sets the value
    ok 2 - fill sets the value
      ---
      duration_ms: 105.39096
      type: 'test'
      ...
    # Subtest: select sets the value on big-select.html option v290
    ok 3 - select sets the value on big-select.html option v290
      ---
      duration_ms: 96.845364
      type: 'test'
      ...
    # Subtest: check and uncheck toggle the styled checkbox through its label
    ok 4 - check and uncheck toggle the styled checkbox through its label
      ---
      duration_ms: 133.841847
      type: 'test'
      ...
    # Subtest: press Enter submits form.html
    ok 5 - press Enter submits form.html
      ---
      duration_ms: 104.750164
      type: 'test'
      ...
    # Subtest: scroll moves many.html down
    ok 6 - scroll moves many.html down
      ---
      duration_ms: 320.827624
      type: 'test'
      ...
    # Subtest: settle waits out delayed navigation within 3000 ms
    ok 7 - settle waits out delayed navigation within 3000 ms
      ---
      duration_ms: 1212.129381
      type: 'test'
      ...
    # Subtest: settle picks up the SPA items
    ok 8 - settle picks up the SPA items
      ---
      duration_ms: 931.501413
      type: 'test'
      ...
    # Subtest: dialog is reported and never answered
    ok 9 - dialog is reported and never answered
      ---
      duration_ms: 15353.436562
      type: 'test'
      ...
    # Subtest: covered target raises CoveredTargetError
    ok 10 - covered target raises CoveredTargetError
      ---
      duration_ms: 3145.739973
      type: 'test'
      ...
    # Subtest: stale element raises StaleElementError
    ok 11 - stale element raises StaleElementError
      ---
      duration_ms: 342.092652
      type: 'test'
      ...
    # Subtest: detach leaves no residue and never closes the browser
    ok 12 - detach leaves no residue and never closes the browser
      ---
      duration_ms: 84.952948
      type: 'test'
      ...
    1..12
ok 3 - cdp
  ---
  duration_ms: 22514.780246
  type: 'suite'
  ...
1..3
# tests 28
# suites 3
# pass 28
# fail 0
# cancelled 0
# skipped 0
# todo 0
# duration_ms 35417.299316
RUN-TESTS: files=1 tests=28 pass=28 fail=0
RUN-TESTS: chrome sweep (post-run): 0 matching chromes
