TAP version 13
# Subtest: leaks a token-tagged chrome on purpose (the runner sweep is the guarantee)
ok 1 - leaks a token-tagged chrome on purpose (the runner sweep is the guarantee)
  ---
  duration_ms: 293.008483
  type: 'test'
  ...
1..1
# tests 1
# suites 0
# pass 1
# fail 0
# cancelled 0
# skipped 0
# todo 0
# duration_ms 366.6024
RUN-TESTS: files=1 tests=1 pass=1 fail=0
RUN-TESTS: chrome sweep (post-run): kill pid=8812
RUN-TESTS: chrome sweep (post-run): kill pid=8822
RUN-TESTS: chrome sweep (post-run): kill pid=8823
RUN-TESTS: chrome sweep (post-run): kill pid=8825
RUN-TESTS: chrome sweep (post-run): kill pid=8846
RUN-TESTS: chrome sweep (post-run): kill pid=8859
RUN-TESTS: chrome sweep (post-run): kill pid=8860
RUN-TESTS: chrome sweep (post-run): kill pid=8890
RUN-TESTS: chrome sweep (post-run): kill pid=8892
RUN-TESTS: chrome sweep (post-run): 9 leaked chrome process(es) killed (run token 76d3034a)
