TAP version 13
# Subtest: cross-adapter
    # Subtest: element table for form.html is identical across adapters
    ok 1 - element table for form.html is identical across adapters
      ---
      duration_ms: 841.83128
      type: 'test'
      ...
    # Subtest: element table for styled-controls.html is identical across adapters
    ok 2 - element table for styled-controls.html is identical across adapters
      ---
      duration_ms: 415.540401
      type: 'test'
      ...
    # Subtest: element table for big-select.html is identical across adapters
    ok 3 - element table for big-select.html is identical across adapters
      ---
      duration_ms: 423.054444
      type: 'test'
      ...
    # Subtest: element table for many.html is identical across adapters
    ok 4 - element table for many.html is identical across adapters
      ---
      duration_ms: 580.790957
      type: 'test'
      ...
    1..4
ok 1 - cross-adapter
  ---
  duration_ms: 3209.162304
  type: 'suite'
  ...
# Subtest: playwright
    # Subtest: click writes the expected log text
    ok 1 - click writes the expected log text
      ---
      duration_ms: 478.70924
      type: 'test'
      ...
    # Subtest: fill sets the value
    ok 2 - fill sets the value
      ---
      duration_ms: 360.866983
      type: 'test'
      ...
    # Subtest: select sets the value on big-select.html option v290
    ok 3 - select sets the value on big-select.html option v290
      ---
      duration_ms: 377.212393
      type: 'test'
      ...
    # Subtest: check and uncheck toggle the styled checkbox through its label
    ok 4 - check and uncheck toggle the styled checkbox through its label
      ---
      duration_ms: 507.300473
      type: 'test'
      ...
    # Subtest: press Enter submits form.html
    ok 5 - press Enter submits form.html
      ---
      duration_ms: 294.744605
      type: 'test'
      ...
    # Subtest: scroll moves many.html down
    ok 6 - scroll moves many.html down
      ---
      duration_ms: 553.898662
      type: 'test'
      ...
    # Subtest: settle waits out delayed navigation within 3000 ms
    ok 7 - settle waits out delayed navigation within 3000 ms
      ---
      duration_ms: 1442.165472
      type: 'test'
      ...
    # Subtest: settle picks up the SPA items
    ok 8 - settle picks up the SPA items
      ---
      duration_ms: 1127.36085
      type: 'test'
      ...
    # Subtest: dialog is reported and never answered
    ok 9 - dialog is reported and never answered
      ---
      duration_ms: 5526.138138
      type: 'test'
      ...
    # Subtest: covered target raises CoveredTargetError
    ok 10 - covered target raises CoveredTargetError
      ---
      duration_ms: 189.449182
      type: 'test'
      ...
    # Subtest: stale element raises StaleElementError
    ok 11 - stale element raises StaleElementError
      ---
      duration_ms: 230.475035
      type: 'test'
      ...
    # Subtest: detach leaves no residue and never closes the browser
    ok 12 - detach leaves no residue and never closes the browser
      ---
      duration_ms: 214.767309
      type: 'test'
      ...
    1..12
ok 2 - playwright
  ---
  duration_ms: 12035.195709
  type: 'suite'
  ...
# Subtest: cdp
    # Subtest: click writes the expected log text
    ok 1 - click writes the expected log text
      ---
      duration_ms: 241.125812
      type: 'test'
      ...
    # Subtest: fill sets the value
    ok 2 - fill sets the value
      ---
      duration_ms: 195.948169
      type: 'test'
      ...
    # Subtest: select sets the value on big-select.html option v290
    ok 3 - select sets the value on big-select.html option v290
      ---
      duration_ms: 189.568749
      type: 'test'
      ...
    # Subtest: check and uncheck toggle the styled checkbox through its label
    ok 4 - check and uncheck toggle the styled checkbox through its label
      ---
      duration_ms: 228.606542
      type: 'test'
      ...
    # Subtest: press Enter submits form.html
    ok 5 - press Enter submits form.html
      ---
      duration_ms: 182.824585
      type: 'test'
      ...
    # Subtest: scroll moves many.html down
    ok 6 - scroll moves many.html down
      ---
      duration_ms: 436.748201
      type: 'test'
      ...
    # Subtest: settle waits out delayed navigation within 3000 ms
    ok 7 - settle waits out delayed navigation within 3000 ms
      ---
      duration_ms: 1284.185772
      type: 'test'
      ...
    # Subtest: settle picks up the SPA items
    ok 8 - settle picks up the SPA items
      ---
      duration_ms: 957.853449
      type: 'test'
      ...
    # Subtest: dialog is reported and never answered
    ok 9 - dialog is reported and never answered
      ---
      duration_ms: 15406.0162
      type: 'test'
      ...
    # Subtest: covered target raises CoveredTargetError
    ok 10 - covered target raises CoveredTargetError
      ---
      duration_ms: 3219.501412
      type: 'test'
      ...
    # Subtest: stale element raises StaleElementError
    ok 11 - stale element raises StaleElementError
      ---
      duration_ms: 157.367031
      type: 'test'
      ...
    # Subtest: detach leaves no residue and never closes the browser
    ok 12 - detach leaves no residue and never closes the browser
      ---
      duration_ms: 150.601836
      type: 'test'
      ...
    1..12
ok 3 - cdp
  ---
  duration_ms: 23407.904178
  type: 'suite'
  ...
1..3
# tests 28
# suites 3
# pass 28
# fail 0
# cancelled 0
# skipped 0
# todo 0
# duration_ms 39511.033451
RUN-TESTS: files=1 tests=28 pass=28 fail=0
RUN-TESTS: chrome sweep (post-run): 0 matching chromes
