TAP version 13
# Subtest: leaks a token-tagged chrome on purpose (the runner sweep is the guarantee)
ok 1 - leaks a token-tagged chrome on purpose (the runner sweep is the guarantee)
  ---
  duration_ms: 446.550269
  type: 'test'
  ...
1..1
# tests 1
# suites 0
# pass 1
# fail 0
# cancelled 0
# skipped 0
# todo 0
# duration_ms 569.439476
RUN-TESTS: files=1 tests=1 pass=1 fail=0
RUN-TESTS: chrome sweep (post-run): kill pid=9813
RUN-TESTS: chrome sweep (post-run): kill pid=9823
RUN-TESTS: chrome sweep (post-run): kill pid=9824
RUN-TESTS: chrome sweep (post-run): kill pid=9826
RUN-TESTS: chrome sweep (post-run): kill pid=9848
RUN-TESTS: chrome sweep (post-run): kill pid=9861
RUN-TESTS: chrome sweep (post-run): kill pid=9862
RUN-TESTS: chrome sweep (post-run): kill pid=9892
RUN-TESTS: chrome sweep (post-run): kill pid=9893
RUN-TESTS: chrome sweep (post-run): 9 leaked chrome process(es) killed (run token 8323d043)
