TAP version 13
# Subtest: binding values never reach ask, even when the page echoes them
ok 1 - binding values never reach ask, even when the page echoes them
  ---
  type: 'test'
  ...
# Subtest: query strings and fragments never reach ask
ok 2 - query strings and fragments never reach ask
  ---
  type: 'test'
  ...
# Subtest: a sensitive host falls back before any ask
ok 3 - a sensitive host falls back before any ask
  ---
  type: 'test'
  ...
# Subtest: a password field falls back before any ask
ok 4 - a password field falls back before any ask
  ---
  type: 'test'
  ...
# Subtest: an irreversible heuristic returns needs_confirmation and never acts
ok 5 - an irreversible heuristic returns needs_confirmation and never acts
  ---
  type: 'test'
  ...
# Subtest: an irreversible noul returns needs_confirmation and never acts
ok 6 - an irreversible noul returns needs_confirmation and never acts
  ---
  type: 'test'
  ...
# Subtest: a confirm token executes exactly the pending action once
ok 7 - a confirm token executes exactly the pending action once
  ---
  type: 'test'
  ...
# Subtest: a reused confirm token is confirm-token-invalid
ok 8 - a reused confirm token is confirm-token-invalid
  ---
  type: 'test'
  ...
# Subtest: a token on a different URL is confirm-token-invalid
ok 9 - a token on a different URL is confirm-token-invalid
  ---
  type: 'test'
  ...
# Subtest: an open dialog returns blocked dialog-open and never acts
ok 10 - an open dialog returns blocked dialog-open and never acts
  ---
  type: 'test'
  ...
# Subtest: shadow never acts and logs the would-be verb and role
ok 11 - shadow never acts and logs the would-be verb and role
  ---
  type: 'test'
  ...
# Subtest: a confirm token in shadow mode is never executed
ok 12 - a confirm token in shadow mode is never executed
  ---
  type: 'test'
  ...
# Subtest: lock-held refuses before attaching
ok 13 - lock-held refuses before attaching
  ---
  type: 'test'
  ...
# Subtest: one log record per call with no path, title, label, value or page text
ok 14 - one log record per call with no path, title, label, value or page text
  ---
  type: 'test'
  ...
# Subtest: result labels are redacted and at most 80 chars
ok 15 - result labels are redacted and at most 80 chars
  ---
  type: 'test'
  ...
# Subtest: an option request redacts option labels and carries the chosen binding name
ok 16 - an option request redacts option labels and carries the chosen binding name
  ---
  type: 'test'
  ...
# Subtest: an out-of-set option choice is no-value, never an act with an undefined value
ok 17 - an out-of-set option choice is no-value, never an act with an undefined value
  ---
  type: 'test'
  ...
# Subtest: last_action label is redacted and at most 80 chars
ok 18 - last_action label is redacted and at most 80 chars
  ---
  type: 'test'
  ...
# Subtest: detach runs even when the loop throws
ok 19 - detach runs even when the loop throws
  ---
  type: 'test'
  ...
1..19
# tests 19
# suites 0
# pass 19
# fail 0
# cancelled 0
# skipped 0
# todo 0
RUN-TESTS: files=1 tests=19 pass=19 fail=0
RUN-TESTS: chrome sweep (post-run): 0 matching chromes
