TAP version 13
# Subtest: cross-adapter
    # Subtest: element table for form.html is identical across adapters
    ok 1 - element table for form.html is identical across adapters
      ---
      type: 'test'
      ...
    # Subtest: element table for styled-controls.html is identical across adapters
    ok 2 - element table for styled-controls.html is identical across adapters
      ---
      type: 'test'
      ...
    # Subtest: element table for big-select.html is identical across adapters
    ok 3 - element table for big-select.html is identical across adapters
      ---
      type: 'test'
      ...
    # Subtest: element table for many.html is identical across adapters
    ok 4 - element table for many.html is identical across adapters
      ---
      type: 'test'
      ...
    1..4
ok 1 - cross-adapter
  ---
  type: 'suite'
  ...
# Subtest: playwright
    # Subtest: click writes the expected log text
    ok 1 - click writes the expected log text
      ---
      type: 'test'
      ...
    # Subtest: fill sets the value
    ok 2 - fill sets the value
      ---
      type: 'test'
      ...
    # Subtest: select sets the value on big-select.html option v290
    ok 3 - select sets the value on big-select.html option v290
      ---
      type: 'test'
      ...
    # Subtest: check and uncheck toggle the styled checkbox through its label
    ok 4 - check and uncheck toggle the styled checkbox through its label
      ---
      type: 'test'
      ...
    # Subtest: press Enter submits form.html
    ok 5 - press Enter submits form.html
      ---
      type: 'test'
      ...
    # Subtest: scroll moves many.html down
    ok 6 - scroll moves many.html down
      ---
      type: 'test'
      ...
    # Subtest: settle waits out delayed navigation within 3000 ms
    ok 7 - settle waits out delayed navigation within 3000 ms
      ---
      type: 'test'
      ...
    # Subtest: settle picks up the SPA items
    ok 8 - settle picks up the SPA items
      ---
      type: 'test'
      ...
    # Subtest: dialog is reported and never answered
    ok 9 - dialog is reported and never answered
      ---
      type: 'test'
      ...
    # Subtest: covered target raises CoveredTargetError
    ok 10 - covered target raises CoveredTargetError
      ---
      type: 'test'
      ...
    # Subtest: stale element raises StaleElementError
    ok 11 - stale element raises StaleElementError
      ---
      type: 'test'
      ...
    # Subtest: detach leaves no residue and never closes the browser
    ok 12 - detach leaves no residue and never closes the browser
      ---
      type: 'test'
      ...
    1..12
ok 2 - playwright
  ---
  type: 'suite'
  ...
# Subtest: cdp
    # Subtest: click writes the expected log text
    ok 1 - click writes the expected log text
      ---
      type: 'test'
      ...
    # Subtest: fill sets the value
    ok 2 - fill sets the value
      ---
      type: 'test'
      ...
    # Subtest: select sets the value on big-select.html option v290
    ok 3 - select sets the value on big-select.html option v290
      ---
      type: 'test'
      ...
    # Subtest: check and uncheck toggle the styled checkbox through its label
    ok 4 - check and uncheck toggle the styled checkbox through its label
      ---
      type: 'test'
      ...
    # Subtest: press Enter submits form.html
    ok 5 - press Enter submits form.html
      ---
      type: 'test'
      ...
    # Subtest: scroll moves many.html down
    ok 6 - scroll moves many.html down
      ---
      type: 'test'
      ...
    # Subtest: settle waits out delayed navigation within 3000 ms
    ok 7 - settle waits out delayed navigation within 3000 ms
      ---
      type: 'test'
      ...
    # Subtest: settle picks up the SPA items
    ok 8 - settle picks up the SPA items
      ---
      type: 'test'
      ...
    # Subtest: dialog is reported and never answered
    ok 9 - dialog is reported and never answered
      ---
      type: 'test'
      ...
    # Subtest: covered target raises CoveredTargetError
    ok 10 - covered target raises CoveredTargetError
      ---
      type: 'test'
      ...
    # Subtest: stale element raises StaleElementError
    ok 11 - stale element raises StaleElementError
      ---
      type: 'test'
      ...
    # Subtest: detach leaves no residue and never closes the browser
    ok 12 - detach leaves no residue and never closes the browser
      ---
      type: 'test'
      ...
    1..12
ok 3 - cdp
  ---
  type: 'suite'
  ...
1..3
# tests 28
# suites 3
# pass 28
# fail 0
# cancelled 0
# skipped 0
# todo 0
RUN-TESTS: files=1 tests=28 pass=28 fail=0
RUN-TESTS: chrome sweep (post-run): 0 matching chromes
